<?xml version="1.0" encoding="ISO-8859-1" ?>
<link_info>
   <banner>MSP430 Linker Unix v21.6.1.LTS</banner>
   <copyright>Copyright (c) 2003-2018 Texas Instruments Incorporated</copyright>
   <link_time>0x63c2a56b</link_time>
   <link_errors>0x0</link_errors>
   <output_file>board_test.out</output_file>
   <entry_point>
      <name>_c_int00_noargs_mpu</name>
      <address>0x4976</address>
   </entry_point>
   <input_file_list>
      <input_file id="fl-2">
         <path>./</path>
         <kind>object</kind>
         <file>MicroTP.obj</file>
         <name>MicroTP.obj</name>
      </input_file>
      <input_file id="fl-3">
         <path>./</path>
         <kind>object</kind>
         <file>irlap_primary.obj</file>
         <name>irlap_primary.obj</name>
      </input_file>
      <input_file id="fl-4">
         <path>./</path>
         <kind>object</kind>
         <file>irlap_secondary.obj</file>
         <name>irlap_secondary.obj</name>
      </input_file>
      <input_file id="fl-5">
         <path>./</path>
         <kind>object</kind>
         <file>irphy.obj</file>
         <name>irphy.obj</name>
      </input_file>
      <input_file id="fl-6">
         <path>./</path>
         <kind>object</kind>
         <file>main.obj</file>
         <name>main.obj</name>
      </input_file>
      <input_file id="fl-d">
         <kind>object</kind>
         <file>&lt;internal&gt;</file>
         <name>&lt;internal&gt;</name>
      </input_file>
      <input_file id="fl-2d">
         <path>/opt/ccs/ccs1210/ccs/tools/compiler/ti-cgt-msp430_21.6.1.LTS/lib/</path>
         <kind>archive</kind>
         <file>rts430x_lc_rd_eabi.lib</file>
         <name>typeinfo.c.obj</name>
      </input_file>
      <input_file id="fl-2e">
         <path>/opt/ccs/ccs1210/ccs/tools/compiler/ti-cgt-msp430_21.6.1.LTS/lib/</path>
         <kind>archive</kind>
         <file>rts430x_lc_rd_eabi.lib</file>
         <name>stdlib_typeinfo.cpp.obj</name>
      </input_file>
      <input_file id="fl-2f">
         <path>/opt/ccs/ccs1210/ccs/tools/compiler/ti-cgt-msp430_21.6.1.LTS/lib/</path>
         <kind>archive</kind>
         <file>rts430x_lc_rd_eabi.lib</file>
         <name>stdlib_exception.cpp.obj</name>
      </input_file>
      <input_file id="fl-30">
         <path>/opt/ccs/ccs1210/ccs/tools/compiler/ti-cgt-msp430_21.6.1.LTS/lib/</path>
         <kind>archive</kind>
         <file>rts430x_lc_rd_eabi.lib</file>
         <name>new.cpp.obj</name>
      </input_file>
      <input_file id="fl-31">
         <path>/opt/ccs/ccs1210/ccs/tools/compiler/ti-cgt-msp430_21.6.1.LTS/lib/</path>
         <kind>archive</kind>
         <file>rts430x_lc_rd_eabi.lib</file>
         <name>copy_decompress_lzss.c.obj</name>
      </input_file>
      <input_file id="fl-32">
         <path>/opt/ccs/ccs1210/ccs/tools/compiler/ti-cgt-msp430_21.6.1.LTS/lib/</path>
         <kind>archive</kind>
         <file>rts430x_lc_rd_eabi.lib</file>
         <name>copy_decompress_none.c.obj</name>
      </input_file>
      <input_file id="fl-33">
         <path>/opt/ccs/ccs1210/ccs/tools/compiler/ti-cgt-msp430_21.6.1.LTS/lib/</path>
         <kind>archive</kind>
         <file>rts430x_lc_rd_eabi.lib</file>
         <name>int30.asm.obj</name>
      </input_file>
      <input_file id="fl-34">
         <path>/opt/ccs/ccs1210/ccs/tools/compiler/ti-cgt-msp430_21.6.1.LTS/lib/</path>
         <kind>archive</kind>
         <file>rts430x_lc_rd_eabi.lib</file>
         <name>isr_trap.asm.obj</name>
      </input_file>
      <input_file id="fl-35">
         <path>/opt/ccs/ccs1210/ccs/tools/compiler/ti-cgt-msp430_21.6.1.LTS/lib/</path>
         <kind>archive</kind>
         <file>rts430x_lc_rd_eabi.lib</file>
         <name>int31.asm.obj</name>
      </input_file>
      <input_file id="fl-36">
         <path>/opt/ccs/ccs1210/ccs/tools/compiler/ti-cgt-msp430_21.6.1.LTS/lib/</path>
         <kind>archive</kind>
         <file>rts430x_lc_rd_eabi.lib</file>
         <name>int32.asm.obj</name>
      </input_file>
      <input_file id="fl-37">
         <path>/opt/ccs/ccs1210/ccs/tools/compiler/ti-cgt-msp430_21.6.1.LTS/lib/</path>
         <kind>archive</kind>
         <file>rts430x_lc_rd_eabi.lib</file>
         <name>int33.asm.obj</name>
      </input_file>
      <input_file id="fl-38">
         <path>/opt/ccs/ccs1210/ccs/tools/compiler/ti-cgt-msp430_21.6.1.LTS/lib/</path>
         <kind>archive</kind>
         <file>rts430x_lc_rd_eabi.lib</file>
         <name>int34.asm.obj</name>
      </input_file>
      <input_file id="fl-39">
         <path>/opt/ccs/ccs1210/ccs/tools/compiler/ti-cgt-msp430_21.6.1.LTS/lib/</path>
         <kind>archive</kind>
         <file>rts430x_lc_rd_eabi.lib</file>
         <name>int35.asm.obj</name>
      </input_file>
      <input_file id="fl-3a">
         <path>/opt/ccs/ccs1210/ccs/tools/compiler/ti-cgt-msp430_21.6.1.LTS/lib/</path>
         <kind>archive</kind>
         <file>rts430x_lc_rd_eabi.lib</file>
         <name>int36.asm.obj</name>
      </input_file>
      <input_file id="fl-3b">
         <path>/opt/ccs/ccs1210/ccs/tools/compiler/ti-cgt-msp430_21.6.1.LTS/lib/</path>
         <kind>archive</kind>
         <file>rts430x_lc_rd_eabi.lib</file>
         <name>int37.asm.obj</name>
      </input_file>
      <input_file id="fl-3c">
         <path>/opt/ccs/ccs1210/ccs/tools/compiler/ti-cgt-msp430_21.6.1.LTS/lib/</path>
         <kind>archive</kind>
         <file>rts430x_lc_rd_eabi.lib</file>
         <name>int38.asm.obj</name>
      </input_file>
      <input_file id="fl-3d">
         <path>/opt/ccs/ccs1210/ccs/tools/compiler/ti-cgt-msp430_21.6.1.LTS/lib/</path>
         <kind>archive</kind>
         <file>rts430x_lc_rd_eabi.lib</file>
         <name>int39.asm.obj</name>
      </input_file>
      <input_file id="fl-3e">
         <path>/opt/ccs/ccs1210/ccs/tools/compiler/ti-cgt-msp430_21.6.1.LTS/lib/</path>
         <kind>archive</kind>
         <file>rts430x_lc_rd_eabi.lib</file>
         <name>int40.asm.obj</name>
      </input_file>
      <input_file id="fl-3f">
         <path>/opt/ccs/ccs1210/ccs/tools/compiler/ti-cgt-msp430_21.6.1.LTS/lib/</path>
         <kind>archive</kind>
         <file>rts430x_lc_rd_eabi.lib</file>
         <name>int41.asm.obj</name>
      </input_file>
      <input_file id="fl-40">
         <path>/opt/ccs/ccs1210/ccs/tools/compiler/ti-cgt-msp430_21.6.1.LTS/lib/</path>
         <kind>archive</kind>
         <file>rts430x_lc_rd_eabi.lib</file>
         <name>int42.asm.obj</name>
      </input_file>
      <input_file id="fl-41">
         <path>/opt/ccs/ccs1210/ccs/tools/compiler/ti-cgt-msp430_21.6.1.LTS/lib/</path>
         <kind>archive</kind>
         <file>rts430x_lc_rd_eabi.lib</file>
         <name>int45.asm.obj</name>
      </input_file>
      <input_file id="fl-42">
         <path>/opt/ccs/ccs1210/ccs/tools/compiler/ti-cgt-msp430_21.6.1.LTS/lib/</path>
         <kind>archive</kind>
         <file>rts430x_lc_rd_eabi.lib</file>
         <name>int47.asm.obj</name>
      </input_file>
      <input_file id="fl-43">
         <path>/opt/ccs/ccs1210/ccs/tools/compiler/ti-cgt-msp430_21.6.1.LTS/lib/</path>
         <kind>archive</kind>
         <file>rts430x_lc_rd_eabi.lib</file>
         <name>int48.asm.obj</name>
      </input_file>
      <input_file id="fl-44">
         <path>/opt/ccs/ccs1210/ccs/tools/compiler/ti-cgt-msp430_21.6.1.LTS/lib/</path>
         <kind>archive</kind>
         <file>rts430x_lc_rd_eabi.lib</file>
         <name>int49.asm.obj</name>
      </input_file>
      <input_file id="fl-45">
         <path>/opt/ccs/ccs1210/ccs/tools/compiler/ti-cgt-msp430_21.6.1.LTS/lib/</path>
         <kind>archive</kind>
         <file>rts430x_lc_rd_eabi.lib</file>
         <name>int50.asm.obj</name>
      </input_file>
      <input_file id="fl-46">
         <path>/opt/ccs/ccs1210/ccs/tools/compiler/ti-cgt-msp430_21.6.1.LTS/lib/</path>
         <kind>archive</kind>
         <file>rts430x_lc_rd_eabi.lib</file>
         <name>int51.asm.obj</name>
      </input_file>
      <input_file id="fl-47">
         <path>/opt/ccs/ccs1210/ccs/tools/compiler/ti-cgt-msp430_21.6.1.LTS/lib/</path>
         <kind>archive</kind>
         <file>rts430x_lc_rd_eabi.lib</file>
         <name>int52.asm.obj</name>
      </input_file>
      <input_file id="fl-48">
         <path>/opt/ccs/ccs1210/ccs/tools/compiler/ti-cgt-msp430_21.6.1.LTS/lib/</path>
         <kind>archive</kind>
         <file>rts430x_lc_rd_eabi.lib</file>
         <name>int53.asm.obj</name>
      </input_file>
      <input_file id="fl-49">
         <path>/opt/ccs/ccs1210/ccs/tools/compiler/ti-cgt-msp430_21.6.1.LTS/lib/</path>
         <kind>archive</kind>
         <file>rts430x_lc_rd_eabi.lib</file>
         <name>int54.asm.obj</name>
      </input_file>
      <input_file id="fl-4a">
         <path>/opt/ccs/ccs1210/ccs/tools/compiler/ti-cgt-msp430_21.6.1.LTS/lib/</path>
         <kind>archive</kind>
         <file>rts430x_lc_rd_eabi.lib</file>
         <name>copy_zero_init.c.obj</name>
      </input_file>
      <input_file id="fl-4b">
         <path>/opt/ccs/ccs1210/ccs/tools/compiler/ti-cgt-msp430_21.6.1.LTS/lib/</path>
         <kind>archive</kind>
         <file>rts430x_lc_rd_eabi.lib</file>
         <name>dtor_list.c.obj</name>
      </input_file>
      <input_file id="fl-4c">
         <path>/opt/ccs/ccs1210/ccs/tools/compiler/ti-cgt-msp430_21.6.1.LTS/lib/</path>
         <kind>archive</kind>
         <file>rts430x_lc_rd_eabi.lib</file>
         <name>exit_gvars.c.obj</name>
      </input_file>
      <input_file id="fl-4d">
         <path>/opt/ccs/ccs1210/ccs/tools/compiler/ti-cgt-msp430_21.6.1.LTS/lib/</path>
         <kind>archive</kind>
         <file>rts430x_lc_rd_eabi.lib</file>
         <name>pure_virt.c.obj</name>
      </input_file>
      <input_file id="fl-4e">
         <path>/opt/ccs/ccs1210/ccs/tools/compiler/ti-cgt-msp430_21.6.1.LTS/lib/</path>
         <kind>archive</kind>
         <file>rts430x_lc_rd_eabi.lib</file>
         <name>error.c.obj</name>
      </input_file>
      <input_file id="fl-4f">
         <path>/opt/ccs/ccs1210/ccs/tools/compiler/ti-cgt-msp430_21.6.1.LTS/lib/</path>
         <kind>archive</kind>
         <file>rts430x_lc_rd_eabi.lib</file>
         <name>mult16_f5hw.asm.obj</name>
      </input_file>
      <input_file id="fl-50">
         <path>/opt/ccs/ccs1210/ccs/tools/compiler/ti-cgt-msp430_21.6.1.LTS/lib/</path>
         <kind>archive</kind>
         <file>rts430x_lc_rd_eabi.lib</file>
         <name>mult32_f5hw.asm.obj</name>
      </input_file>
      <input_file id="fl-51">
         <path>/opt/ccs/ccs1210/ccs/tools/compiler/ti-cgt-msp430_21.6.1.LTS/lib/</path>
         <kind>archive</kind>
         <file>rts430x_lc_rd_eabi.lib</file>
         <name>mult64_f5hw.asm.obj</name>
      </input_file>
      <input_file id="fl-52">
         <path>/opt/ccs/ccs1210/ccs/tools/compiler/ti-cgt-msp430_21.6.1.LTS/lib/</path>
         <kind>archive</kind>
         <file>rts430x_lc_rd_eabi.lib</file>
         <name>mult1632_f5hw.asm.obj</name>
      </input_file>
      <input_file id="fl-53">
         <path>/opt/ccs/ccs1210/ccs/tools/compiler/ti-cgt-msp430_21.6.1.LTS/lib/</path>
         <kind>archive</kind>
         <file>rts430x_lc_rd_eabi.lib</file>
         <name>mult3264_f5hw.asm.obj</name>
      </input_file>
      <input_file id="fl-54">
         <path>/opt/ccs/ccs1210/ccs/tools/compiler/ti-cgt-msp430_21.6.1.LTS/lib/</path>
         <kind>archive</kind>
         <file>rts430x_lc_rd_eabi.lib</file>
         <name>div16u.asm.obj</name>
      </input_file>
      <input_file id="fl-55">
         <path>/opt/ccs/ccs1210/ccs/tools/compiler/ti-cgt-msp430_21.6.1.LTS/lib/</path>
         <kind>archive</kind>
         <file>rts430x_lc_rd_eabi.lib</file>
         <name>boot.c.obj</name>
      </input_file>
      <input_file id="fl-56">
         <path>/opt/ccs/ccs1210/ccs/ccs_base/msp430/lib/FR59xx/</path>
         <kind>archive</kind>
         <file>MSPMPU_INIT_LIB_CCS_msp430_large_code_restricted_data.lib</file>
         <name>mpu_init.o</name>
      </input_file>
      <input_file id="fl-57">
         <path>/opt/ccs/ccs1210/ccs/tools/compiler/ti-cgt-msp430_21.6.1.LTS/lib/</path>
         <kind>archive</kind>
         <file>rts430x_lc_rd_eabi.lib</file>
         <name>args_main.c.obj</name>
      </input_file>
      <input_file id="fl-58">
         <path>/opt/ccs/ccs1210/ccs/tools/compiler/ti-cgt-msp430_21.6.1.LTS/lib/</path>
         <kind>archive</kind>
         <file>rts430x_lc_rd_eabi.lib</file>
         <name>autoinit.c.obj</name>
      </input_file>
      <input_file id="fl-59">
         <path>/opt/ccs/ccs1210/ccs/tools/compiler/ti-cgt-msp430_21.6.1.LTS/lib/</path>
         <kind>archive</kind>
         <file>rts430x_lc_rd_eabi.lib</file>
         <name>_lock.c.obj</name>
      </input_file>
      <input_file id="fl-5a">
         <path>/opt/ccs/ccs1210/ccs/tools/compiler/ti-cgt-msp430_21.6.1.LTS/lib/</path>
         <kind>archive</kind>
         <file>rts430x_lc_rd_eabi.lib</file>
         <name>startup.c.obj</name>
      </input_file>
      <input_file id="fl-5b">
         <path>/opt/ccs/ccs1210/ccs/tools/compiler/ti-cgt-msp430_21.6.1.LTS/lib/</path>
         <kind>archive</kind>
         <file>rts430x_lc_rd_eabi.lib</file>
         <name>pre_init.c.obj</name>
      </input_file>
      <input_file id="fl-5c">
         <path>/opt/ccs/ccs1210/ccs/tools/compiler/ti-cgt-msp430_21.6.1.LTS/lib/</path>
         <kind>archive</kind>
         <file>rts430x_lc_rd_eabi.lib</file>
         <name>exit.c.obj</name>
      </input_file>
      <input_file id="fl-5d">
         <path>/opt/ccs/ccs1210/ccs/tools/compiler/ti-cgt-msp430_21.6.1.LTS/lib/</path>
         <kind>archive</kind>
         <file>rts430x_lc_rd_eabi.lib</file>
         <name>cpy_tbl.c.obj</name>
      </input_file>
      <input_file id="fl-5e">
         <path>/opt/ccs/ccs1210/ccs/tools/compiler/ti-cgt-msp430_21.6.1.LTS/lib/</path>
         <kind>archive</kind>
         <file>rts430x_lc_rd_eabi.lib</file>
         <name>mult16.asm.obj</name>
      </input_file>
      <input_file id="fl-5f">
         <path>/opt/ccs/ccs1210/ccs/tools/compiler/ti-cgt-msp430_21.6.1.LTS/lib/</path>
         <kind>archive</kind>
         <file>rts430x_lc_rd_eabi.lib</file>
         <name>memory.c.obj</name>
      </input_file>
      <input_file id="fl-60">
         <path>/opt/ccs/ccs1210/ccs/tools/compiler/ti-cgt-msp430_21.6.1.LTS/lib/</path>
         <kind>archive</kind>
         <file>rts430x_lc_rd_eabi.lib</file>
         <name>memcpy.c.obj</name>
      </input_file>
      <input_file id="fl-61">
         <path>/opt/ccs/ccs1210/ccs/tools/compiler/ti-cgt-msp430_21.6.1.LTS/lib/</path>
         <kind>archive</kind>
         <file>rts430x_lc_rd_eabi.lib</file>
         <name>memset.c.obj</name>
      </input_file>
      <input_file id="fl-62">
         <path>/opt/ccs/ccs1210/ccs/tools/compiler/ti-cgt-msp430_21.6.1.LTS/lib/</path>
         <kind>archive</kind>
         <file>rts430x_lc_rd_eabi.lib</file>
         <name>strlen.c.obj</name>
      </input_file>
   </input_file_list>
   <object_component_list>
      <object_component id="oc-3b6">
         <name>.sysmem</name>
         <uninitialized>true</uninitialized>
         <run_address>0x4400</run_address>
         <size>0x8</size>
         <input_file_ref idref="fl-5f"/>
      </object_component>
      <object_component id="oc-86c">
         <name>.sysmem</name>
         <uninitialized>true</uninitialized>
         <run_address>0x4400</run_address>
         <size>0x0</size>
      </object_component>
      <object_component id="oc-869">
         <name>.cinit..data.load</name>
         <load_address>0x4cee</load_address>
         <run_address>0x4cee</run_address>
         <size>0x11</size>
      </object_component>
      <object_component id="oc-866">
         <name>__TI_handler_table</name>
         <load_address>0x4d00</load_address>
         <run_address>0x4d00</run_address>
         <size>0xc</size>
      </object_component>
      <object_component id="oc-868">
         <name>.cinit..bss.load</name>
         <load_address>0x4d0c</load_address>
         <run_address>0x4d0c</run_address>
         <size>0x6</size>
      </object_component>
      <object_component id="oc-867">
         <name>__TI_cinit_table</name>
         <load_address>0x4d12</load_address>
         <run_address>0x4d12</run_address>
         <size>0x10</size>
      </object_component>
      <object_component id="oc-7f7">
         <name>.binit</name>
         <load_address>0x4400</load_address>
         <run_address>0x4400</run_address>
         <size>0x0</size>
      </object_component>
      <object_component id="oc-3b1">
         <name>.init_array</name>
         <load_address>0x499e</load_address>
         <run_address>0x499e</run_address>
         <size>0x4</size>
         <input_file_ref idref="fl-6"/>
      </object_component>
      <object_component id="oc-86a">
         <name>__TI_INITARRAY_Limit</name>
         <load_address>0x49a2</load_address>
         <run_address>0x49a2</run_address>
         <size>0x0</size>
      </object_component>
      <object_component id="oc-57c">
         <name>.const:.string:$P$T2$1</name>
         <load_address>0x49a2</load_address>
         <run_address>0x49a2</run_address>
         <size>0x100</size>
         <input_file_ref idref="fl-5"/>
      </object_component>
      <object_component id="oc-57d">
         <name>.const:.string:$P$T3$2</name>
         <load_address>0x4aa2</load_address>
         <run_address>0x4aa2</run_address>
         <size>0x64</size>
         <input_file_ref idref="fl-5"/>
      </object_component>
      <object_component id="oc-57e">
         <name>.const:.string:$P$T4$3</name>
         <load_address>0x4b06</load_address>
         <run_address>0x4b06</run_address>
         <size>0x64</size>
         <input_file_ref idref="fl-5"/>
      </object_component>
      <object_component id="oc-6d9">
         <name>.const:_ZTV15IrPHY_Interface</name>
         <load_address>0x4b6a</load_address>
         <run_address>0x4b6a</run_address>
         <size>0x2c</size>
         <input_file_ref idref="fl-5"/>
      </object_component>
      <object_component id="oc-577">
         <name>.const:_ZTV5IrPHY</name>
         <load_address>0x4b96</load_address>
         <run_address>0x4b96</run_address>
         <size>0x2c</size>
         <input_file_ref idref="fl-5"/>
      </object_component>
      <object_component id="oc-799">
         <name>.const:.typeinfo:_ZTSN10__cxxabiv120__si_class_type_infoE</name>
         <load_address>0x4bc2</load_address>
         <run_address>0x4bc2</run_address>
         <size>0x25</size>
         <input_file_ref idref="fl-2d"/>
      </object_component>
      <object_component id="oc-7c1">
         <name>.const:.typeinfo:_ZTSN10__cxxabiv117__class_type_infoE</name>
         <load_address>0x4be8</load_address>
         <run_address>0x4be8</run_address>
         <size>0x22</size>
         <input_file_ref idref="fl-2d"/>
      </object_component>
      <object_component id="oc-75c">
         <name>.const:.typeinfo:_ZTS15IrPHY_Interface</name>
         <load_address>0x4c0a</load_address>
         <run_address>0x4c0a</run_address>
         <size>0x12</size>
         <input_file_ref idref="fl-5"/>
      </object_component>
      <object_component id="oc-73b">
         <name>.const:.typeinfo:_ZTS13IrLAP_primary</name>
         <load_address>0x4c1c</load_address>
         <run_address>0x4c1c</run_address>
         <size>0x10</size>
         <input_file_ref idref="fl-2"/>
      </object_component>
      <object_component id="oc-736">
         <name>.const:_ZTVN10__cxxabiv117__class_type_infoE</name>
         <load_address>0x4c2c</load_address>
         <run_address>0x4c2c</run_address>
         <size>0x10</size>
         <input_file_ref idref="fl-2d"/>
      </object_component>
      <object_component id="oc-6c8">
         <name>.const:_ZTVN10__cxxabiv120__si_class_type_infoE</name>
         <load_address>0x4c3c</load_address>
         <run_address>0x4c3c</run_address>
         <size>0x10</size>
         <input_file_ref idref="fl-2d"/>
      </object_component>
      <object_component id="oc-511">
         <name>.const:.string:str</name>
         <load_address>0x4c4c</load_address>
         <run_address>0x4c4c</run_address>
         <size>0xd</size>
         <input_file_ref idref="fl-6"/>
      </object_component>
      <object_component id="oc-7dc">
         <name>.const:.typeinfo:_ZTSSt9type_info</name>
         <load_address>0x4c5a</load_address>
         <run_address>0x4c5a</run_address>
         <size>0xd</size>
         <input_file_ref idref="fl-2e"/>
      </object_component>
      <object_component id="oc-629">
         <name>.const:.typeinfo:_ZTI5IrPHY</name>
         <load_address>0x4c68</load_address>
         <run_address>0x4c68</run_address>
         <size>0xc</size>
         <input_file_ref idref="fl-5"/>
      </object_component>
      <object_component id="oc-615">
         <name>.const:.typeinfo:_ZTI7MicroTP</name>
         <load_address>0x4c74</load_address>
         <run_address>0x4c74</run_address>
         <size>0xc</size>
         <input_file_ref idref="fl-2"/>
      </object_component>
      <object_component id="oc-787">
         <name>.const:.typeinfo:_ZTIN10__cxxabiv117__class_type_infoE</name>
         <load_address>0x4c80</load_address>
         <run_address>0x4c80</run_address>
         <size>0xc</size>
         <input_file_ref idref="fl-2d"/>
      </object_component>
      <object_component id="oc-747">
         <name>.const:.typeinfo:_ZTIN10__cxxabiv120__si_class_type_infoE</name>
         <load_address>0x4c8c</load_address>
         <run_address>0x4c8c</run_address>
         <size>0xc</size>
         <input_file_ref idref="fl-2d"/>
      </object_component>
      <object_component id="oc-60a">
         <name>.const:_ZTV13IrLAP_primary</name>
         <load_address>0x4c98</load_address>
         <run_address>0x4c98</run_address>
         <size>0xc</size>
         <input_file_ref idref="fl-3"/>
      </object_component>
      <object_component id="oc-568">
         <name>.const:_ZTV7MicroTP</name>
         <load_address>0x4ca4</load_address>
         <run_address>0x4ca4</run_address>
         <size>0xc</size>
         <input_file_ref idref="fl-2"/>
      </object_component>
      <object_component id="oc-6cd">
         <name>.const:.typeinfo:_ZTS7MicroTP</name>
         <load_address>0x4cb0</load_address>
         <run_address>0x4cb0</run_address>
         <size>0x9</size>
         <input_file_ref idref="fl-2"/>
      </object_component>
      <object_component id="oc-6bd">
         <name>.const:.typeinfo:_ZTI13IrLAP_primary</name>
         <load_address>0x4cba</load_address>
         <run_address>0x4cba</run_address>
         <size>0x8</size>
         <input_file_ref idref="fl-2"/>
      </object_component>
      <object_component id="oc-6e3">
         <name>.const:.typeinfo:_ZTI15IrPHY_Interface</name>
         <load_address>0x4cc2</load_address>
         <run_address>0x4cc2</run_address>
         <size>0x8</size>
         <input_file_ref idref="fl-5"/>
      </object_component>
      <object_component id="oc-7c6">
         <name>.const:.typeinfo:_ZTISt9type_info</name>
         <load_address>0x4cca</load_address>
         <run_address>0x4cca</run_address>
         <size>0x8</size>
         <input_file_ref idref="fl-2e"/>
      </object_component>
      <object_component id="oc-6de">
         <name>.const:.typeinfo:_ZTS5IrPHY</name>
         <load_address>0x4cd2</load_address>
         <run_address>0x4cd2</run_address>
         <size>0x7</size>
         <input_file_ref idref="fl-5"/>
      </object_component>
      <object_component id="oc-684">
         <name>.const:$P$T10$4</name>
         <load_address>0x4cd9</load_address>
         <run_address>0x4cd9</run_address>
         <size>0x3</size>
         <input_file_ref idref="fl-3"/>
      </object_component>
      <object_component id="oc-687">
         <name>.const:$P$T11$5</name>
         <load_address>0x4cdc</load_address>
         <run_address>0x4cdc</run_address>
         <size>0x3</size>
         <input_file_ref idref="fl-3"/>
      </object_component>
      <object_component id="oc-68a">
         <name>.const:$P$T12$6</name>
         <load_address>0x4cdf</load_address>
         <run_address>0x4cdf</run_address>
         <size>0x3</size>
         <input_file_ref idref="fl-3"/>
      </object_component>
      <object_component id="oc-68d">
         <name>.const:$P$T13$7</name>
         <load_address>0x4ce2</load_address>
         <run_address>0x4ce2</run_address>
         <size>0x3</size>
         <input_file_ref idref="fl-3"/>
      </object_component>
      <object_component id="oc-67b">
         <name>.const:$P$T7$1</name>
         <load_address>0x4ce5</load_address>
         <run_address>0x4ce5</run_address>
         <size>0x3</size>
         <input_file_ref idref="fl-3"/>
      </object_component>
      <object_component id="oc-67e">
         <name>.const:$P$T8$2</name>
         <load_address>0x4ce8</load_address>
         <run_address>0x4ce8</run_address>
         <size>0x3</size>
         <input_file_ref idref="fl-3"/>
      </object_component>
      <object_component id="oc-681">
         <name>.const:$P$T9$3</name>
         <load_address>0x4ceb</load_address>
         <run_address>0x4ceb</run_address>
         <size>0x3</size>
         <input_file_ref idref="fl-3"/>
      </object_component>
      <object_component id="oc-3e2">
         <name>.text:_isr:_Z9ADC12_ISRv</name>
         <load_address>0x4800</load_address>
         <run_address>0x4800</run_address>
         <size>0x114</size>
         <input_file_ref idref="fl-6"/>
      </object_component>
      <object_component id="oc-3dc">
         <name>.text:_isr:_Z13TIMER0_A1_ISRv</name>
         <load_address>0x4914</load_address>
         <run_address>0x4914</run_address>
         <size>0x38</size>
         <input_file_ref idref="fl-6"/>
      </object_component>
      <object_component id="oc-3d6">
         <name>.text:_isr:_Z11USCI_A1_ISRv</name>
         <load_address>0x494c</load_address>
         <run_address>0x494c</run_address>
         <size>0x2a</size>
         <input_file_ref idref="fl-6"/>
      </object_component>
      <object_component id="oc-412">
         <name>.text:_isr:_c_int00_noargs_mpu</name>
         <load_address>0x4976</load_address>
         <run_address>0x4976</run_address>
         <size>0x20</size>
         <input_file_ref idref="fl-55"/>
      </object_component>
      <object_component id="oc-3d1">
         <name>.text:_isr:__TI_ISR_TRAP</name>
         <load_address>0x4996</load_address>
         <run_address>0x4996</run_address>
         <size>0x8</size>
         <input_file_ref idref="fl-34"/>
      </object_component>
      <object_component id="oc-646">
         <name>.text:_ZN5IrPHY17put_received_dataEh</name>
         <load_address>0x10000</load_address>
         <run_address>0x10000</run_address>
         <size>0x1b8</size>
         <input_file_ref idref="fl-5"/>
      </object_component>
      <object_component id="oc-5c5">
         <name>.text:_ZN13IrLAP_primary4initEP5IrPHY</name>
         <load_address>0x101b8</load_address>
         <run_address>0x101b8</run_address>
         <size>0x168</size>
         <input_file_ref idref="fl-3"/>
      </object_component>
      <object_component id="oc-463">
         <name>.text:main</name>
         <load_address>0x10320</load_address>
         <run_address>0x10320</run_address>
         <size>0x11a</size>
         <input_file_ref idref="fl-6"/>
      </object_component>
      <object_component id="oc-70f">
         <name>.text:aligned_alloc</name>
         <load_address>0x1043a</load_address>
         <run_address>0x1043a</run_address>
         <size>0x112</size>
         <input_file_ref idref="fl-5f"/>
      </object_component>
      <object_component id="oc-442">
         <name>.text:_ZN5IrPHY14send_next_dataEv</name>
         <load_address>0x1054c</load_address>
         <run_address>0x1054c</run_address>
         <size>0x104</size>
         <input_file_ref idref="fl-5"/>
      </object_component>
      <object_component id="oc-488">
         <name>.text:_ZN5IrPHYC1Ev</name>
         <load_address>0x10650</load_address>
         <run_address>0x10650</run_address>
         <size>0x102</size>
         <input_file_ref idref="fl-5"/>
      </object_component>
      <object_component id="oc-780">
         <name>.text:free</name>
         <load_address>0x10752</load_address>
         <run_address>0x10752</run_address>
         <size>0xe2</size>
         <input_file_ref idref="fl-5f"/>
      </object_component>
      <object_component id="oc-694">
         <name>.text:_ZN13IrLAP_primary18add_control_escapeEPhS0_j</name>
         <load_address>0x10834</load_address>
         <run_address>0x10834</run_address>
         <size>0xd6</size>
         <input_file_ref idref="fl-3"/>
      </object_component>
      <object_component id="oc-63a">
         <name>.text:_ZN5IrPHY10send_frameEPhj</name>
         <load_address>0x1090a</load_address>
         <run_address>0x1090a</run_address>
         <size>0xc8</size>
         <input_file_ref idref="fl-5"/>
      </object_component>
      <object_component id="oc-76">
         <name>.text:decompress:lzss:__TI_decompress_lzss</name>
         <load_address>0x109d2</load_address>
         <run_address>0x109d2</run_address>
         <size>0x76</size>
         <input_file_ref idref="fl-31"/>
      </object_component>
      <object_component id="oc-779">
         <name>.text:split</name>
         <load_address>0x10a48</load_address>
         <run_address>0x10a48</run_address>
         <size>0x74</size>
         <input_file_ref idref="fl-5f"/>
      </object_component>
      <object_component id="oc-54b">
         <name>.text:__TI_auto_init_nobinit_hold_wdt:__TI_auto_init_nobinit_hold_wdt</name>
         <load_address>0x10abc</load_address>
         <run_address>0x10abc</run_address>
         <size>0x70</size>
         <input_file_ref idref="fl-58"/>
      </object_component>
      <object_component id="oc-5d0">
         <name>.text:_ZN7MicroTP11packet_wrapEPhj</name>
         <load_address>0x10b2c</load_address>
         <run_address>0x10b2c</run_address>
         <size>0x56</size>
         <input_file_ref idref="fl-2"/>
      </object_component>
      <object_component id="oc-6d2">
         <name>.text:_ZN7MicroTP13packet_unwrapEPhj</name>
         <load_address>0x10b82</load_address>
         <run_address>0x10b82</run_address>
         <size>0x50</size>
         <input_file_ref idref="fl-2"/>
      </object_component>
      <object_component id="oc-716">
         <name>.text:_Z23__finalize_destructionsPP20a_needed_destructionPv</name>
         <load_address>0x10bd2</load_address>
         <run_address>0x10bd2</run_address>
         <size>0x4e</size>
         <input_file_ref idref="fl-4b"/>
      </object_component>
      <object_component id="oc-6f1">
         <name>.text:_ZN10RingbufferIcE3putEc</name>
         <load_address>0x10c20</load_address>
         <run_address>0x10c20</run_address>
         <size>0x4e</size>
         <input_file_ref idref="fl-5"/>
      </object_component>
      <object_component id="oc-5d6">
         <name>.text:_ZN13IrLAP_primary22IrLAP_USERDATA_requestEPhj</name>
         <load_address>0x10c6e</load_address>
         <run_address>0x10c6e</run_address>
         <size>0x4c</size>
         <input_file_ref idref="fl-3"/>
      </object_component>
      <object_component id="oc-527">
         <name>.text:exit</name>
         <load_address>0x10cba</load_address>
         <run_address>0x10cba</run_address>
         <size>0x4a</size>
         <input_file_ref idref="fl-5c"/>
      </object_component>
      <object_component id="oc-5ac">
         <name>.text:_Z25__add_destruction_to_listPP20a_needed_destructionPFYvPvES2_S2_</name>
         <load_address>0x10d04</load_address>
         <run_address>0x10d04</run_address>
         <size>0x46</size>
         <input_file_ref idref="fl-4b"/>
      </object_component>
      <object_component id="oc-4c2">
         <name>.text:_ZN10RingbufferIcE3popEv</name>
         <load_address>0x10d4a</load_address>
         <run_address>0x10d4a</run_address>
         <size>0x44</size>
         <input_file_ref idref="fl-5"/>
      </object_component>
      <object_component id="oc-562">
         <name>.text:_ZN13IrLAP_primaryC1Ev</name>
         <load_address>0x10d8e</load_address>
         <run_address>0x10d8e</run_address>
         <size>0x44</size>
         <input_file_ref idref="fl-3"/>
      </object_component>
      <object_component id="oc-586">
         <name>.text:_ZN10RingbufferIcEC1EPcj</name>
         <load_address>0x10dd2</load_address>
         <run_address>0x10dd2</run_address>
         <size>0x42</size>
         <input_file_ref idref="fl-5"/>
      </object_component>
      <object_component id="oc-658">
         <name>.text:_ZN5IrPHY13get_new_frameEPhRj</name>
         <load_address>0x10e14</load_address>
         <run_address>0x10e14</run_address>
         <size>0x3c</size>
         <input_file_ref idref="fl-5"/>
      </object_component>
      <object_component id="oc-51a">
         <name>.text:_ZN7MicroTP4sendEPhj</name>
         <load_address>0x10e50</load_address>
         <run_address>0x10e50</run_address>
         <size>0x3c</size>
         <input_file_ref idref="fl-2"/>
      </object_component>
      <object_component id="oc-61a">
         <name>.text:_ZN7MicroTP25IrLAP_USERDATA_indicationEPhj</name>
         <load_address>0x10e8c</load_address>
         <run_address>0x10e8c</run_address>
         <size>0x36</size>
         <input_file_ref idref="fl-2"/>
      </object_component>
      <object_component id="oc-6ea">
         <name>.text:_ZNK10RingbufferIcE17storage_availableEv</name>
         <load_address>0x10ec2</load_address>
         <run_address>0x10ec2</run_address>
         <size>0x34</size>
         <input_file_ref idref="fl-5"/>
      </object_component>
      <object_component id="oc-482">
         <name>.text:_ZN7MicroTPC1Ev</name>
         <load_address>0x10ef6</load_address>
         <run_address>0x10ef6</run_address>
         <size>0x32</size>
         <input_file_ref idref="fl-2"/>
      </object_component>
      <object_component id="oc-4bb">
         <name>.text:_ZNK10RingbufferIcE8is_emptyEv</name>
         <load_address>0x10f28</load_address>
         <run_address>0x10f28</run_address>
         <size>0x32</size>
         <input_file_ref idref="fl-5"/>
      </object_component>
      <object_component id="oc-57f">
         <name>.text:_ZN10RingbufferIcEC1Ev</name>
         <load_address>0x10f5a</load_address>
         <run_address>0x10f5a</run_address>
         <size>0x30</size>
         <input_file_ref idref="fl-5"/>
      </object_component>
      <object_component id="oc-48e">
         <name>.text:_ZN5IrPHYD1Ev</name>
         <load_address>0x10f8a</load_address>
         <run_address>0x10f8a</run_address>
         <size>0x2e</size>
         <input_file_ref idref="fl-6"/>
      </object_component>
      <object_component id="oc-475">
         <name>.text:__mpu_init</name>
         <load_address>0x10fb8</load_address>
         <run_address>0x10fb8</run_address>
         <size>0x2c</size>
         <input_file_ref idref="fl-56"/>
      </object_component>
      <object_component id="oc-773">
         <name>.text:free_list_insert</name>
         <load_address>0x10fe4</load_address>
         <run_address>0x10fe4</run_address>
         <size>0x2c</size>
         <input_file_ref idref="fl-5f"/>
      </object_component>
      <object_component id="oc-76d">
         <name>.text:free_list_remove</name>
         <load_address>0x11010</load_address>
         <run_address>0x11010</run_address>
         <size>0x2a</size>
         <input_file_ref idref="fl-5f"/>
      </object_component>
      <object_component id="oc-702">
         <name>.text:_ZN10RingbufferIcE12clear_bufferEv</name>
         <load_address>0x1103a</load_address>
         <run_address>0x1103a</run_address>
         <size>0x26</size>
         <input_file_ref idref="fl-5"/>
      </object_component>
      <object_component id="oc-498">
         <name>.text:_ZN33_INTERNAL_11_dtor_list_c_14e673d611__TI_atexitEPFYvPvES0_S0_</name>
         <load_address>0x11060</load_address>
         <run_address>0x11060</run_address>
         <size>0x26</size>
         <input_file_ref idref="fl-4b"/>
      </object_component>
      <object_component id="oc-62e">
         <name>.text:_ZN5IrPHY4initEv</name>
         <load_address>0x11086</load_address>
         <run_address>0x11086</run_address>
         <size>0x26</size>
         <input_file_ref idref="fl-5"/>
      </object_component>
      <object_component id="oc-3e8">
         <name>.text:decompress:ZI:__TI_zero_init_nomemset:__TI_zero_init_nomemset</name>
         <load_address>0x110ac</load_address>
         <run_address>0x110ac</run_address>
         <size>0x24</size>
         <input_file_ref idref="fl-4a"/>
      </object_component>
      <object_component id="oc-424">
         <name>.text:__sti___8_main_cpp_time_of</name>
         <load_address>0x110d0</load_address>
         <run_address>0x110d0</run_address>
         <size>0x22</size>
         <input_file_ref idref="fl-6"/>
      </object_component>
      <object_component id="oc-50b">
         <name>.text:_ZN7MicroTP4initEP5IrPHY</name>
         <load_address>0x110f2</load_address>
         <run_address>0x110f2</run_address>
         <size>0x1e</size>
         <input_file_ref idref="fl-2"/>
      </object_component>
      <object_component id="oc-64c">
         <name>.text:_ZN5IrPHY19clear_intput_bufferEv</name>
         <load_address>0x11110</load_address>
         <run_address>0x11110</run_address>
         <size>0x1c</size>
         <input_file_ref idref="fl-5"/>
      </object_component>
      <object_component id="oc-6f8">
         <name>.text:_ZNK10RingbufferIcE7is_fullEv</name>
         <load_address>0x1112c</load_address>
         <run_address>0x1112c</run_address>
         <size>0x1c</size>
         <input_file_ref idref="fl-5"/>
      </object_component>
      <object_component id="oc-622">
         <name>.text:_ZN15IrPHY_InterfaceC1Ev</name>
         <load_address>0x11148</load_address>
         <run_address>0x11148</run_address>
         <size>0x1a</size>
         <input_file_ref idref="fl-5"/>
      </object_component>
      <object_component id="oc-752">
         <name>.text:_ZN10__cxxabiv120__si_class_type_infoD0Ev</name>
         <load_address>0x11162</load_address>
         <run_address>0x11162</run_address>
         <size>0x16</size>
         <input_file_ref idref="fl-2d"/>
      </object_component>
      <object_component id="oc-764">
         <name>.text:heap_start</name>
         <load_address>0x11178</load_address>
         <run_address>0x11178</run_address>
         <size>0x16</size>
         <input_file_ref idref="fl-5f"/>
      </object_component>
      <object_component id="oc-5b6">
         <name>.text</name>
         <load_address>0x1118e</load_address>
         <run_address>0x1118e</run_address>
         <size>0x16</size>
         <input_file_ref idref="fl-54"/>
      </object_component>
      <object_component id="oc-792">
         <name>.text:_ZN10__cxxabiv117__class_type_infoD0Ev</name>
         <load_address>0x111a4</load_address>
         <run_address>0x111a4</run_address>
         <size>0x14</size>
         <input_file_ref idref="fl-2d"/>
      </object_component>
      <object_component id="oc-3c4">
         <name>.text:memcpy</name>
         <load_address>0x111b8</load_address>
         <run_address>0x111b8</run_address>
         <size>0x14</size>
         <input_file_ref idref="fl-60"/>
      </object_component>
      <object_component id="oc-570">
         <name>.text:_ZN15IrPHY_InterfaceC2Ev</name>
         <load_address>0x111cc</load_address>
         <run_address>0x111cc</run_address>
         <size>0x12</size>
         <input_file_ref idref="fl-5"/>
      </object_component>
      <object_component id="oc-634">
         <name>.text:_ZN5IrPHY6deinitEv</name>
         <load_address>0x111de</load_address>
         <run_address>0x111de</run_address>
         <size>0x12</size>
         <input_file_ref idref="fl-5"/>
      </object_component>
      <object_component id="oc-652">
         <name>.text:_ZN5IrPHY8set_baudEh</name>
         <load_address>0x111f0</load_address>
         <run_address>0x111f0</run_address>
         <size>0x12</size>
         <input_file_ref idref="fl-5"/>
      </object_component>
      <object_component id="oc-640">
         <name>.text:_ZNK5IrPHY15is_transmittingEv</name>
         <load_address>0x11202</load_address>
         <run_address>0x11202</run_address>
         <size>0x12</size>
         <input_file_ref idref="fl-5"/>
      </object_component>
      <object_component id="oc-7c">
         <name>.text:decompress:none:__TI_decompress_none</name>
         <load_address>0x11214</load_address>
         <run_address>0x11214</run_address>
         <size>0x12</size>
         <input_file_ref idref="fl-32"/>
      </object_component>
      <object_component id="oc-4c9">
         <name>.text:_Z8get_timev</name>
         <load_address>0x11226</load_address>
         <run_address>0x11226</run_address>
         <size>0x10</size>
         <input_file_ref idref="fl-5"/>
      </object_component>
      <object_component id="oc-58d">
         <name>.text:_ZN10RingbufferIcED1Ev</name>
         <load_address>0x11236</load_address>
         <run_address>0x11236</run_address>
         <size>0xe</size>
         <input_file_ref idref="fl-5"/>
      </object_component>
      <object_component id="oc-78c">
         <name>.text:_ZN10__cxxabiv117__class_type_infoD1Ev</name>
         <load_address>0x11244</load_address>
         <run_address>0x11244</run_address>
         <size>0xe</size>
         <input_file_ref idref="fl-2d"/>
      </object_component>
      <object_component id="oc-74c">
         <name>.text:_ZN10__cxxabiv120__si_class_type_infoD1Ev</name>
         <load_address>0x11252</load_address>
         <run_address>0x11252</run_address>
         <size>0xe</size>
         <input_file_ref idref="fl-2d"/>
      </object_component>
      <object_component id="oc-514">
         <name>.text:strlen</name>
         <load_address>0x11260</load_address>
         <run_address>0x11260</run_address>
         <size>0xe</size>
         <input_file_ref idref="fl-62"/>
      </object_component>
      <object_component id="oc-7d3">
         <name>.text:_ZdlPv</name>
         <load_address>0x1126e</load_address>
         <run_address>0x1126e</run_address>
         <size>0xa</size>
         <input_file_ref idref="fl-30"/>
      </object_component>
      <object_component id="oc-66f">
         <name>.text:__cxa_ia64_exit</name>
         <load_address>0x11278</load_address>
         <run_address>0x11278</run_address>
         <size>0xa</size>
         <input_file_ref idref="fl-4b"/>
      </object_component>
      <object_component id="oc-6c2">
         <name>.text:__cxa_pure_virtual</name>
         <load_address>0x11282</load_address>
         <run_address>0x11282</run_address>
         <size>0x8</size>
         <input_file_ref idref="fl-4d"/>
      </object_component>
      <object_component id="oc-669">
         <name>.text:malloc</name>
         <load_address>0x1128a</load_address>
         <run_address>0x1128a</run_address>
         <size>0x8</size>
         <input_file_ref idref="fl-5f"/>
      </object_component>
      <object_component id="oc-521">
         <name>.text:abort</name>
         <load_address>0x11292</load_address>
         <run_address>0x11292</run_address>
         <size>0x6</size>
         <input_file_ref idref="fl-5c"/>
      </object_component>
      <object_component id="oc-7aa">
         <name>.text:_ZdlPvj</name>
         <load_address>0x11298</load_address>
         <run_address>0x11298</run_address>
         <size>0x4</size>
         <input_file_ref idref="fl-30"/>
      </object_component>
      <object_component id="oc-740">
         <name>.text:__abort_execution</name>
         <load_address>0x1129c</load_address>
         <run_address>0x1129c</run_address>
         <size>0x4</size>
         <input_file_ref idref="fl-4e"/>
      </object_component>
      <object_component id="oc-45d">
         <name>.text:_system_pre_init</name>
         <load_address>0x112a0</load_address>
         <run_address>0x112a0</run_address>
         <size>0x4</size>
         <input_file_ref idref="fl-5b"/>
      </object_component>
      <object_component id="oc-79e">
         <name>.text:_ZNSt9type_infoD1Ev</name>
         <load_address>0x112a4</load_address>
         <run_address>0x112a4</run_address>
         <size>0x2</size>
         <input_file_ref idref="fl-2e"/>
      </object_component>
      <object_component id="oc-65e">
         <name>.text:_nop</name>
         <load_address>0x112a6</load_address>
         <run_address>0x112a6</run_address>
         <size>0x2</size>
         <input_file_ref idref="fl-59"/>
      </object_component>
      <object_component id="oc-5e9">
         <name>.text:_system_post_cinit</name>
         <load_address>0x112a8</load_address>
         <run_address>0x112a8</run_address>
         <size>0x2</size>
         <input_file_ref idref="fl-5a"/>
      </object_component>
      <object_component id="oc-47f">
         <name>.bss:microTP</name>
         <uninitialized>true</uninitialized>
         <run_address>0x1dea</run_address>
         <size>0x13e</size>
         <input_file_ref idref="fl-6"/>
      </object_component>
      <object_component id="oc-43f">
         <name>.bss:irPHY</name>
         <uninitialized>true</uninitialized>
         <run_address>0x1c00</run_address>
         <size>0x1ea</size>
         <input_file_ref idref="fl-6"/>
      </object_component>
      <object_component id="oc-76a">
         <name>.bss</name>
         <uninitialized>true</uninitialized>
         <run_address>0x1f28</run_address>
         <size>0x4</size>
         <input_file_ref idref="fl-5f"/>
      </object_component>
      <object_component id="oc-453">
         <name>.common:adc_ntc_u</name>
         <uninitialized>true</uninitialized>
         <run_address>0x1f34</run_address>
         <size>0x2</size>
      </object_component>
      <object_component id="oc-452">
         <name>.common:adc_ntc_sup</name>
         <uninitialized>true</uninitialized>
         <run_address>0x1f32</run_address>
         <size>0x2</size>
      </object_component>
      <object_component id="oc-451">
         <name>.common:adc_batt_u</name>
         <uninitialized>true</uninitialized>
         <run_address>0x1f30</run_address>
         <size>0x2</size>
      </object_component>
      <object_component id="oc-44d">
         <name>.common:adc_vcc_u</name>
         <uninitialized>true</uninitialized>
         <run_address>0x1f36</run_address>
         <size>0x2</size>
      </object_component>
      <object_component id="oc-495">
         <name>.common:__dso_handle</name>
         <uninitialized>true</uninitialized>
         <run_address>0x1f2c</run_address>
         <size>0x4</size>
      </object_component>
      <object_component id="oc-449">
         <name>.data</name>
         <load_address>0x1f48</load_address>
         <run_address>0x1f48</run_address>
         <size>0x4</size>
         <input_file_ref idref="fl-6"/>
      </object_component>
      <object_component id="oc-5a9">
         <name>.data</name>
         <load_address>0x1f4c</load_address>
         <run_address>0x1f4c</run_address>
         <size>0x4</size>
         <input_file_ref idref="fl-4b"/>
      </object_component>
      <object_component id="oc-5e4">
         <name>.data:__TI_cleanup_ptr</name>
         <load_address>0x1f38</load_address>
         <run_address>0x1f38</run_address>
         <size>0x4</size>
         <input_file_ref idref="fl-4c"/>
      </object_component>
      <object_component id="oc-5e1">
         <name>.data:__TI_dtors_ptr</name>
         <load_address>0x1f3c</load_address>
         <run_address>0x1f3c</run_address>
         <size>0x4</size>
         <input_file_ref idref="fl-4c"/>
      </object_component>
      <object_component id="oc-5a6">
         <name>.data:_lock</name>
         <load_address>0x1f40</load_address>
         <run_address>0x1f40</run_address>
         <size>0x4</size>
         <input_file_ref idref="fl-59"/>
      </object_component>
      <object_component id="oc-5b2">
         <name>.data:_unlock</name>
         <load_address>0x1f44</load_address>
         <run_address>0x1f44</run_address>
         <size>0x4</size>
         <input_file_ref idref="fl-59"/>
      </object_component>
      <object_component id="oc-5de">
         <name>.data</name>
         <load_address>0x1f50</load_address>
         <run_address>0x1f50</run_address>
         <size>0x2</size>
         <input_file_ref idref="fl-5c"/>
      </object_component>
      <object_component id="oc-761">
         <name>.data</name>
         <load_address>0x1f52</load_address>
         <run_address>0x1f52</run_address>
         <size>0x2</size>
         <input_file_ref idref="fl-5f"/>
      </object_component>
      <object_component id="oc-3b2">
         <name>.stack</name>
         <uninitialized>true</uninitialized>
         <run_address>0x2360</run_address>
         <size>0x4</size>
         <input_file_ref idref="fl-55"/>
      </object_component>
      <object_component id="oc-86b">
         <name>.stack</name>
         <uninitialized>true</uninitialized>
         <run_address>0x2360</run_address>
         <size>0x0</size>
      </object_component>
      <object_component id="oc-82">
         <name>.int30</name>
         <load_address>0xffcc</load_address>
         <run_address>0xffcc</run_address>
         <size>0x2</size>
         <input_file_ref idref="fl-33"/>
      </object_component>
      <object_component id="oc-83">
         <name>.int31</name>
         <load_address>0xffce</load_address>
         <run_address>0xffce</run_address>
         <size>0x2</size>
         <input_file_ref idref="fl-35"/>
      </object_component>
      <object_component id="oc-84">
         <name>.int32</name>
         <load_address>0xffd0</load_address>
         <run_address>0xffd0</run_address>
         <size>0x2</size>
         <input_file_ref idref="fl-36"/>
      </object_component>
      <object_component id="oc-85">
         <name>.int33</name>
         <load_address>0xffd2</load_address>
         <run_address>0xffd2</run_address>
         <size>0x2</size>
         <input_file_ref idref="fl-37"/>
      </object_component>
      <object_component id="oc-86">
         <name>.int34</name>
         <load_address>0xffd4</load_address>
         <run_address>0xffd4</run_address>
         <size>0x2</size>
         <input_file_ref idref="fl-38"/>
      </object_component>
      <object_component id="oc-87">
         <name>.int35</name>
         <load_address>0xffd6</load_address>
         <run_address>0xffd6</run_address>
         <size>0x2</size>
         <input_file_ref idref="fl-39"/>
      </object_component>
      <object_component id="oc-88">
         <name>.int36</name>
         <load_address>0xffd8</load_address>
         <run_address>0xffd8</run_address>
         <size>0x2</size>
         <input_file_ref idref="fl-3a"/>
      </object_component>
      <object_component id="oc-89">
         <name>.int37</name>
         <load_address>0xffda</load_address>
         <run_address>0xffda</run_address>
         <size>0x2</size>
         <input_file_ref idref="fl-3b"/>
      </object_component>
      <object_component id="oc-8a">
         <name>.int38</name>
         <load_address>0xffdc</load_address>
         <run_address>0xffdc</run_address>
         <size>0x2</size>
         <input_file_ref idref="fl-3c"/>
      </object_component>
      <object_component id="oc-8b">
         <name>.int39</name>
         <load_address>0xffde</load_address>
         <run_address>0xffde</run_address>
         <size>0x2</size>
         <input_file_ref idref="fl-3d"/>
      </object_component>
      <object_component id="oc-8c">
         <name>.int40</name>
         <load_address>0xffe0</load_address>
         <run_address>0xffe0</run_address>
         <size>0x2</size>
         <input_file_ref idref="fl-3e"/>
      </object_component>
      <object_component id="oc-8d">
         <name>.int41</name>
         <load_address>0xffe2</load_address>
         <run_address>0xffe2</run_address>
         <size>0x2</size>
         <input_file_ref idref="fl-3f"/>
      </object_component>
      <object_component id="oc-8e">
         <name>.int42</name>
         <load_address>0xffe4</load_address>
         <run_address>0xffe4</run_address>
         <size>0x2</size>
         <input_file_ref idref="fl-40"/>
      </object_component>
      <object_component id="oc-8f">
         <name>.int43</name>
         <load_address>0xffe6</load_address>
         <run_address>0xffe6</run_address>
         <size>0x2</size>
         <input_file_ref idref="fl-6"/>
      </object_component>
      <object_component id="oc-90">
         <name>.int44</name>
         <load_address>0xffe8</load_address>
         <run_address>0xffe8</run_address>
         <size>0x2</size>
         <input_file_ref idref="fl-6"/>
      </object_component>
      <object_component id="oc-91">
         <name>.int45</name>
         <load_address>0xffea</load_address>
         <run_address>0xffea</run_address>
         <size>0x2</size>
         <input_file_ref idref="fl-41"/>
      </object_component>
      <object_component id="oc-92">
         <name>.int46</name>
         <load_address>0xffec</load_address>
         <run_address>0xffec</run_address>
         <size>0x2</size>
         <input_file_ref idref="fl-6"/>
      </object_component>
      <object_component id="oc-93">
         <name>.int47</name>
         <load_address>0xffee</load_address>
         <run_address>0xffee</run_address>
         <size>0x2</size>
         <input_file_ref idref="fl-42"/>
      </object_component>
      <object_component id="oc-94">
         <name>.int48</name>
         <load_address>0xfff0</load_address>
         <run_address>0xfff0</run_address>
         <size>0x2</size>
         <input_file_ref idref="fl-43"/>
      </object_component>
      <object_component id="oc-95">
         <name>.int49</name>
         <load_address>0xfff2</load_address>
         <run_address>0xfff2</run_address>
         <size>0x2</size>
         <input_file_ref idref="fl-44"/>
      </object_component>
      <object_component id="oc-96">
         <name>.int50</name>
         <load_address>0xfff4</load_address>
         <run_address>0xfff4</run_address>
         <size>0x2</size>
         <input_file_ref idref="fl-45"/>
      </object_component>
      <object_component id="oc-97">
         <name>.int51</name>
         <load_address>0xfff6</load_address>
         <run_address>0xfff6</run_address>
         <size>0x2</size>
         <input_file_ref idref="fl-46"/>
      </object_component>
      <object_component id="oc-98">
         <name>.int52</name>
         <load_address>0xfff8</load_address>
         <run_address>0xfff8</run_address>
         <size>0x2</size>
         <input_file_ref idref="fl-47"/>
      </object_component>
      <object_component id="oc-99">
         <name>.int53</name>
         <load_address>0xfffa</load_address>
         <run_address>0xfffa</run_address>
         <size>0x2</size>
         <input_file_ref idref="fl-48"/>
      </object_component>
      <object_component id="oc-9a">
         <name>.int54</name>
         <load_address>0xfffc</load_address>
         <run_address>0xfffc</run_address>
         <size>0x2</size>
         <input_file_ref idref="fl-49"/>
      </object_component>
      <object_component id="oc-3b5">
         <name>.reset</name>
         <load_address>0xfffe</load_address>
         <run_address>0xfffe</run_address>
         <size>0x2</size>
         <input_file_ref idref="fl-55"/>
      </object_component>
      <object_component id="oc-56e">
         <name>.debug_info</name>
         <load_address>0x0</load_address>
         <run_address>0x0</run_address>
         <size>0xe9d</size>
         <input_file_ref idref="fl-2"/>
      </object_component>
      <object_component id="oc-569">
         <name>.debug_info</name>
         <load_address>0xe9d</load_address>
         <run_address>0xe9d</run_address>
         <size>0x122</size>
         <input_file_ref idref="fl-2"/>
      </object_component>
      <object_component id="oc-616">
         <name>.debug_info</name>
         <load_address>0xfbf</load_address>
         <run_address>0xfbf</run_address>
         <size>0x114</size>
         <input_file_ref idref="fl-2"/>
      </object_component>
      <object_component id="oc-6be">
         <name>.debug_info</name>
         <load_address>0x10d3</load_address>
         <run_address>0x10d3</run_address>
         <size>0x121</size>
         <input_file_ref idref="fl-2"/>
      </object_component>
      <object_component id="oc-73c">
         <name>.debug_info</name>
         <load_address>0x11f4</load_address>
         <run_address>0x11f4</run_address>
         <size>0x126</size>
         <input_file_ref idref="fl-2"/>
      </object_component>
      <object_component id="oc-6ce">
         <name>.debug_info</name>
         <load_address>0x131a</load_address>
         <run_address>0x131a</run_address>
         <size>0x119</size>
         <input_file_ref idref="fl-2"/>
      </object_component>
      <object_component id="oc-61b">
         <name>.debug_info</name>
         <load_address>0x1433</load_address>
         <run_address>0x1433</run_address>
         <size>0x208</size>
         <input_file_ref idref="fl-2"/>
      </object_component>
      <object_component id="oc-5d1">
         <name>.debug_info</name>
         <load_address>0x163b</load_address>
         <run_address>0x163b</run_address>
         <size>0x1c4</size>
         <input_file_ref idref="fl-2"/>
      </object_component>
      <object_component id="oc-6d3">
         <name>.debug_info</name>
         <load_address>0x17ff</load_address>
         <run_address>0x17ff</run_address>
         <size>0x1f0</size>
         <input_file_ref idref="fl-2"/>
      </object_component>
      <object_component id="oc-483">
         <name>.debug_info</name>
         <load_address>0x19ef</load_address>
         <run_address>0x19ef</run_address>
         <size>0x17d</size>
         <input_file_ref idref="fl-2"/>
      </object_component>
      <object_component id="oc-51b">
         <name>.debug_info</name>
         <load_address>0x1b6c</load_address>
         <run_address>0x1b6c</run_address>
         <size>0x200</size>
         <input_file_ref idref="fl-2"/>
      </object_component>
      <object_component id="oc-50c">
         <name>.debug_info</name>
         <load_address>0x1d6c</load_address>
         <run_address>0x1d6c</run_address>
         <size>0x1af</size>
         <input_file_ref idref="fl-2"/>
      </object_component>
      <object_component id="oc-4e0">
         <name>.debug_info</name>
         <load_address>0x1f1b</load_address>
         <run_address>0x1f1b</run_address>
         <size>0x47e</size>
         <input_file_ref idref="fl-2"/>
      </object_component>
      <object_component id="oc-4b6">
         <name>.debug_info</name>
         <load_address>0x2399</load_address>
         <run_address>0x2399</run_address>
         <size>0x29b</size>
         <input_file_ref idref="fl-2"/>
      </object_component>
      <object_component id="oc-4e5">
         <name>.debug_info</name>
         <load_address>0x2634</load_address>
         <run_address>0x2634</run_address>
         <size>0x16d</size>
         <input_file_ref idref="fl-2"/>
      </object_component>
      <object_component id="oc-4ea">
         <name>.debug_info</name>
         <load_address>0x27a1</load_address>
         <run_address>0x27a1</run_address>
         <size>0x1b9</size>
         <input_file_ref idref="fl-2"/>
      </object_component>
      <object_component id="oc-4ef">
         <name>.debug_info</name>
         <load_address>0x295a</load_address>
         <run_address>0x295a</run_address>
         <size>0x16d</size>
         <input_file_ref idref="fl-2"/>
      </object_component>
      <object_component id="oc-4f4">
         <name>.debug_info</name>
         <load_address>0x2ac7</load_address>
         <run_address>0x2ac7</run_address>
         <size>0x844</size>
         <input_file_ref idref="fl-2"/>
      </object_component>
      <object_component id="oc-4d7">
         <name>.debug_info</name>
         <load_address>0x330b</load_address>
         <run_address>0x330b</run_address>
         <size>0x8b</size>
         <input_file_ref idref="fl-2"/>
      </object_component>
      <object_component id="oc-5be">
         <name>.debug_info</name>
         <load_address>0x3396</load_address>
         <run_address>0x3396</run_address>
         <size>0x282</size>
         <input_file_ref idref="fl-2"/>
      </object_component>
      <object_component id="oc-4d2">
         <name>.debug_info</name>
         <load_address>0x3618</load_address>
         <run_address>0x3618</run_address>
         <size>0xbb</size>
         <input_file_ref idref="fl-2"/>
      </object_component>
      <object_component id="oc-4f9">
         <name>.debug_info</name>
         <load_address>0x36d3</load_address>
         <run_address>0x36d3</run_address>
         <size>0x2a1</size>
         <input_file_ref idref="fl-2"/>
      </object_component>
      <object_component id="oc-4fe">
         <name>.debug_info</name>
         <load_address>0x3974</load_address>
         <run_address>0x3974</run_address>
         <size>0x35</size>
         <input_file_ref idref="fl-2"/>
      </object_component>
      <object_component id="oc-5c3">
         <name>.debug_info</name>
         <load_address>0x39a9</load_address>
         <run_address>0x39a9</run_address>
         <size>0xdc5</size>
         <input_file_ref idref="fl-3"/>
      </object_component>
      <object_component id="oc-60b">
         <name>.debug_info</name>
         <load_address>0x476e</load_address>
         <run_address>0x476e</run_address>
         <size>0x135</size>
         <input_file_ref idref="fl-3"/>
      </object_component>
      <object_component id="oc-67c">
         <name>.debug_info</name>
         <load_address>0x48a3</load_address>
         <run_address>0x48a3</run_address>
         <size>0x107</size>
         <input_file_ref idref="fl-3"/>
      </object_component>
      <object_component id="oc-67f">
         <name>.debug_info</name>
         <load_address>0x49aa</load_address>
         <run_address>0x49aa</run_address>
         <size>0x107</size>
         <input_file_ref idref="fl-3"/>
      </object_component>
      <object_component id="oc-682">
         <name>.debug_info</name>
         <load_address>0x4ab1</load_address>
         <run_address>0x4ab1</run_address>
         <size>0x107</size>
         <input_file_ref idref="fl-3"/>
      </object_component>
      <object_component id="oc-685">
         <name>.debug_info</name>
         <load_address>0x4bb8</load_address>
         <run_address>0x4bb8</run_address>
         <size>0x109</size>
         <input_file_ref idref="fl-3"/>
      </object_component>
      <object_component id="oc-688">
         <name>.debug_info</name>
         <load_address>0x4cc1</load_address>
         <run_address>0x4cc1</run_address>
         <size>0x109</size>
         <input_file_ref idref="fl-3"/>
      </object_component>
      <object_component id="oc-68b">
         <name>.debug_info</name>
         <load_address>0x4dca</load_address>
         <run_address>0x4dca</run_address>
         <size>0x109</size>
         <input_file_ref idref="fl-3"/>
      </object_component>
      <object_component id="oc-68e">
         <name>.debug_info</name>
         <load_address>0x4ed3</load_address>
         <run_address>0x4ed3</run_address>
         <size>0x109</size>
         <input_file_ref idref="fl-3"/>
      </object_component>
      <object_component id="oc-695">
         <name>.debug_info</name>
         <load_address>0x4fdc</load_address>
         <run_address>0x4fdc</run_address>
         <size>0x24e</size>
         <input_file_ref idref="fl-3"/>
      </object_component>
      <object_component id="oc-563">
         <name>.debug_info</name>
         <load_address>0x522a</load_address>
         <run_address>0x522a</run_address>
         <size>0x17f</size>
         <input_file_ref idref="fl-3"/>
      </object_component>
      <object_component id="oc-5c6">
         <name>.debug_info</name>
         <load_address>0x53a9</load_address>
         <run_address>0x53a9</run_address>
         <size>0x2f2</size>
         <input_file_ref idref="fl-3"/>
      </object_component>
      <object_component id="oc-5d7">
         <name>.debug_info</name>
         <load_address>0x569b</load_address>
         <run_address>0x569b</run_address>
         <size>0x296</size>
         <input_file_ref idref="fl-3"/>
      </object_component>
      <object_component id="oc-610">
         <name>.debug_info</name>
         <load_address>0x5931</load_address>
         <run_address>0x5931</run_address>
         <size>0x466</size>
         <input_file_ref idref="fl-3"/>
      </object_component>
      <object_component id="oc-503">
         <name>.debug_info</name>
         <load_address>0x5d97</load_address>
         <run_address>0x5d97</run_address>
         <size>0x1a5</size>
         <input_file_ref idref="fl-3"/>
      </object_component>
      <object_component id="oc-4d0">
         <name>.debug_info</name>
         <load_address>0x5f3c</load_address>
         <run_address>0x5f3c</run_address>
         <size>0xd3f</size>
         <input_file_ref idref="fl-5"/>
      </object_component>
      <object_component id="oc-6da">
         <name>.debug_info</name>
         <load_address>0x6c7b</load_address>
         <run_address>0x6c7b</run_address>
         <size>0x131</size>
         <input_file_ref idref="fl-5"/>
      </object_component>
      <object_component id="oc-578">
         <name>.debug_info</name>
         <load_address>0x6dac</load_address>
         <run_address>0x6dac</run_address>
         <size>0x11c</size>
         <input_file_ref idref="fl-5"/>
      </object_component>
      <object_component id="oc-6e4">
         <name>.debug_info</name>
         <load_address>0x6ec8</load_address>
         <run_address>0x6ec8</run_address>
         <size>0x123</size>
         <input_file_ref idref="fl-5"/>
      </object_component>
      <object_component id="oc-62a">
         <name>.debug_info</name>
         <load_address>0x6feb</load_address>
         <run_address>0x6feb</run_address>
         <size>0x10e</size>
         <input_file_ref idref="fl-5"/>
      </object_component>
      <object_component id="oc-75d">
         <name>.debug_info</name>
         <load_address>0x70f9</load_address>
         <run_address>0x70f9</run_address>
         <size>0x128</size>
         <input_file_ref idref="fl-5"/>
      </object_component>
      <object_component id="oc-6df">
         <name>.debug_info</name>
         <load_address>0x7221</load_address>
         <run_address>0x7221</run_address>
         <size>0x113</size>
         <input_file_ref idref="fl-5"/>
      </object_component>
      <object_component id="oc-623">
         <name>.debug_info</name>
         <load_address>0x7334</load_address>
         <run_address>0x7334</run_address>
         <size>0x14a</size>
         <input_file_ref idref="fl-5"/>
      </object_component>
      <object_component id="oc-571">
         <name>.debug_info</name>
         <load_address>0x747e</load_address>
         <run_address>0x747e</run_address>
         <size>0x16a</size>
         <input_file_ref idref="fl-5"/>
      </object_component>
      <object_component id="oc-4ca">
         <name>.debug_info</name>
         <load_address>0x75e8</load_address>
         <run_address>0x75e8</run_address>
         <size>0x130</size>
         <input_file_ref idref="fl-5"/>
      </object_component>
      <object_component id="oc-580">
         <name>.debug_info</name>
         <load_address>0x7718</load_address>
         <run_address>0x7718</run_address>
         <size>0x210</size>
         <input_file_ref idref="fl-5"/>
      </object_component>
      <object_component id="oc-587">
         <name>.debug_info</name>
         <load_address>0x7928</load_address>
         <run_address>0x7928</run_address>
         <size>0x288</size>
         <input_file_ref idref="fl-5"/>
      </object_component>
      <object_component id="oc-58e">
         <name>.debug_info</name>
         <load_address>0x7bb0</load_address>
         <run_address>0x7bb0</run_address>
         <size>0x211</size>
         <input_file_ref idref="fl-5"/>
      </object_component>
      <object_component id="oc-6f2">
         <name>.debug_info</name>
         <load_address>0x7dc1</load_address>
         <run_address>0x7dc1</run_address>
         <size>0x266</size>
         <input_file_ref idref="fl-5"/>
      </object_component>
      <object_component id="oc-4c3">
         <name>.debug_info</name>
         <load_address>0x8027</load_address>
         <run_address>0x8027</run_address>
         <size>0x254</size>
         <input_file_ref idref="fl-5"/>
      </object_component>
      <object_component id="oc-6eb">
         <name>.debug_info</name>
         <load_address>0x827b</load_address>
         <run_address>0x827b</run_address>
         <size>0x237</size>
         <input_file_ref idref="fl-5"/>
      </object_component>
      <object_component id="oc-6f9">
         <name>.debug_info</name>
         <load_address>0x84b2</load_address>
         <run_address>0x84b2</run_address>
         <size>0x214</size>
         <input_file_ref idref="fl-5"/>
      </object_component>
      <object_component id="oc-4bc">
         <name>.debug_info</name>
         <load_address>0x86c6</load_address>
         <run_address>0x86c6</run_address>
         <size>0x22a</size>
         <input_file_ref idref="fl-5"/>
      </object_component>
      <object_component id="oc-703">
         <name>.debug_info</name>
         <load_address>0x88f0</load_address>
         <run_address>0x88f0</run_address>
         <size>0x232</size>
         <input_file_ref idref="fl-5"/>
      </object_component>
      <object_component id="oc-489">
         <name>.debug_info</name>
         <load_address>0x8b22</load_address>
         <run_address>0x8b22</run_address>
         <size>0x2c9</size>
         <input_file_ref idref="fl-5"/>
      </object_component>
      <object_component id="oc-62f">
         <name>.debug_info</name>
         <load_address>0x8deb</load_address>
         <run_address>0x8deb</run_address>
         <size>0x158</size>
         <input_file_ref idref="fl-5"/>
      </object_component>
      <object_component id="oc-635">
         <name>.debug_info</name>
         <load_address>0x8f43</load_address>
         <run_address>0x8f43</run_address>
         <size>0x15c</size>
         <input_file_ref idref="fl-5"/>
      </object_component>
      <object_component id="oc-63b">
         <name>.debug_info</name>
         <load_address>0x909f</load_address>
         <run_address>0x909f</run_address>
         <size>0x24e</size>
         <input_file_ref idref="fl-5"/>
      </object_component>
      <object_component id="oc-641">
         <name>.debug_info</name>
         <load_address>0x92ed</load_address>
         <run_address>0x92ed</run_address>
         <size>0x170</size>
         <input_file_ref idref="fl-5"/>
      </object_component>
      <object_component id="oc-647">
         <name>.debug_info</name>
         <load_address>0x945d</load_address>
         <run_address>0x945d</run_address>
         <size>0x32f</size>
         <input_file_ref idref="fl-5"/>
      </object_component>
      <object_component id="oc-64d">
         <name>.debug_info</name>
         <load_address>0x978c</load_address>
         <run_address>0x978c</run_address>
         <size>0x1a3</size>
         <input_file_ref idref="fl-5"/>
      </object_component>
      <object_component id="oc-443">
         <name>.debug_info</name>
         <load_address>0x992f</load_address>
         <run_address>0x992f</run_address>
         <size>0x242</size>
         <input_file_ref idref="fl-5"/>
      </object_component>
      <object_component id="oc-653">
         <name>.debug_info</name>
         <load_address>0x9b71</load_address>
         <run_address>0x9b71</run_address>
         <size>0x192</size>
         <input_file_ref idref="fl-5"/>
      </object_component>
      <object_component id="oc-659">
         <name>.debug_info</name>
         <load_address>0x9d03</load_address>
         <run_address>0x9d03</run_address>
         <size>0x1bb</size>
         <input_file_ref idref="fl-5"/>
      </object_component>
      <object_component id="oc-44e">
         <name>.debug_info</name>
         <load_address>0x9ebe</load_address>
         <run_address>0x9ebe</run_address>
         <size>0xeed</size>
         <input_file_ref idref="fl-6"/>
      </object_component>
      <object_component id="oc-44a">
         <name>.debug_info</name>
         <load_address>0xadab</load_address>
         <run_address>0xadab</run_address>
         <size>0xff</size>
         <input_file_ref idref="fl-6"/>
      </object_component>
      <object_component id="oc-512">
         <name>.debug_info</name>
         <load_address>0xaeaa</load_address>
         <run_address>0xaeaa</run_address>
         <size>0xf6</size>
         <input_file_ref idref="fl-6"/>
      </object_component>
      <object_component id="oc-480">
         <name>.debug_info</name>
         <load_address>0xafa0</load_address>
         <run_address>0xafa0</run_address>
         <size>0xff</size>
         <input_file_ref idref="fl-6"/>
      </object_component>
      <object_component id="oc-440">
         <name>.debug_info</name>
         <load_address>0xb09f</load_address>
         <run_address>0xb09f</run_address>
         <size>0xfb</size>
         <input_file_ref idref="fl-6"/>
      </object_component>
      <object_component id="oc-48f">
         <name>.debug_info</name>
         <load_address>0xb19a</load_address>
         <run_address>0xb19a</run_address>
         <size>0x16f</size>
         <input_file_ref idref="fl-6"/>
      </object_component>
      <object_component id="oc-464">
         <name>.debug_info</name>
         <load_address>0xb309</load_address>
         <run_address>0xb309</run_address>
         <size>0x178</size>
         <input_file_ref idref="fl-6"/>
      </object_component>
      <object_component id="oc-3d7">
         <name>.debug_info</name>
         <load_address>0xb481</load_address>
         <run_address>0xb481</run_address>
         <size>0x15d</size>
         <input_file_ref idref="fl-6"/>
      </object_component>
      <object_component id="oc-3e3">
         <name>.debug_info</name>
         <load_address>0xb5de</load_address>
         <run_address>0xb5de</run_address>
         <size>0x136</size>
         <input_file_ref idref="fl-6"/>
      </object_component>
      <object_component id="oc-3dd">
         <name>.debug_info</name>
         <load_address>0xb714</load_address>
         <run_address>0xb714</run_address>
         <size>0x13f</size>
         <input_file_ref idref="fl-6"/>
      </object_component>
      <object_component id="oc-425">
         <name>.debug_info</name>
         <load_address>0xb853</load_address>
         <run_address>0xb853</run_address>
         <size>0x171</size>
         <input_file_ref idref="fl-6"/>
      </object_component>
      <object_component id="oc-758">
         <name>.debug_info</name>
         <load_address>0xb9c4</load_address>
         <run_address>0xb9c4</run_address>
         <size>0x877</size>
         <input_file_ref idref="fl-2d"/>
      </object_component>
      <object_component id="oc-737">
         <name>.debug_info</name>
         <load_address>0xc23b</load_address>
         <run_address>0xc23b</run_address>
         <size>0x155</size>
         <input_file_ref idref="fl-2d"/>
      </object_component>
      <object_component id="oc-6c9">
         <name>.debug_info</name>
         <load_address>0xc390</load_address>
         <run_address>0xc390</run_address>
         <size>0x15b</size>
         <input_file_ref idref="fl-2d"/>
      </object_component>
      <object_component id="oc-788">
         <name>.debug_info</name>
         <load_address>0xc4eb</load_address>
         <run_address>0xc4eb</run_address>
         <size>0x147</size>
         <input_file_ref idref="fl-2d"/>
      </object_component>
      <object_component id="oc-748">
         <name>.debug_info</name>
         <load_address>0xc632</load_address>
         <run_address>0xc632</run_address>
         <size>0x14d</size>
         <input_file_ref idref="fl-2d"/>
      </object_component>
      <object_component id="oc-7c2">
         <name>.debug_info</name>
         <load_address>0xc77f</load_address>
         <run_address>0xc77f</run_address>
         <size>0x14c</size>
         <input_file_ref idref="fl-2d"/>
      </object_component>
      <object_component id="oc-79a">
         <name>.debug_info</name>
         <load_address>0xc8cb</load_address>
         <run_address>0xc8cb</run_address>
         <size>0x152</size>
         <input_file_ref idref="fl-2d"/>
      </object_component>
      <object_component id="oc-78d">
         <name>.debug_info</name>
         <load_address>0xca1d</load_address>
         <run_address>0xca1d</run_address>
         <size>0x1a5</size>
         <input_file_ref idref="fl-2d"/>
      </object_component>
      <object_component id="oc-74d">
         <name>.debug_info</name>
         <load_address>0xcbc2</load_address>
         <run_address>0xcbc2</run_address>
         <size>0x1ab</size>
         <input_file_ref idref="fl-2d"/>
      </object_component>
      <object_component id="oc-753">
         <name>.debug_info</name>
         <load_address>0xcd6d</load_address>
         <run_address>0xcd6d</run_address>
         <size>0x19a</size>
         <input_file_ref idref="fl-2d"/>
      </object_component>
      <object_component id="oc-793">
         <name>.debug_info</name>
         <load_address>0xcf07</load_address>
         <run_address>0xcf07</run_address>
         <size>0x194</size>
         <input_file_ref idref="fl-2d"/>
      </object_component>
      <object_component id="oc-7a5">
         <name>.debug_info</name>
         <load_address>0xd09b</load_address>
         <run_address>0xd09b</run_address>
         <size>0x59b</size>
         <input_file_ref idref="fl-2d"/>
      </object_component>
      <object_component id="oc-3bf">
         <name>.debug_info</name>
         <load_address>0xd636</load_address>
         <run_address>0xd636</run_address>
         <size>0x84</size>
         <input_file_ref idref="fl-2d"/>
      </object_component>
      <object_component id="oc-597">
         <name>.debug_info</name>
         <load_address>0xd6ba</load_address>
         <run_address>0xd6ba</run_address>
         <size>0x2c</size>
         <input_file_ref idref="fl-2d"/>
      </object_component>
      <object_component id="oc-7b3">
         <name>.debug_info</name>
         <load_address>0xd6e6</load_address>
         <run_address>0xd6e6</run_address>
         <size>0x11f</size>
         <input_file_ref idref="fl-2d"/>
      </object_component>
      <object_component id="oc-7e1">
         <name>.debug_info</name>
         <load_address>0xd805</load_address>
         <run_address>0xd805</run_address>
         <size>0x5b1</size>
         <input_file_ref idref="fl-2e"/>
      </object_component>
      <object_component id="oc-7c7">
         <name>.debug_info</name>
         <load_address>0xddb6</load_address>
[...]
         <name>_ZN13IrLAP_primary4initEP5IrPHY</name>
         <value>0x101b8</value>
         <object_component_ref idref="oc-5c5"/>
      </symbol>
      <symbol id="sm-479">
         <name>_ZTV13IrLAP_primary</name>
         <value>0x4c98</value>
         <object_component_ref idref="oc-60a"/>
      </symbol>
      <symbol id="sm-56b">
         <name>_ZN15IrPHY_InterfaceC2Ev</name>
         <value>0x111cc</value>
         <object_component_ref idref="oc-570"/>
      </symbol>
      <symbol id="sm-56c">
         <name>_ZN10RingbufferIcE3putEc</name>
         <value>0x10c20</value>
         <object_component_ref idref="oc-6f1"/>
      </symbol>
      <symbol id="sm-56d">
         <name>_ZN5IrPHY10send_frameEPhj</name>
         <value>0x1090a</value>
         <object_component_ref idref="oc-63a"/>
      </symbol>
      <symbol id="sm-56e">
         <name>_ZN10RingbufferIcE3popEv</name>
         <value>0x10d4a</value>
         <object_component_ref idref="oc-4c2"/>
      </symbol>
      <symbol id="sm-56f">
         <name>_ZNK10RingbufferIcE17storage_availableEv</name>
         <value>0x10ec2</value>
         <object_component_ref idref="oc-6ea"/>
      </symbol>
      <symbol id="sm-570">
         <name>_ZN10RingbufferIcED1Ev</name>
         <value>0x11236</value>
         <object_component_ref idref="oc-58d"/>
      </symbol>
      <symbol id="sm-571">
         <name>_ZNK5IrPHY15is_transmittingEv</name>
         <value>0x11202</value>
         <object_component_ref idref="oc-640"/>
      </symbol>
      <symbol id="sm-572">
         <name>_ZNK10RingbufferIcE8is_emptyEv</name>
         <value>0x10f28</value>
         <object_component_ref idref="oc-4bb"/>
      </symbol>
      <symbol id="sm-573">
         <name>_ZN10RingbufferIcEC1EPcj</name>
         <value>0x10dd2</value>
         <object_component_ref idref="oc-586"/>
      </symbol>
      <symbol id="sm-574">
         <name>_ZNK10RingbufferIcE7is_fullEv</name>
         <value>0x1112c</value>
         <object_component_ref idref="oc-6f8"/>
      </symbol>
      <symbol id="sm-575">
         <name>_ZN5IrPHY13get_new_frameEPhRj</name>
         <value>0x10e14</value>
         <object_component_ref idref="oc-658"/>
      </symbol>
      <symbol id="sm-576">
         <name>_ZN10RingbufferIcEC1Ev</name>
         <value>0x10f5a</value>
         <object_component_ref idref="oc-57f"/>
      </symbol>
      <symbol id="sm-577">
         <name>_ZN5IrPHY14send_next_dataEv</name>
         <value>0x1054c</value>
         <object_component_ref idref="oc-442"/>
      </symbol>
      <symbol id="sm-578">
         <name>_ZTV5IrPHY</name>
         <value>0x4b96</value>
         <object_component_ref idref="oc-577"/>
      </symbol>
      <symbol id="sm-579">
         <name>_ZTS5IrPHY</name>
         <value>0x4cd2</value>
         <object_component_ref idref="oc-6de"/>
      </symbol>
      <symbol id="sm-57a">
         <name>_ZN5IrPHY6deinitEv</name>
         <value>0x111de</value>
         <object_component_ref idref="oc-634"/>
      </symbol>
      <symbol id="sm-57b">
         <name>_ZN5IrPHY8set_baudEh</name>
         <value>0x111f0</value>
         <object_component_ref idref="oc-652"/>
      </symbol>
      <symbol id="sm-57c">
         <name>_ZN5IrPHY19clear_intput_bufferEv</name>
         <value>0x11110</value>
         <object_component_ref idref="oc-64c"/>
      </symbol>
      <symbol id="sm-57d">
         <name>_ZN5IrPHYC2Ev</name>
         <value>0x10650</value>
         <object_component_ref idref="oc-488"/>
      </symbol>
      <symbol id="sm-57e">
         <name>_ZTV15IrPHY_Interface</name>
         <value>0x4b6a</value>
         <object_component_ref idref="oc-6d9"/>
      </symbol>
      <symbol id="sm-57f">
         <name>_ZN15IrPHY_InterfaceC1Ev</name>
         <value>0x11148</value>
         <object_component_ref idref="oc-622"/>
      </symbol>
      <symbol id="sm-580">
         <name>_ZN10RingbufferIcE12clear_bufferEv</name>
         <value>0x1103a</value>
         <object_component_ref idref="oc-702"/>
      </symbol>
      <symbol id="sm-581">
         <name>_ZTI5IrPHY</name>
         <value>0x4c68</value>
         <object_component_ref idref="oc-629"/>
      </symbol>
      <symbol id="sm-582">
         <name>_ZTS15IrPHY_Interface</name>
         <value>0x4c0a</value>
         <object_component_ref idref="oc-75c"/>
      </symbol>
      <symbol id="sm-583">
         <name>_Z8get_timev</name>
         <value>0x11226</value>
         <object_component_ref idref="oc-4c9"/>
      </symbol>
      <symbol id="sm-584">
         <name>_ZN5IrPHYC1Ev</name>
         <value>0x10650</value>
         <object_component_ref idref="oc-488"/>
      </symbol>
      <symbol id="sm-585">
         <name>_ZN5IrPHY17put_received_dataEh</name>
         <value>0x10000</value>
         <object_component_ref idref="oc-646"/>
      </symbol>
      <symbol id="sm-586">
         <name>_ZN5IrPHY4initEv</name>
         <value>0x11086</value>
         <object_component_ref idref="oc-62e"/>
      </symbol>
      <symbol id="sm-587">
         <name>_ZTI15IrPHY_Interface</name>
         <value>0x4cc2</value>
         <object_component_ref idref="oc-6e3"/>
      </symbol>
      <symbol id="sm-5e5">
         <name>adc_ntc_u</name>
         <value>0x1f34</value>
      </symbol>
      <symbol id="sm-5e6">
         <name>adc_ntc_sup</name>
         <value>0x1f32</value>
      </symbol>
      <symbol id="sm-5e7">
         <name>adc_batt_u</name>
         <value>0x1f30</value>
      </symbol>
      <symbol id="sm-5e8">
         <name>adc_vcc_u</name>
         <value>0x1f36</value>
      </symbol>
      <symbol id="sm-5e9">
         <name>irPHY</name>
         <value>0x1c00</value>
         <object_component_ref idref="oc-43f"/>
      </symbol>
      <symbol id="sm-5ea">
         <name>__TI_int46</name>
         <value>0xffec</value>
         <object_component_ref idref="oc-92"/>
      </symbol>
      <symbol id="sm-5eb">
         <name>__TI_int44</name>
         <value>0xffe8</value>
         <object_component_ref idref="oc-90"/>
      </symbol>
      <symbol id="sm-5ec">
         <name>__TI_int43</name>
         <value>0xffe6</value>
         <object_component_ref idref="oc-8f"/>
      </symbol>
      <symbol id="sm-5ed">
         <name>__sti___8_main_cpp_time_of</name>
         <value>0x110d0</value>
         <object_component_ref idref="oc-424"/>
      </symbol>
      <symbol id="sm-5ee">
         <name>_Z11USCI_A1_ISRv</name>
         <value>0x494c</value>
         <object_component_ref idref="oc-3d6"/>
      </symbol>
      <symbol id="sm-5ef">
         <name>main</name>
         <value>0x10320</value>
         <object_component_ref idref="oc-463"/>
      </symbol>
      <symbol id="sm-5f0">
         <name>time_of</name>
         <value>0x1f48</value>
         <object_component_ref idref="oc-449"/>
      </symbol>
      <symbol id="sm-5f1">
         <name>_ZN5IrPHYD1Ev</name>
         <value>0x10f8a</value>
         <object_component_ref idref="oc-48e"/>
      </symbol>
      <symbol id="sm-5f2">
         <name>_Z13TIMER0_A1_ISRv</name>
         <value>0x4914</value>
         <object_component_ref idref="oc-3dc"/>
      </symbol>
      <symbol id="sm-5f3">
         <name>_Z9ADC12_ISRv</name>
         <value>0x4800</value>
         <object_component_ref idref="oc-3e2"/>
      </symbol>
      <symbol id="sm-5f4">
         <name>microTP</name>
         <value>0x1dea</value>
         <object_component_ref idref="oc-47f"/>
      </symbol>
      <symbol id="sm-649">
         <name>_ZN10__cxxabiv117__class_type_infoD1Ev</name>
         <value>0x11244</value>
         <object_component_ref idref="oc-78c"/>
      </symbol>
      <symbol id="sm-64a">
         <name>_ZTSN10__cxxabiv120__si_class_type_infoE</name>
         <value>0x4bc2</value>
         <object_component_ref idref="oc-799"/>
      </symbol>
      <symbol id="sm-64b">
         <name>_ZTSN10__cxxabiv117__class_type_infoE</name>
         <value>0x4be8</value>
         <object_component_ref idref="oc-7c1"/>
      </symbol>
      <symbol id="sm-64c">
         <name>_ZN10__cxxabiv117__class_type_infoD2Ev</name>
         <value>0x11244</value>
         <object_component_ref idref="oc-78c"/>
      </symbol>
      <symbol id="sm-64d">
         <name>_ZN10__cxxabiv120__si_class_type_infoD2Ev</name>
         <value>0x11252</value>
         <object_component_ref idref="oc-74c"/>
      </symbol>
      <symbol id="sm-64e">
         <name>_ZTVN10__cxxabiv117__class_type_infoE</name>
         <value>0x4c2c</value>
         <object_component_ref idref="oc-736"/>
      </symbol>
      <symbol id="sm-64f">
         <name>_ZTIN10__cxxabiv117__class_type_infoE</name>
         <value>0x4c80</value>
         <object_component_ref idref="oc-787"/>
      </symbol>
      <symbol id="sm-650">
         <name>_ZN10__cxxabiv120__si_class_type_infoD1Ev</name>
         <value>0x11252</value>
         <object_component_ref idref="oc-74c"/>
      </symbol>
      <symbol id="sm-651">
         <name>_ZTIN10__cxxabiv120__si_class_type_infoE</name>
         <value>0x4c8c</value>
         <object_component_ref idref="oc-747"/>
      </symbol>
      <symbol id="sm-652">
         <name>_ZN10__cxxabiv117__class_type_infoD0Ev</name>
         <value>0x111a4</value>
         <object_component_ref idref="oc-792"/>
      </symbol>
      <symbol id="sm-653">
         <name>_ZTVN10__cxxabiv120__si_class_type_infoE</name>
         <value>0x4c3c</value>
         <object_component_ref idref="oc-6c8"/>
      </symbol>
      <symbol id="sm-654">
         <name>_ZN10__cxxabiv120__si_class_type_infoD0Ev</name>
         <value>0x11162</value>
         <object_component_ref idref="oc-752"/>
      </symbol>
      <symbol id="sm-67a">
         <name>_ZTSSt9type_info</name>
         <value>0x4c5a</value>
         <object_component_ref idref="oc-7dc"/>
      </symbol>
      <symbol id="sm-67b">
         <name>_ZNSt9type_infoD2Ev</name>
         <value>0x112a4</value>
         <object_component_ref idref="oc-79e"/>
      </symbol>
      <symbol id="sm-67c">
         <name>_ZNSt9type_infoD1Ev</name>
         <value>0x112a4</value>
         <object_component_ref idref="oc-79e"/>
      </symbol>
      <symbol id="sm-67d">
         <name>_ZTISt9type_info</name>
         <value>0x4cca</value>
         <object_component_ref idref="oc-7c6"/>
      </symbol>
      <symbol id="sm-698">
         <name>_ZdlPv</name>
         <value>0x1126e</value>
         <object_component_ref idref="oc-7d3"/>
      </symbol>
      <symbol id="sm-699">
         <name>_ZdlPvj</name>
         <value>0x11298</value>
         <object_component_ref idref="oc-7aa"/>
      </symbol>
      <symbol id="sm-6bc">
         <name>__TI_decompress_lzss</name>
         <value>0x109d2</value>
         <object_component_ref idref="oc-76"/>
      </symbol>
      <symbol id="sm-6cd">
         <name>__TI_decompress_none</name>
         <value>0x11214</value>
         <object_component_ref idref="oc-7c"/>
      </symbol>
      <symbol id="sm-6d0">
         <name>__TI_int30</name>
         <value>0xffcc</value>
         <object_component_ref idref="oc-82"/>
      </symbol>
      <symbol id="sm-6d8">
         <name>__TI_ISR_TRAP</name>
         <value>0x4996</value>
         <object_component_ref idref="oc-3d1"/>
      </symbol>
      <symbol id="sm-6db">
         <name>__TI_int31</name>
         <value>0xffce</value>
         <object_component_ref idref="oc-83"/>
      </symbol>
      <symbol id="sm-6de">
         <name>__TI_int32</name>
         <value>0xffd0</value>
         <object_component_ref idref="oc-84"/>
      </symbol>
      <symbol id="sm-6e1">
         <name>__TI_int33</name>
         <value>0xffd2</value>
         <object_component_ref idref="oc-85"/>
      </symbol>
      <symbol id="sm-6e4">
         <name>__TI_int34</name>
         <value>0xffd4</value>
         <object_component_ref idref="oc-86"/>
      </symbol>
      <symbol id="sm-6e7">
         <name>__TI_int35</name>
         <value>0xffd6</value>
         <object_component_ref idref="oc-87"/>
      </symbol>
      <symbol id="sm-6ea">
         <name>__TI_int36</name>
         <value>0xffd8</value>
         <object_component_ref idref="oc-88"/>
      </symbol>
      <symbol id="sm-6ed">
         <name>__TI_int37</name>
         <value>0xffda</value>
         <object_component_ref idref="oc-89"/>
      </symbol>
      <symbol id="sm-6f0">
         <name>__TI_int38</name>
         <value>0xffdc</value>
         <object_component_ref idref="oc-8a"/>
      </symbol>
      <symbol id="sm-6f3">
         <name>__TI_int39</name>
         <value>0xffde</value>
         <object_component_ref idref="oc-8b"/>
      </symbol>
      <symbol id="sm-6f6">
         <name>__TI_int40</name>
         <value>0xffe0</value>
         <object_component_ref idref="oc-8c"/>
      </symbol>
      <symbol id="sm-6f9">
         <name>__TI_int41</name>
         <value>0xffe2</value>
         <object_component_ref idref="oc-8d"/>
      </symbol>
      <symbol id="sm-6fc">
         <name>__TI_int42</name>
         <value>0xffe4</value>
         <object_component_ref idref="oc-8e"/>
      </symbol>
      <symbol id="sm-6ff">
         <name>__TI_int45</name>
         <value>0xffea</value>
         <object_component_ref idref="oc-91"/>
      </symbol>
      <symbol id="sm-702">
         <name>__TI_int47</name>
         <value>0xffee</value>
         <object_component_ref idref="oc-93"/>
      </symbol>
      <symbol id="sm-705">
         <name>__TI_int48</name>
         <value>0xfff0</value>
         <object_component_ref idref="oc-94"/>
      </symbol>
      <symbol id="sm-708">
         <name>__TI_int49</name>
         <value>0xfff2</value>
         <object_component_ref idref="oc-95"/>
      </symbol>
      <symbol id="sm-70b">
         <name>__TI_int50</name>
         <value>0xfff4</value>
         <object_component_ref idref="oc-96"/>
      </symbol>
      <symbol id="sm-70e">
         <name>__TI_int51</name>
         <value>0xfff6</value>
         <object_component_ref idref="oc-97"/>
      </symbol>
      <symbol id="sm-711">
         <name>__TI_int52</name>
         <value>0xfff8</value>
         <object_component_ref idref="oc-98"/>
      </symbol>
      <symbol id="sm-714">
         <name>__TI_int53</name>
         <value>0xfffa</value>
         <object_component_ref idref="oc-99"/>
      </symbol>
      <symbol id="sm-717">
         <name>__TI_int54</name>
         <value>0xfffc</value>
         <object_component_ref idref="oc-9a"/>
      </symbol>
      <symbol id="sm-72a">
         <name>__TI_zero_init_nomemset</name>
         <value>0x110ac</value>
         <object_component_ref idref="oc-3e8"/>
      </symbol>
      <symbol id="sm-765">
         <name>__dso_handle</name>
         <value>0x1f2c</value>
      </symbol>
      <symbol id="sm-766">
         <name>_Z25__add_destruction_to_listPP20a_needed_destructionPFYvPvES2_S2_</name>
         <value>0x10d04</value>
         <object_component_ref idref="oc-5ac"/>
      </symbol>
      <symbol id="sm-767">
         <name>__cxa_atexit</name>
         <value>0x11060</value>
         <object_component_ref idref="oc-498"/>
      </symbol>
      <symbol id="sm-768">
         <name>_Z23__finalize_destructionsPP20a_needed_destructionPv</name>
         <value>0x10bd2</value>
         <object_component_ref idref="oc-716"/>
      </symbol>
      <symbol id="sm-769">
         <name>__cxa_ia64_exit</name>
         <value>0x11278</value>
         <object_component_ref idref="oc-66f"/>
      </symbol>
      <symbol id="sm-778">
         <name>__TI_dtors_ptr</name>
         <value>0x1f3c</value>
         <object_component_ref idref="oc-5e1"/>
      </symbol>
      <symbol id="sm-779">
         <name>__TI_cleanup_ptr</name>
         <value>0x1f38</value>
         <object_component_ref idref="oc-5e4"/>
      </symbol>
      <symbol id="sm-782">
         <name>__cxa_pure_virtual</name>
         <value>0x11282</value>
         <object_component_ref idref="oc-6c2"/>
      </symbol>
      <symbol id="sm-78b">
         <name>__abort_execution</name>
         <value>0x1129c</value>
         <object_component_ref idref="oc-740"/>
      </symbol>
      <symbol id="sm-79a">
         <name>__mspabi_remu</name>
         <value>0x1118e</value>
         <object_component_ref idref="oc-5b6"/>
      </symbol>
      <symbol id="sm-79b">
         <name>__mspabi_divu</name>
         <value>0x1118e</value>
         <object_component_ref idref="oc-5b6"/>
      </symbol>
      <symbol id="sm-7ab">
         <name>_c_int00_noargs_mpu</name>
         <value>0x4976</value>
         <object_component_ref idref="oc-412"/>
      </symbol>
      <symbol id="sm-7ac">
         <name>_stack</name>
         <value>0x2360</value>
         <object_component_ref idref="oc-3b2"/>
      </symbol>
      <symbol id="sm-7ad">
         <name>_reset_vector</name>
         <value>0xfffe</value>
         <object_component_ref idref="oc-3b5"/>
      </symbol>
      <symbol id="sm-7b6">
         <name>__mpu_init</name>
         <value>0x10fb8</value>
         <object_component_ref idref="oc-475"/>
      </symbol>
      <symbol id="sm-7dd">
         <name>__TI_auto_init_nobinit_hold_wdt</name>
         <value>0x10abc</value>
         <object_component_ref idref="oc-54b"/>
      </symbol>
      <symbol id="sm-7f3">
         <name>_nop</name>
         <value>0x112a6</value>
         <object_component_ref idref="oc-65e"/>
      </symbol>
      <symbol id="sm-7f4">
         <name>_lock</name>
         <value>0x1f40</value>
         <object_component_ref idref="oc-5a6"/>
      </symbol>
      <symbol id="sm-7f5">
         <name>_unlock</name>
         <value>0x1f44</value>
         <object_component_ref idref="oc-5b2"/>
      </symbol>
      <symbol id="sm-7fe">
         <name>_system_post_cinit</name>
         <value>0x112a8</value>
         <object_component_ref idref="oc-5e9"/>
      </symbol>
      <symbol id="sm-807">
         <name>_system_pre_init</name>
         <value>0x112a0</value>
         <object_component_ref idref="oc-45d"/>
      </symbol>
      <symbol id="sm-824">
         <name>C$$EXIT</name>
         <value>0x11292</value>
         <object_component_ref idref="oc-521"/>
      </symbol>
      <symbol id="sm-825">
         <name>abort</name>
         <value>0x11292</value>
         <object_component_ref idref="oc-521"/>
      </symbol>
      <symbol id="sm-826">
         <name>__TI_enable_exit_profile_output</name>
         <value>0x1f50</value>
         <object_component_ref idref="oc-5de"/>
      </symbol>
      <symbol id="sm-827">
         <name>exit</name>
         <value>0x10cba</value>
         <object_component_ref idref="oc-527"/>
      </symbol>
      <symbol id="sm-8b3">
         <name>_sys_memory</name>
         <value>0x4400</value>
         <object_component_ref idref="oc-3b6"/>
      </symbol>
      <symbol id="sm-8b4">
         <name>free</name>
         <value>0x10752</value>
         <object_component_ref idref="oc-780"/>
      </symbol>
      <symbol id="sm-8b5">
         <name>memalign</name>
         <value>0x1043a</value>
         <object_component_ref idref="oc-70f"/>
      </symbol>
      <symbol id="sm-8b6">
         <name>malloc</name>
         <value>0x1128a</value>
         <object_component_ref idref="oc-669"/>
      </symbol>
      <symbol id="sm-8b7">
         <name>aligned_alloc</name>
         <value>0x1043a</value>
         <object_component_ref idref="oc-70f"/>
      </symbol>
      <symbol id="sm-8c5">
         <name>memcpy</name>
         <value>0x111b8</value>
         <object_component_ref idref="oc-3c4"/>
      </symbol>
      <symbol id="sm-8d3">
         <name>strlen</name>
         <value>0x11260</value>
         <object_component_ref idref="oc-514"/>
      </symbol>
      <symbol id="sm-8d8">
         <name>_ZSt17__throw_bad_allocv</name>
         <value>0x11292</value>
      </symbol>
   </symbol_table>
   <title>Link successful</title>
</link_info>
