<?xml version="1.0" encoding="ISO-8859-1" ?>
<link_info>
   <banner>MSP430 Linker Unix v21.6.1.LTS</banner>
   <copyright>Copyright (c) 2003-2018 Texas Instruments Incorporated</copyright>
   <link_time>0x63bb013c</link_time>
   <link_errors>0x0</link_errors>
   <output_file>board_test.out</output_file>
   <entry_point>
      <name>_c_int00_noargs_mpu</name>
      <address>0x5cd2</address>
   </entry_point>
   <input_file_list>
      <input_file id="fl-2">
         <path>./</path>
         <kind>object</kind>
         <file>MicroTP.obj</file>
         <name>MicroTP.obj</name>
      </input_file>
      <input_file id="fl-3">
         <path>./</path>
         <kind>object</kind>
         <file>irlap_primary.obj</file>
         <name>irlap_primary.obj</name>
      </input_file>
      <input_file id="fl-4">
         <path>./</path>
         <kind>object</kind>
         <file>irlap_secondary.obj</file>
         <name>irlap_secondary.obj</name>
      </input_file>
      <input_file id="fl-5">
         <path>./</path>
         <kind>object</kind>
         <file>irphy.obj</file>
         <name>irphy.obj</name>
      </input_file>
      <input_file id="fl-6">
         <path>./</path>
         <kind>object</kind>
         <file>main.obj</file>
         <name>main.obj</name>
      </input_file>
      <input_file id="fl-d">
         <kind>object</kind>
         <file>&lt;internal&gt;</file>
         <name>&lt;internal&gt;</name>
      </input_file>
      <input_file id="fl-2d">
         <path>/opt/ccs/ccs1210/ccs/tools/compiler/ti-cgt-msp430_21.6.1.LTS/lib/</path>
         <kind>archive</kind>
         <file>rts430x_lc_sd_eabi.lib</file>
         <name>typeinfo.c.obj</name>
      </input_file>
      <input_file id="fl-2e">
         <path>/opt/ccs/ccs1210/ccs/tools/compiler/ti-cgt-msp430_21.6.1.LTS/lib/</path>
         <kind>archive</kind>
         <file>rts430x_lc_sd_eabi.lib</file>
         <name>stdlib_typeinfo.cpp.obj</name>
      </input_file>
      <input_file id="fl-2f">
         <path>/opt/ccs/ccs1210/ccs/tools/compiler/ti-cgt-msp430_21.6.1.LTS/lib/</path>
         <kind>archive</kind>
         <file>rts430x_lc_sd_eabi.lib</file>
         <name>stdlib_exception.cpp.obj</name>
      </input_file>
      <input_file id="fl-30">
         <path>/opt/ccs/ccs1210/ccs/tools/compiler/ti-cgt-msp430_21.6.1.LTS/lib/</path>
         <kind>archive</kind>
         <file>rts430x_lc_sd_eabi.lib</file>
         <name>new.cpp.obj</name>
      </input_file>
      <input_file id="fl-31">
         <path>/opt/ccs/ccs1210/ccs/tools/compiler/ti-cgt-msp430_21.6.1.LTS/lib/</path>
         <kind>archive</kind>
         <file>rts430x_lc_sd_eabi.lib</file>
         <name>copy_decompress_lzss.c.obj</name>
      </input_file>
      <input_file id="fl-32">
         <path>/opt/ccs/ccs1210/ccs/tools/compiler/ti-cgt-msp430_21.6.1.LTS/lib/</path>
         <kind>archive</kind>
         <file>rts430x_lc_sd_eabi.lib</file>
         <name>copy_decompress_none.c.obj</name>
      </input_file>
      <input_file id="fl-33">
         <path>/opt/ccs/ccs1210/ccs/tools/compiler/ti-cgt-msp430_21.6.1.LTS/lib/</path>
         <kind>archive</kind>
         <file>rts430x_lc_sd_eabi.lib</file>
         <name>int30.asm.obj</name>
      </input_file>
      <input_file id="fl-34">
         <path>/opt/ccs/ccs1210/ccs/tools/compiler/ti-cgt-msp430_21.6.1.LTS/lib/</path>
         <kind>archive</kind>
         <file>rts430x_lc_sd_eabi.lib</file>
         <name>isr_trap.asm.obj</name>
      </input_file>
      <input_file id="fl-35">
         <path>/opt/ccs/ccs1210/ccs/tools/compiler/ti-cgt-msp430_21.6.1.LTS/lib/</path>
         <kind>archive</kind>
         <file>rts430x_lc_sd_eabi.lib</file>
         <name>int31.asm.obj</name>
      </input_file>
      <input_file id="fl-36">
         <path>/opt/ccs/ccs1210/ccs/tools/compiler/ti-cgt-msp430_21.6.1.LTS/lib/</path>
         <kind>archive</kind>
         <file>rts430x_lc_sd_eabi.lib</file>
         <name>int32.asm.obj</name>
      </input_file>
      <input_file id="fl-37">
         <path>/opt/ccs/ccs1210/ccs/tools/compiler/ti-cgt-msp430_21.6.1.LTS/lib/</path>
         <kind>archive</kind>
         <file>rts430x_lc_sd_eabi.lib</file>
         <name>int33.asm.obj</name>
      </input_file>
      <input_file id="fl-38">
         <path>/opt/ccs/ccs1210/ccs/tools/compiler/ti-cgt-msp430_21.6.1.LTS/lib/</path>
         <kind>archive</kind>
         <file>rts430x_lc_sd_eabi.lib</file>
         <name>int34.asm.obj</name>
      </input_file>
      <input_file id="fl-39">
         <path>/opt/ccs/ccs1210/ccs/tools/compiler/ti-cgt-msp430_21.6.1.LTS/lib/</path>
         <kind>archive</kind>
         <file>rts430x_lc_sd_eabi.lib</file>
         <name>int35.asm.obj</name>
      </input_file>
      <input_file id="fl-3a">
         <path>/opt/ccs/ccs1210/ccs/tools/compiler/ti-cgt-msp430_21.6.1.LTS/lib/</path>
         <kind>archive</kind>
         <file>rts430x_lc_sd_eabi.lib</file>
         <name>int36.asm.obj</name>
      </input_file>
      <input_file id="fl-3b">
         <path>/opt/ccs/ccs1210/ccs/tools/compiler/ti-cgt-msp430_21.6.1.LTS/lib/</path>
         <kind>archive</kind>
         <file>rts430x_lc_sd_eabi.lib</file>
         <name>int37.asm.obj</name>
      </input_file>
      <input_file id="fl-3c">
         <path>/opt/ccs/ccs1210/ccs/tools/compiler/ti-cgt-msp430_21.6.1.LTS/lib/</path>
         <kind>archive</kind>
         <file>rts430x_lc_sd_eabi.lib</file>
         <name>int38.asm.obj</name>
      </input_file>
      <input_file id="fl-3d">
         <path>/opt/ccs/ccs1210/ccs/tools/compiler/ti-cgt-msp430_21.6.1.LTS/lib/</path>
         <kind>archive</kind>
         <file>rts430x_lc_sd_eabi.lib</file>
         <name>int39.asm.obj</name>
      </input_file>
      <input_file id="fl-3e">
         <path>/opt/ccs/ccs1210/ccs/tools/compiler/ti-cgt-msp430_21.6.1.LTS/lib/</path>
         <kind>archive</kind>
         <file>rts430x_lc_sd_eabi.lib</file>
         <name>int40.asm.obj</name>
      </input_file>
      <input_file id="fl-3f">
         <path>/opt/ccs/ccs1210/ccs/tools/compiler/ti-cgt-msp430_21.6.1.LTS/lib/</path>
         <kind>archive</kind>
         <file>rts430x_lc_sd_eabi.lib</file>
         <name>int41.asm.obj</name>
      </input_file>
      <input_file id="fl-40">
         <path>/opt/ccs/ccs1210/ccs/tools/compiler/ti-cgt-msp430_21.6.1.LTS/lib/</path>
         <kind>archive</kind>
         <file>rts430x_lc_sd_eabi.lib</file>
         <name>int42.asm.obj</name>
      </input_file>
      <input_file id="fl-41">
         <path>/opt/ccs/ccs1210/ccs/tools/compiler/ti-cgt-msp430_21.6.1.LTS/lib/</path>
         <kind>archive</kind>
         <file>rts430x_lc_sd_eabi.lib</file>
         <name>int44.asm.obj</name>
      </input_file>
      <input_file id="fl-42">
         <path>/opt/ccs/ccs1210/ccs/tools/compiler/ti-cgt-msp430_21.6.1.LTS/lib/</path>
         <kind>archive</kind>
         <file>rts430x_lc_sd_eabi.lib</file>
         <name>int45.asm.obj</name>
      </input_file>
      <input_file id="fl-43">
         <path>/opt/ccs/ccs1210/ccs/tools/compiler/ti-cgt-msp430_21.6.1.LTS/lib/</path>
         <kind>archive</kind>
         <file>rts430x_lc_sd_eabi.lib</file>
         <name>int47.asm.obj</name>
      </input_file>
      <input_file id="fl-44">
         <path>/opt/ccs/ccs1210/ccs/tools/compiler/ti-cgt-msp430_21.6.1.LTS/lib/</path>
         <kind>archive</kind>
         <file>rts430x_lc_sd_eabi.lib</file>
         <name>int48.asm.obj</name>
      </input_file>
      <input_file id="fl-45">
         <path>/opt/ccs/ccs1210/ccs/tools/compiler/ti-cgt-msp430_21.6.1.LTS/lib/</path>
         <kind>archive</kind>
         <file>rts430x_lc_sd_eabi.lib</file>
         <name>int49.asm.obj</name>
      </input_file>
      <input_file id="fl-46">
         <path>/opt/ccs/ccs1210/ccs/tools/compiler/ti-cgt-msp430_21.6.1.LTS/lib/</path>
         <kind>archive</kind>
         <file>rts430x_lc_sd_eabi.lib</file>
         <name>int50.asm.obj</name>
      </input_file>
      <input_file id="fl-47">
         <path>/opt/ccs/ccs1210/ccs/tools/compiler/ti-cgt-msp430_21.6.1.LTS/lib/</path>
         <kind>archive</kind>
         <file>rts430x_lc_sd_eabi.lib</file>
         <name>int51.asm.obj</name>
      </input_file>
      <input_file id="fl-48">
         <path>/opt/ccs/ccs1210/ccs/tools/compiler/ti-cgt-msp430_21.6.1.LTS/lib/</path>
         <kind>archive</kind>
         <file>rts430x_lc_sd_eabi.lib</file>
         <name>int52.asm.obj</name>
      </input_file>
      <input_file id="fl-49">
         <path>/opt/ccs/ccs1210/ccs/tools/compiler/ti-cgt-msp430_21.6.1.LTS/lib/</path>
         <kind>archive</kind>
         <file>rts430x_lc_sd_eabi.lib</file>
         <name>int53.asm.obj</name>
      </input_file>
      <input_file id="fl-4a">
         <path>/opt/ccs/ccs1210/ccs/tools/compiler/ti-cgt-msp430_21.6.1.LTS/lib/</path>
         <kind>archive</kind>
         <file>rts430x_lc_sd_eabi.lib</file>
         <name>int54.asm.obj</name>
      </input_file>
      <input_file id="fl-4b">
         <path>/opt/ccs/ccs1210/ccs/tools/compiler/ti-cgt-msp430_21.6.1.LTS/lib/</path>
         <kind>archive</kind>
         <file>rts430x_lc_sd_eabi.lib</file>
         <name>copy_zero_init.c.obj</name>
      </input_file>
      <input_file id="fl-4c">
         <path>/opt/ccs/ccs1210/ccs/tools/compiler/ti-cgt-msp430_21.6.1.LTS/lib/</path>
         <kind>archive</kind>
         <file>rts430x_lc_sd_eabi.lib</file>
         <name>dtor_list.c.obj</name>
      </input_file>
      <input_file id="fl-4d">
         <path>/opt/ccs/ccs1210/ccs/tools/compiler/ti-cgt-msp430_21.6.1.LTS/lib/</path>
         <kind>archive</kind>
         <file>rts430x_lc_sd_eabi.lib</file>
         <name>exit_gvars.c.obj</name>
      </input_file>
      <input_file id="fl-4e">
         <path>/opt/ccs/ccs1210/ccs/tools/compiler/ti-cgt-msp430_21.6.1.LTS/lib/</path>
         <kind>archive</kind>
         <file>rts430x_lc_sd_eabi.lib</file>
         <name>pure_virt.c.obj</name>
      </input_file>
      <input_file id="fl-4f">
         <path>/opt/ccs/ccs1210/ccs/tools/compiler/ti-cgt-msp430_21.6.1.LTS/lib/</path>
         <kind>archive</kind>
         <file>rts430x_lc_sd_eabi.lib</file>
         <name>error.c.obj</name>
      </input_file>
      <input_file id="fl-50">
         <path>/opt/ccs/ccs1210/ccs/tools/compiler/ti-cgt-msp430_21.6.1.LTS/lib/</path>
         <kind>archive</kind>
         <file>rts430x_lc_sd_eabi.lib</file>
         <name>cpy_util.asm.obj</name>
      </input_file>
      <input_file id="fl-51">
         <path>/opt/ccs/ccs1210/ccs/tools/compiler/ti-cgt-msp430_21.6.1.LTS/lib/</path>
         <kind>archive</kind>
         <file>rts430x_lc_sd_eabi.lib</file>
         <name>mult16_f5hw.asm.obj</name>
      </input_file>
      <input_file id="fl-52">
         <path>/opt/ccs/ccs1210/ccs/tools/compiler/ti-cgt-msp430_21.6.1.LTS/lib/</path>
         <kind>archive</kind>
         <file>rts430x_lc_sd_eabi.lib</file>
         <name>mult32_f5hw.asm.obj</name>
      </input_file>
      <input_file id="fl-53">
         <path>/opt/ccs/ccs1210/ccs/tools/compiler/ti-cgt-msp430_21.6.1.LTS/lib/</path>
         <kind>archive</kind>
         <file>rts430x_lc_sd_eabi.lib</file>
         <name>mult64_f5hw.asm.obj</name>
      </input_file>
      <input_file id="fl-54">
         <path>/opt/ccs/ccs1210/ccs/tools/compiler/ti-cgt-msp430_21.6.1.LTS/lib/</path>
         <kind>archive</kind>
         <file>rts430x_lc_sd_eabi.lib</file>
         <name>mult1632_f5hw.asm.obj</name>
      </input_file>
      <input_file id="fl-55">
         <path>/opt/ccs/ccs1210/ccs/tools/compiler/ti-cgt-msp430_21.6.1.LTS/lib/</path>
         <kind>archive</kind>
         <file>rts430x_lc_sd_eabi.lib</file>
         <name>mult3264_f5hw.asm.obj</name>
      </input_file>
      <input_file id="fl-56">
         <path>/opt/ccs/ccs1210/ccs/tools/compiler/ti-cgt-msp430_21.6.1.LTS/lib/</path>
         <kind>archive</kind>
         <file>rts430x_lc_sd_eabi.lib</file>
         <name>div16u.asm.obj</name>
      </input_file>
      <input_file id="fl-57">
         <path>/opt/ccs/ccs1210/ccs/tools/compiler/ti-cgt-msp430_21.6.1.LTS/lib/</path>
         <kind>archive</kind>
         <file>rts430x_lc_sd_eabi.lib</file>
         <name>boot.c.obj</name>
      </input_file>
      <input_file id="fl-58">
         <path>/opt/ccs/ccs1210/ccs/ccs_base/msp430/lib/FR59xx/</path>
         <kind>archive</kind>
         <file>MSPMPU_INIT_LIB_CCS_msp430_large_code_small_data.lib</file>
         <name>mpu_init.o</name>
      </input_file>
      <input_file id="fl-59">
         <path>/opt/ccs/ccs1210/ccs/tools/compiler/ti-cgt-msp430_21.6.1.LTS/lib/</path>
         <kind>archive</kind>
         <file>rts430x_lc_sd_eabi.lib</file>
         <name>args_main.c.obj</name>
      </input_file>
      <input_file id="fl-5a">
         <path>/opt/ccs/ccs1210/ccs/tools/compiler/ti-cgt-msp430_21.6.1.LTS/lib/</path>
         <kind>archive</kind>
         <file>rts430x_lc_sd_eabi.lib</file>
         <name>autoinit.c.obj</name>
      </input_file>
      <input_file id="fl-5b">
         <path>/opt/ccs/ccs1210/ccs/tools/compiler/ti-cgt-msp430_21.6.1.LTS/lib/</path>
         <kind>archive</kind>
         <file>rts430x_lc_sd_eabi.lib</file>
         <name>_lock.c.obj</name>
      </input_file>
      <input_file id="fl-5c">
         <path>/opt/ccs/ccs1210/ccs/tools/compiler/ti-cgt-msp430_21.6.1.LTS/lib/</path>
         <kind>archive</kind>
         <file>rts430x_lc_sd_eabi.lib</file>
         <name>startup.c.obj</name>
      </input_file>
      <input_file id="fl-5d">
         <path>/opt/ccs/ccs1210/ccs/tools/compiler/ti-cgt-msp430_21.6.1.LTS/lib/</path>
         <kind>archive</kind>
         <file>rts430x_lc_sd_eabi.lib</file>
         <name>pre_init.c.obj</name>
      </input_file>
      <input_file id="fl-5e">
         <path>/opt/ccs/ccs1210/ccs/tools/compiler/ti-cgt-msp430_21.6.1.LTS/lib/</path>
         <kind>archive</kind>
         <file>rts430x_lc_sd_eabi.lib</file>
         <name>exit.c.obj</name>
      </input_file>
      <input_file id="fl-5f">
         <path>/opt/ccs/ccs1210/ccs/tools/compiler/ti-cgt-msp430_21.6.1.LTS/lib/</path>
         <kind>archive</kind>
         <file>rts430x_lc_sd_eabi.lib</file>
         <name>cpy_tbl.c.obj</name>
      </input_file>
      <input_file id="fl-60">
         <path>/opt/ccs/ccs1210/ccs/tools/compiler/ti-cgt-msp430_21.6.1.LTS/lib/</path>
         <kind>archive</kind>
         <file>rts430x_lc_sd_eabi.lib</file>
         <name>mult16.asm.obj</name>
      </input_file>
      <input_file id="fl-61">
         <path>/opt/ccs/ccs1210/ccs/tools/compiler/ti-cgt-msp430_21.6.1.LTS/lib/</path>
         <kind>archive</kind>
         <file>rts430x_lc_sd_eabi.lib</file>
         <name>memory.c.obj</name>
      </input_file>
      <input_file id="fl-62">
         <path>/opt/ccs/ccs1210/ccs/tools/compiler/ti-cgt-msp430_21.6.1.LTS/lib/</path>
         <kind>archive</kind>
         <file>rts430x_lc_sd_eabi.lib</file>
         <name>memcpy.c.obj</name>
      </input_file>
      <input_file id="fl-63">
         <path>/opt/ccs/ccs1210/ccs/tools/compiler/ti-cgt-msp430_21.6.1.LTS/lib/</path>
         <kind>archive</kind>
         <file>rts430x_lc_sd_eabi.lib</file>
         <name>memset.c.obj</name>
      </input_file>
      <input_file id="fl-64">
         <path>/opt/ccs/ccs1210/ccs/tools/compiler/ti-cgt-msp430_21.6.1.LTS/lib/</path>
         <kind>archive</kind>
         <file>rts430x_lc_sd_eabi.lib</file>
         <name>strlen.c.obj</name>
      </input_file>
   </input_file_list>
   <object_component_list>
      <object_component id="oc-3b6">
         <name>.sysmem</name>
         <uninitialized>true</uninitialized>
         <run_address>0x4400</run_address>
         <size>0x8</size>
         <input_file_ref idref="fl-61"/>
      </object_component>
      <object_component id="oc-84b">
         <name>.sysmem</name>
         <uninitialized>true</uninitialized>
         <run_address>0x4400</run_address>
         <size>0x0</size>
      </object_component>
      <object_component id="oc-848">
         <name>.cinit..data.load</name>
         <load_address>0x5cfe</load_address>
         <run_address>0x5cfe</run_address>
         <size>0x11</size>
      </object_component>
      <object_component id="oc-845">
         <name>__TI_handler_table</name>
         <load_address>0x5d10</load_address>
         <run_address>0x5d10</run_address>
         <size>0xc</size>
      </object_component>
      <object_component id="oc-847">
         <name>.cinit..bss.load</name>
         <load_address>0x5d1c</load_address>
         <run_address>0x5d1c</run_address>
         <size>0x6</size>
      </object_component>
      <object_component id="oc-846">
         <name>__TI_cinit_table</name>
         <load_address>0x5d22</load_address>
         <run_address>0x5d22</run_address>
         <size>0x10</size>
      </object_component>
      <object_component id="oc-7d6">
         <name>.binit</name>
         <load_address>0x4400</load_address>
         <run_address>0x4400</run_address>
         <size>0x0</size>
      </object_component>
      <object_component id="oc-3b1">
         <name>.init_array</name>
         <load_address>0x5cfa</load_address>
         <run_address>0x5cfa</run_address>
         <size>0x4</size>
         <input_file_ref idref="fl-6"/>
      </object_component>
      <object_component id="oc-849">
         <name>__TI_INITARRAY_Limit</name>
         <load_address>0x5cfe</load_address>
         <run_address>0x5cfe</run_address>
         <size>0x0</size>
      </object_component>
      <object_component id="oc-55b">
         <name>.const:.string:$P$T2$1</name>
         <load_address>0x586a</load_address>
         <run_address>0x586a</run_address>
         <size>0x100</size>
         <input_file_ref idref="fl-5"/>
      </object_component>
      <object_component id="oc-562">
         <name>.const:.string:$P$T3$2</name>
         <load_address>0x596a</load_address>
         <run_address>0x596a</run_address>
         <size>0x64</size>
         <input_file_ref idref="fl-5"/>
      </object_component>
      <object_component id="oc-563">
         <name>.const:.string:$P$T4$3</name>
         <load_address>0x59ce</load_address>
         <run_address>0x59ce</run_address>
         <size>0x64</size>
         <input_file_ref idref="fl-5"/>
      </object_component>
      <object_component id="oc-6be">
         <name>.const:_ZTV15IrPHY_Interface</name>
         <load_address>0x5a32</load_address>
         <run_address>0x5a32</run_address>
         <size>0x2c</size>
         <input_file_ref idref="fl-5"/>
      </object_component>
      <object_component id="oc-556">
         <name>.const:_ZTV5IrPHY</name>
         <load_address>0x5a5e</load_address>
         <run_address>0x5a5e</run_address>
         <size>0x2c</size>
         <input_file_ref idref="fl-5"/>
      </object_component>
      <object_component id="oc-779">
         <name>.const:.typeinfo:_ZTSN10__cxxabiv120__si_class_type_infoE</name>
         <load_address>0x5a8a</load_address>
         <run_address>0x5a8a</run_address>
         <size>0x25</size>
         <input_file_ref idref="fl-2d"/>
      </object_component>
      <object_component id="oc-7a0">
         <name>.const:.typeinfo:_ZTSN10__cxxabiv117__class_type_infoE</name>
         <load_address>0x5ab0</load_address>
         <run_address>0x5ab0</run_address>
         <size>0x22</size>
         <input_file_ref idref="fl-2d"/>
      </object_component>
      <object_component id="oc-742">
         <name>.const:.typeinfo:_ZTS15IrPHY_Interface</name>
         <load_address>0x5ad2</load_address>
         <run_address>0x5ad2</run_address>
         <size>0x12</size>
         <input_file_ref idref="fl-5"/>
      </object_component>
      <object_component id="oc-721">
         <name>.const:.typeinfo:_ZTS13IrLAP_primary</name>
         <load_address>0x5ae4</load_address>
         <run_address>0x5ae4</run_address>
         <size>0x10</size>
         <input_file_ref idref="fl-2"/>
      </object_component>
      <object_component id="oc-71c">
         <name>.const:_ZTVN10__cxxabiv117__class_type_infoE</name>
         <load_address>0x5af4</load_address>
         <run_address>0x5af4</run_address>
         <size>0x10</size>
         <input_file_ref idref="fl-2d"/>
      </object_component>
      <object_component id="oc-6ad">
         <name>.const:_ZTVN10__cxxabiv120__si_class_type_infoE</name>
         <load_address>0x5b04</load_address>
         <run_address>0x5b04</run_address>
         <size>0x10</size>
         <input_file_ref idref="fl-2d"/>
      </object_component>
      <object_component id="oc-4f0">
         <name>.const:.string:str</name>
         <load_address>0x5b14</load_address>
         <run_address>0x5b14</run_address>
         <size>0xd</size>
         <input_file_ref idref="fl-6"/>
      </object_component>
      <object_component id="oc-7bb">
         <name>.const:.typeinfo:_ZTSSt9type_info</name>
         <load_address>0x5b22</load_address>
         <run_address>0x5b22</run_address>
         <size>0xd</size>
         <input_file_ref idref="fl-2e"/>
      </object_component>
      <object_component id="oc-5f3">
         <name>.const:_ZTV13IrLAP_primary</name>
         <load_address>0x5b30</load_address>
         <run_address>0x5b30</run_address>
         <size>0xc</size>
         <input_file_ref idref="fl-3"/>
      </object_component>
      <object_component id="oc-547">
         <name>.const:_ZTV7MicroTP</name>
         <load_address>0x5b3c</load_address>
         <run_address>0x5b3c</run_address>
         <size>0xc</size>
         <input_file_ref idref="fl-2"/>
      </object_component>
      <object_component id="oc-6b2">
         <name>.const:.typeinfo:_ZTS7MicroTP</name>
         <load_address>0x5b48</load_address>
         <run_address>0x5b48</run_address>
         <size>0x9</size>
         <input_file_ref idref="fl-2"/>
      </object_component>
      <object_component id="oc-6c3">
         <name>.const:.typeinfo:_ZTS5IrPHY</name>
         <load_address>0x5b52</load_address>
         <run_address>0x5b52</run_address>
         <size>0x7</size>
         <input_file_ref idref="fl-5"/>
      </object_component>
      <object_component id="oc-612">
         <name>.const:.typeinfo:_ZTI5IrPHY</name>
         <load_address>0x5b5a</load_address>
         <run_address>0x5b5a</run_address>
         <size>0x6</size>
         <input_file_ref idref="fl-5"/>
      </object_component>
      <object_component id="oc-5fe">
         <name>.const:.typeinfo:_ZTI7MicroTP</name>
         <load_address>0x5b60</load_address>
         <run_address>0x5b60</run_address>
         <size>0x6</size>
         <input_file_ref idref="fl-2"/>
      </object_component>
      <object_component id="oc-767">
         <name>.const:.typeinfo:_ZTIN10__cxxabiv117__class_type_infoE</name>
         <load_address>0x5b66</load_address>
         <run_address>0x5b66</run_address>
         <size>0x6</size>
         <input_file_ref idref="fl-2d"/>
      </object_component>
      <object_component id="oc-72d">
         <name>.const:.typeinfo:_ZTIN10__cxxabiv120__si_class_type_infoE</name>
         <load_address>0x5b6c</load_address>
         <run_address>0x5b6c</run_address>
         <size>0x6</size>
         <input_file_ref idref="fl-2d"/>
      </object_component>
      <object_component id="oc-6a2">
         <name>.const:.typeinfo:_ZTI13IrLAP_primary</name>
         <load_address>0x5b72</load_address>
         <run_address>0x5b72</run_address>
         <size>0x4</size>
         <input_file_ref idref="fl-2"/>
      </object_component>
      <object_component id="oc-6c8">
         <name>.const:.typeinfo:_ZTI15IrPHY_Interface</name>
         <load_address>0x5b76</load_address>
         <run_address>0x5b76</run_address>
         <size>0x4</size>
         <input_file_ref idref="fl-5"/>
      </object_component>
      <object_component id="oc-7a5">
         <name>.const:.typeinfo:_ZTISt9type_info</name>
         <load_address>0x5b7a</load_address>
         <run_address>0x5b7a</run_address>
         <size>0x4</size>
         <input_file_ref idref="fl-2e"/>
      </object_component>
      <object_component id="oc-66f">
         <name>.const:$P$T10$4</name>
         <load_address>0x5b7e</load_address>
         <run_address>0x5b7e</run_address>
         <size>0x3</size>
         <input_file_ref idref="fl-3"/>
      </object_component>
      <object_component id="oc-672">
         <name>.const:$P$T11$5</name>
         <load_address>0x5b81</load_address>
         <run_address>0x5b81</run_address>
         <size>0x3</size>
         <input_file_ref idref="fl-3"/>
      </object_component>
      <object_component id="oc-675">
         <name>.const:$P$T12$6</name>
         <load_address>0x5b84</load_address>
         <run_address>0x5b84</run_address>
         <size>0x3</size>
         <input_file_ref idref="fl-3"/>
      </object_component>
      <object_component id="oc-678">
         <name>.const:$P$T13$7</name>
         <load_address>0x5b87</load_address>
         <run_address>0x5b87</run_address>
         <size>0x3</size>
         <input_file_ref idref="fl-3"/>
      </object_component>
      <object_component id="oc-666">
         <name>.const:$P$T7$1</name>
         <load_address>0x5b8a</load_address>
         <run_address>0x5b8a</run_address>
         <size>0x3</size>
         <input_file_ref idref="fl-3"/>
      </object_component>
      <object_component id="oc-669">
         <name>.const:$P$T8$2</name>
         <load_address>0x5b8d</load_address>
         <run_address>0x5b8d</run_address>
         <size>0x3</size>
         <input_file_ref idref="fl-3"/>
      </object_component>
      <object_component id="oc-66c">
         <name>.const:$P$T9$3</name>
         <load_address>0x5b90</load_address>
         <run_address>0x5b90</run_address>
         <size>0x3</size>
         <input_file_ref idref="fl-3"/>
      </object_component>
      <object_component id="oc-3db">
         <name>.text:_isr:_Z9ADC12_ISRv</name>
         <load_address>0x5b94</load_address>
         <run_address>0x5b94</run_address>
         <size>0x114</size>
         <input_file_ref idref="fl-6"/>
      </object_component>
      <object_component id="oc-3d5">
         <name>.text:_isr:_Z11USCI_A1_ISRv</name>
         <load_address>0x5ca8</load_address>
         <run_address>0x5ca8</run_address>
         <size>0x2a</size>
         <input_file_ref idref="fl-6"/>
      </object_component>
      <object_component id="oc-40b">
         <name>.text:_isr:_c_int00_noargs_mpu</name>
         <load_address>0x5cd2</load_address>
         <run_address>0x5cd2</run_address>
         <size>0x20</size>
         <input_file_ref idref="fl-57"/>
      </object_component>
      <object_component id="oc-3d0">
         <name>.text:_isr:__TI_ISR_TRAP</name>
         <load_address>0x5cf2</load_address>
         <run_address>0x5cf2</run_address>
         <size>0x8</size>
         <input_file_ref idref="fl-34"/>
      </object_component>
      <object_component id="oc-62f">
         <name>.text:_ZN5IrPHY17put_received_dataEh</name>
         <load_address>0x4800</load_address>
         <run_address>0x4800</run_address>
         <size>0x17e</size>
         <input_file_ref idref="fl-5"/>
      </object_component>
      <object_component id="oc-5a9">
         <name>.text:_ZN13IrLAP_primary4initEP5IrPHY</name>
         <load_address>0x497e</load_address>
         <run_address>0x497e</run_address>
         <size>0x146</size>
         <input_file_ref idref="fl-3"/>
      </object_component>
      <object_component id="oc-450">
         <name>.text:main</name>
         <load_address>0x4ac4</load_address>
         <run_address>0x4ac4</run_address>
         <size>0x116</size>
         <input_file_ref idref="fl-6"/>
      </object_component>
      <object_component id="oc-475">
         <name>.text:_ZN5IrPHYC1Ev</name>
         <load_address>0x4bda</load_address>
         <run_address>0x4bda</run_address>
         <size>0xfe</size>
         <input_file_ref idref="fl-5"/>
      </object_component>
      <object_component id="oc-6f6">
         <name>.text:aligned_alloc</name>
         <load_address>0x4cd8</load_address>
         <run_address>0x4cd8</run_address>
         <size>0xf0</size>
         <input_file_ref idref="fl-61"/>
      </object_component>
      <object_component id="oc-76">
         <name>.text:decompress:lzss:__TI_decompress_lzss</name>
         <load_address>0x4dc8</load_address>
         <run_address>0x4dc8</run_address>
         <size>0xee</size>
         <input_file_ref idref="fl-31"/>
      </object_component>
      <object_component id="oc-760">
         <name>.text:free</name>
         <load_address>0x4eb6</load_address>
         <run_address>0x4eb6</run_address>
         <size>0xd2</size>
         <input_file_ref idref="fl-61"/>
      </object_component>
      <object_component id="oc-623">
         <name>.text:_ZN5IrPHY10send_frameEPhj</name>
         <load_address>0x4f88</load_address>
         <run_address>0x4f88</run_address>
         <size>0xac</size>
         <input_file_ref idref="fl-5"/>
      </object_component>
      <object_component id="oc-52a">
         <name>.text:__TI_auto_init_nobinit_hold_wdt:__TI_auto_init_nobinit_hold_wdt</name>
         <load_address>0x5034</load_address>
         <run_address>0x5034</run_address>
         <size>0x84</size>
         <input_file_ref idref="fl-5a"/>
      </object_component>
      <object_component id="oc-759">
         <name>.text:split</name>
         <load_address>0x50b8</load_address>
         <run_address>0x50b8</run_address>
         <size>0x68</size>
         <input_file_ref idref="fl-61"/>
      </object_component>
      <object_component id="oc-5b9">
         <name>.text:_ZN7MicroTP11packet_wrapEPhj</name>
         <load_address>0x5120</load_address>
         <run_address>0x5120</run_address>
         <size>0x4e</size>
         <input_file_ref idref="fl-2"/>
      </object_component>
      <object_component id="oc-5bf">
         <name>.text:_ZN13IrLAP_primary22IrLAP_USERDATA_requestEPhj</name>
         <load_address>0x516e</load_address>
         <run_address>0x516e</run_address>
         <size>0x48</size>
         <input_file_ref idref="fl-3"/>
      </object_component>
      <object_component id="oc-506">
         <name>.text:exit</name>
         <load_address>0x51b6</load_address>
         <run_address>0x51b6</run_address>
         <size>0x48</size>
         <input_file_ref idref="fl-5e"/>
      </object_component>
      <object_component id="oc-6b7">
         <name>.text:_ZN7MicroTP13packet_unwrapEPhj</name>
         <load_address>0x51fe</load_address>
         <run_address>0x51fe</run_address>
         <size>0x46</size>
         <input_file_ref idref="fl-2"/>
      </object_component>
      <object_component id="oc-591">
         <name>.text:_Z25__add_destruction_to_listPP20a_needed_destructionPFYvPvES2_S2_</name>
         <load_address>0x5244</load_address>
         <run_address>0x5244</run_address>
         <size>0x44</size>
         <input_file_ref idref="fl-4c"/>
      </object_component>
      <object_component id="oc-6d6">
         <name>.text:_ZN10RingbufferIcE3putEc</name>
         <load_address>0x5288</load_address>
         <run_address>0x5288</run_address>
         <size>0x42</size>
         <input_file_ref idref="fl-5"/>
      </object_component>
      <object_component id="oc-434">
         <name>.text:_ZN5IrPHY14send_next_dataEv</name>
         <load_address>0x52ca</load_address>
         <run_address>0x52ca</run_address>
         <size>0x40</size>
         <input_file_ref idref="fl-5"/>
      </object_component>
      <object_component id="oc-3c4">
         <name>.text:__memcpy_far</name>
         <load_address>0x530a</load_address>
         <run_address>0x530a</run_address>
         <size>0x40</size>
         <input_file_ref idref="fl-50"/>
      </object_component>
      <object_component id="oc-6fd">
         <name>.text:_Z23__finalize_destructionsPP20a_needed_destructionPv</name>
         <load_address>0x534a</load_address>
         <run_address>0x534a</run_address>
         <size>0x3e</size>
         <input_file_ref idref="fl-4c"/>
      </object_component>
      <object_component id="oc-617">
         <name>.text:_ZN5IrPHY4initEv</name>
         <load_address>0x5388</load_address>
         <run_address>0x5388</run_address>
         <size>0x3e</size>
         <input_file_ref idref="fl-5"/>
      </object_component>
      <object_component id="oc-3e1">
         <name>.text:decompress:ZI:__TI_zero_init_nomemset:__TI_zero_init_nomemset</name>
         <load_address>0x53c6</load_address>
         <run_address>0x53c6</run_address>
         <size>0x3e</size>
         <input_file_ref idref="fl-4b"/>
      </object_component>
      <object_component id="oc-7c">
         <name>.text:decompress:none:__TI_decompress_none</name>
         <load_address>0x5404</load_address>
         <run_address>0x5404</run_address>
         <size>0x3c</size>
         <input_file_ref idref="fl-32"/>
      </object_component>
      <object_component id="oc-4ab">
         <name>.text:_ZN10RingbufferIcE3popEv</name>
         <load_address>0x5440</load_address>
         <run_address>0x5440</run_address>
         <size>0x38</size>
         <input_file_ref idref="fl-5"/>
      </object_component>
      <object_component id="oc-56b">
         <name>.text:_ZN10RingbufferIcEC1EPcj</name>
         <load_address>0x5478</load_address>
         <run_address>0x5478</run_address>
         <size>0x38</size>
         <input_file_ref idref="fl-5"/>
      </object_component>
      <object_component id="oc-641">
         <name>.text:_ZN5IrPHY13get_new_frameEPhRj</name>
         <load_address>0x54b0</load_address>
         <run_address>0x54b0</run_address>
         <size>0x36</size>
         <input_file_ref idref="fl-5"/>
      </object_component>
      <object_component id="oc-4f9">
         <name>.text:_ZN7MicroTP4sendEPhj</name>
         <load_address>0x54e6</load_address>
         <run_address>0x54e6</run_address>
         <size>0x36</size>
         <input_file_ref idref="fl-2"/>
      </object_component>
      <object_component id="oc-541">
         <name>.text:_ZN13IrLAP_primaryC1Ev</name>
         <load_address>0x551c</load_address>
         <run_address>0x551c</run_address>
         <size>0x32</size>
         <input_file_ref idref="fl-3"/>
      </object_component>
      <object_component id="oc-603">
         <name>.text:_ZN7MicroTP25IrLAP_USERDATA_indicationEPhj</name>
         <load_address>0x554e</load_address>
         <run_address>0x554e</run_address>
         <size>0x32</size>
         <input_file_ref idref="fl-2"/>
      </object_component>
      <object_component id="oc-6cf">
         <name>.text:_ZNK10RingbufferIcE17storage_availableEv</name>
         <load_address>0x5580</load_address>
         <run_address>0x5580</run_address>
         <size>0x30</size>
         <input_file_ref idref="fl-5"/>
      </object_component>
      <object_component id="oc-4a4">
         <name>.text:_ZNK10RingbufferIcE8is_emptyEv</name>
         <load_address>0x55b0</load_address>
         <run_address>0x55b0</run_address>
         <size>0x2c</size>
         <input_file_ref idref="fl-5"/>
      </object_component>
      <object_component id="oc-462">
         <name>.text:__mpu_init</name>
         <load_address>0x55dc</load_address>
         <run_address>0x55dc</run_address>
         <size>0x2c</size>
         <input_file_ref idref="fl-58"/>
      </object_component>
      <object_component id="oc-753">
         <name>.text:free_list_insert</name>
         <load_address>0x5608</load_address>
         <run_address>0x5608</run_address>
         <size>0x28</size>
         <input_file_ref idref="fl-61"/>
      </object_component>
      <object_component id="oc-485">
         <name>.text:_ZN33_INTERNAL_11_dtor_list_c_14e673d611__TI_atexitEPFYvPvES0_S0_</name>
         <load_address>0x5630</load_address>
         <run_address>0x5630</run_address>
         <size>0x26</size>
         <input_file_ref idref="fl-4c"/>
      </object_component>
      <object_component id="oc-46f">
         <name>.text:_ZN7MicroTPC1Ev</name>
         <load_address>0x5656</load_address>
         <run_address>0x5656</run_address>
         <size>0x24</size>
         <input_file_ref idref="fl-2"/>
      </object_component>
      <object_component id="oc-564">
         <name>.text:_ZN10RingbufferIcEC1Ev</name>
         <load_address>0x567a</load_address>
         <run_address>0x567a</run_address>
         <size>0x22</size>
         <input_file_ref idref="fl-5"/>
      </object_component>
      <object_component id="oc-41d">
         <name>.text:__sti___8_main_cpp_microTP</name>
         <load_address>0x569c</load_address>
         <run_address>0x569c</run_address>
         <size>0x22</size>
         <input_file_ref idref="fl-6"/>
      </object_component>
      <object_component id="oc-6e7">
         <name>.text:_ZN10RingbufferIcE12clear_bufferEv</name>
         <load_address>0x56be</load_address>
         <run_address>0x56be</run_address>
         <size>0x20</size>
         <input_file_ref idref="fl-5"/>
      </object_component>
      <object_component id="oc-47b">
         <name>.text:_ZN5IrPHYD1Ev</name>
         <load_address>0x56de</load_address>
         <run_address>0x56de</run_address>
         <size>0x20</size>
         <input_file_ref idref="fl-6"/>
      </object_component>
      <object_component id="oc-74d">
         <name>.text:free_list_remove</name>
         <load_address>0x56fe</load_address>
         <run_address>0x56fe</run_address>
         <size>0x1c</size>
         <input_file_ref idref="fl-61"/>
      </object_component>
      <object_component id="oc-4ea">
         <name>.text:_ZN7MicroTP4initEP5IrPHY</name>
         <load_address>0x571a</load_address>
         <run_address>0x571a</run_address>
         <size>0x18</size>
         <input_file_ref idref="fl-2"/>
      </object_component>
      <object_component id="oc-6dd">
         <name>.text:_ZNK10RingbufferIcE7is_fullEv</name>
         <load_address>0x5732</load_address>
         <run_address>0x5732</run_address>
         <size>0x18</size>
         <input_file_ref idref="fl-5"/>
      </object_component>
      <object_component id="oc-738">
         <name>.text:_ZN10__cxxabiv120__si_class_type_infoD0Ev</name>
         <load_address>0x574a</load_address>
         <run_address>0x574a</run_address>
         <size>0x16</size>
         <input_file_ref idref="fl-2d"/>
      </object_component>
      <object_component id="oc-59b">
         <name>.text</name>
         <load_address>0x5760</load_address>
         <run_address>0x5760</run_address>
         <size>0x16</size>
         <input_file_ref idref="fl-56"/>
      </object_component>
      <object_component id="oc-772">
         <name>.text:_ZN10__cxxabiv117__class_type_infoD0Ev</name>
         <load_address>0x5776</load_address>
         <run_address>0x5776</run_address>
         <size>0x14</size>
         <input_file_ref idref="fl-2d"/>
      </object_component>
      <object_component id="oc-635">
         <name>.text:_ZN5IrPHY19clear_intput_bufferEv</name>
         <load_address>0x578a</load_address>
         <run_address>0x578a</run_address>
         <size>0x14</size>
         <input_file_ref idref="fl-5"/>
      </object_component>
      <object_component id="oc-60b">
         <name>.text:_ZN15IrPHY_InterfaceC1Ev</name>
         <load_address>0x579e</load_address>
         <run_address>0x579e</run_address>
         <size>0x12</size>
         <input_file_ref idref="fl-5"/>
      </object_component>
      <object_component id="oc-55c">
         <name>.text:memcpy</name>
         <load_address>0x57b0</load_address>
         <run_address>0x57b0</run_address>
         <size>0x12</size>
         <input_file_ref idref="fl-62"/>
      </object_component>
      <object_component id="oc-76c">
         <name>.text:_ZN10__cxxabiv117__class_type_infoD1Ev</name>
         <load_address>0x57c2</load_address>
         <run_address>0x57c2</run_address>
         <size>0xe</size>
         <input_file_ref idref="fl-2d"/>
      </object_component>
      <object_component id="oc-732">
         <name>.text:_ZN10__cxxabiv120__si_class_type_infoD1Ev</name>
         <load_address>0x57d0</load_address>
         <run_address>0x57d0</run_address>
         <size>0xe</size>
         <input_file_ref idref="fl-2d"/>
      </object_component>
      <object_component id="oc-54f">
         <name>.text:_ZN15IrPHY_InterfaceC2Ev</name>
         <load_address>0x57de</load_address>
         <run_address>0x57de</run_address>
         <size>0xe</size>
         <input_file_ref idref="fl-5"/>
      </object_component>
      <object_component id="oc-61d">
         <name>.text:_ZN5IrPHY6deinitEv</name>
         <load_address>0x57ec</load_address>
         <run_address>0x57ec</run_address>
         <size>0xe</size>
         <input_file_ref idref="fl-5"/>
      </object_component>
      <object_component id="oc-63b">
         <name>.text:_ZN5IrPHY8set_baudEh</name>
         <load_address>0x57fa</load_address>
         <run_address>0x57fa</run_address>
         <size>0xe</size>
         <input_file_ref idref="fl-5"/>
      </object_component>
      <object_component id="oc-629">
         <name>.text:_ZNK5IrPHY15is_transmittingEv</name>
         <load_address>0x5808</load_address>
         <run_address>0x5808</run_address>
         <size>0xe</size>
         <input_file_ref idref="fl-5"/>
      </object_component>
      <object_component id="oc-4f3">
         <name>.text:strlen</name>
         <load_address>0x5816</load_address>
         <run_address>0x5816</run_address>
         <size>0xe</size>
         <input_file_ref idref="fl-64"/>
      </object_component>
      <object_component id="oc-572">
         <name>.text:_ZN10RingbufferIcED1Ev</name>
         <load_address>0x5824</load_address>
         <run_address>0x5824</run_address>
         <size>0xa</size>
         <input_file_ref idref="fl-5"/>
      </object_component>
      <object_component id="oc-7b2">
         <name>.text:_ZdlPv</name>
         <load_address>0x582e</load_address>
         <run_address>0x582e</run_address>
         <size>0xa</size>
         <input_file_ref idref="fl-30"/>
      </object_component>
      <object_component id="oc-65a">
         <name>.text:__cxa_ia64_exit</name>
         <load_address>0x5838</load_address>
         <run_address>0x5838</run_address>
         <size>0xa</size>
         <input_file_ref idref="fl-4c"/>
      </object_component>
      <object_component id="oc-6a7">
         <name>.text:__cxa_pure_virtual</name>
         <load_address>0x5842</load_address>
         <run_address>0x5842</run_address>
         <size>0x8</size>
         <input_file_ref idref="fl-4e"/>
      </object_component>
      <object_component id="oc-654">
         <name>.text:malloc</name>
         <load_address>0x584a</load_address>
         <run_address>0x584a</run_address>
         <size>0x8</size>
         <input_file_ref idref="fl-61"/>
      </object_component>
      <object_component id="oc-500">
         <name>.text:abort</name>
         <load_address>0x5852</load_address>
         <run_address>0x5852</run_address>
         <size>0x6</size>
         <input_file_ref idref="fl-5e"/>
      </object_component>
      <object_component id="oc-78a">
         <name>.text:_ZdlPvj</name>
         <load_address>0x5858</load_address>
         <run_address>0x5858</run_address>
         <size>0x4</size>
         <input_file_ref idref="fl-30"/>
      </object_component>
      <object_component id="oc-726">
         <name>.text:__abort_execution</name>
         <load_address>0x585c</load_address>
         <run_address>0x585c</run_address>
         <size>0x4</size>
         <input_file_ref idref="fl-4f"/>
      </object_component>
      <object_component id="oc-44a">
         <name>.text:_system_pre_init</name>
         <load_address>0x5860</load_address>
         <run_address>0x5860</run_address>
         <size>0x4</size>
         <input_file_ref idref="fl-5d"/>
      </object_component>
      <object_component id="oc-77e">
         <name>.text:_ZNSt9type_infoD1Ev</name>
         <load_address>0x5864</load_address>
         <run_address>0x5864</run_address>
         <size>0x2</size>
         <input_file_ref idref="fl-2e"/>
      </object_component>
      <object_component id="oc-649">
         <name>.text:_nop</name>
         <load_address>0x5866</load_address>
         <run_address>0x5866</run_address>
         <size>0x2</size>
         <input_file_ref idref="fl-5b"/>
      </object_component>
      <object_component id="oc-5d2">
         <name>.text:_system_post_cinit</name>
         <load_address>0x5868</load_address>
         <run_address>0x5868</run_address>
         <size>0x2</size>
         <input_file_ref idref="fl-5c"/>
      </object_component>
      <object_component id="oc-46c">
         <name>.bss:microTP</name>
         <uninitialized>true</uninitialized>
         <run_address>0x1de4</run_address>
         <size>0x13a</size>
         <input_file_ref idref="fl-6"/>
      </object_component>
      <object_component id="oc-431">
         <name>.bss:irPHY</name>
         <uninitialized>true</uninitialized>
         <run_address>0x1c00</run_address>
         <size>0x1e4</size>
         <input_file_ref idref="fl-6"/>
      </object_component>
      <object_component id="oc-74a">
         <name>.bss</name>
         <uninitialized>true</uninitialized>
         <run_address>0x1f1e</run_address>
         <size>0x2</size>
         <input_file_ref idref="fl-61"/>
      </object_component>
      <object_component id="oc-441">
         <name>.common:adc_ntc_u</name>
         <uninitialized>true</uninitialized>
         <run_address>0x1f26</run_address>
         <size>0x2</size>
      </object_component>
      <object_component id="oc-440">
         <name>.common:adc_ntc_sup</name>
         <uninitialized>true</uninitialized>
         <run_address>0x1f24</run_address>
         <size>0x2</size>
      </object_component>
      <object_component id="oc-43f">
         <name>.common:adc_batt_u</name>
         <uninitialized>true</uninitialized>
         <run_address>0x1f22</run_address>
         <size>0x2</size>
      </object_component>
      <object_component id="oc-43b">
         <name>.common:adc_vcc_u</name>
         <uninitialized>true</uninitialized>
         <run_address>0x1f28</run_address>
         <size>0x2</size>
      </object_component>
      <object_component id="oc-482">
         <name>.common:__dso_handle</name>
         <uninitialized>true</uninitialized>
         <run_address>0x1f20</run_address>
         <size>0x2</size>
      </object_component>
      <object_component id="oc-58e">
         <name>.data</name>
         <load_address>0x1f3a</load_address>
         <run_address>0x1f3a</run_address>
         <size>0x2</size>
         <input_file_ref idref="fl-4c"/>
      </object_component>
      <object_component id="oc-5cd">
         <name>.data:__TI_cleanup_ptr</name>
         <load_address>0x1f2a</load_address>
         <run_address>0x1f2a</run_address>
         <size>0x4</size>
         <input_file_ref idref="fl-4d"/>
      </object_component>
      <object_component id="oc-5ca">
         <name>.data:__TI_dtors_ptr</name>
         <load_address>0x1f2e</load_address>
         <run_address>0x1f2e</run_address>
         <size>0x4</size>
         <input_file_ref idref="fl-4d"/>
      </object_component>
      <object_component id="oc-58b">
         <name>.data:_lock</name>
         <load_address>0x1f32</load_address>
         <run_address>0x1f32</run_address>
         <size>0x4</size>
         <input_file_ref idref="fl-5b"/>
      </object_component>
      <object_component id="oc-597">
         <name>.data:_unlock</name>
         <load_address>0x1f36</load_address>
         <run_address>0x1f36</run_address>
         <size>0x4</size>
         <input_file_ref idref="fl-5b"/>
      </object_component>
      <object_component id="oc-5c7">
         <name>.data</name>
         <load_address>0x1f3c</load_address>
         <run_address>0x1f3c</run_address>
         <size>0x2</size>
         <input_file_ref idref="fl-5e"/>
      </object_component>
      <object_component id="oc-747">
         <name>.data</name>
         <load_address>0x1f3e</load_address>
         <run_address>0x1f3e</run_address>
         <size>0x2</size>
         <input_file_ref idref="fl-61"/>
      </object_component>
      <object_component id="oc-3b2">
         <name>.stack</name>
         <uninitialized>true</uninitialized>
         <run_address>0x2360</run_address>
         <size>0x2</size>
         <input_file_ref idref="fl-57"/>
      </object_component>
      <object_component id="oc-84a">
         <name>.stack</name>
         <uninitialized>true</uninitialized>
         <run_address>0x2360</run_address>
         <size>0x0</size>
      </object_component>
      <object_component id="oc-82">
         <name>.int30</name>
         <load_address>0xffcc</load_address>
         <run_address>0xffcc</run_address>
         <size>0x2</size>
         <input_file_ref idref="fl-33"/>
      </object_component>
      <object_component id="oc-83">
         <name>.int31</name>
         <load_address>0xffce</load_address>
         <run_address>0xffce</run_address>
         <size>0x2</size>
         <input_file_ref idref="fl-35"/>
      </object_component>
      <object_component id="oc-84">
         <name>.int32</name>
         <load_address>0xffd0</load_address>
         <run_address>0xffd0</run_address>
         <size>0x2</size>
         <input_file_ref idref="fl-36"/>
      </object_component>
      <object_component id="oc-85">
         <name>.int33</name>
         <load_address>0xffd2</load_address>
         <run_address>0xffd2</run_address>
         <size>0x2</size>
         <input_file_ref idref="fl-37"/>
      </object_component>
      <object_component id="oc-86">
         <name>.int34</name>
         <load_address>0xffd4</load_address>
         <run_address>0xffd4</run_address>
         <size>0x2</size>
         <input_file_ref idref="fl-38"/>
      </object_component>
      <object_component id="oc-87">
         <name>.int35</name>
         <load_address>0xffd6</load_address>
         <run_address>0xffd6</run_address>
         <size>0x2</size>
         <input_file_ref idref="fl-39"/>
      </object_component>
      <object_component id="oc-88">
         <name>.int36</name>
         <load_address>0xffd8</load_address>
         <run_address>0xffd8</run_address>
         <size>0x2</size>
         <input_file_ref idref="fl-3a"/>
      </object_component>
      <object_component id="oc-89">
         <name>.int37</name>
         <load_address>0xffda</load_address>
         <run_address>0xffda</run_address>
         <size>0x2</size>
         <input_file_ref idref="fl-3b"/>
      </object_component>
      <object_component id="oc-8a">
         <name>.int38</name>
         <load_address>0xffdc</load_address>
         <run_address>0xffdc</run_address>
         <size>0x2</size>
         <input_file_ref idref="fl-3c"/>
      </object_component>
      <object_component id="oc-8b">
         <name>.int39</name>
         <load_address>0xffde</load_address>
         <run_address>0xffde</run_address>
         <size>0x2</size>
         <input_file_ref idref="fl-3d"/>
      </object_component>
      <object_component id="oc-8c">
         <name>.int40</name>
         <load_address>0xffe0</load_address>
         <run_address>0xffe0</run_address>
         <size>0x2</size>
         <input_file_ref idref="fl-3e"/>
      </object_component>
      <object_component id="oc-8d">
         <name>.int41</name>
         <load_address>0xffe2</load_address>
         <run_address>0xffe2</run_address>
         <size>0x2</size>
         <input_file_ref idref="fl-3f"/>
      </object_component>
      <object_component id="oc-8e">
         <name>.int42</name>
         <load_address>0xffe4</load_address>
         <run_address>0xffe4</run_address>
         <size>0x2</size>
         <input_file_ref idref="fl-40"/>
      </object_component>
      <object_component id="oc-8f">
         <name>.int43</name>
         <load_address>0xffe6</load_address>
         <run_address>0xffe6</run_address>
         <size>0x2</size>
         <input_file_ref idref="fl-6"/>
      </object_component>
      <object_component id="oc-90">
         <name>.int44</name>
         <load_address>0xffe8</load_address>
         <run_address>0xffe8</run_address>
         <size>0x2</size>
         <input_file_ref idref="fl-41"/>
      </object_component>
      <object_component id="oc-91">
         <name>.int45</name>
         <load_address>0xffea</load_address>
         <run_address>0xffea</run_address>
         <size>0x2</size>
         <input_file_ref idref="fl-42"/>
      </object_component>
      <object_component id="oc-92">
         <name>.int46</name>
         <load_address>0xffec</load_address>
         <run_address>0xffec</run_address>
         <size>0x2</size>
         <input_file_ref idref="fl-6"/>
      </object_component>
      <object_component id="oc-93">
         <name>.int47</name>
         <load_address>0xffee</load_address>
         <run_address>0xffee</run_address>
         <size>0x2</size>
         <input_file_ref idref="fl-43"/>
      </object_component>
      <object_component id="oc-94">
         <name>.int48</name>
         <load_address>0xfff0</load_address>
         <run_address>0xfff0</run_address>
         <size>0x2</size>
         <input_file_ref idref="fl-44"/>
      </object_component>
      <object_component id="oc-95">
         <name>.int49</name>
         <load_address>0xfff2</load_address>
         <run_address>0xfff2</run_address>
         <size>0x2</size>
         <input_file_ref idref="fl-45"/>
      </object_component>
      <object_component id="oc-96">
         <name>.int50</name>
         <load_address>0xfff4</load_address>
         <run_address>0xfff4</run_address>
         <size>0x2</size>
         <input_file_ref idref="fl-46"/>
      </object_component>
      <object_component id="oc-97">
         <name>.int51</name>
         <load_address>0xfff6</load_address>
         <run_address>0xfff6</run_address>
         <size>0x2</size>
         <input_file_ref idref="fl-47"/>
      </object_component>
      <object_component id="oc-98">
         <name>.int52</name>
         <load_address>0xfff8</load_address>
         <run_address>0xfff8</run_address>
         <size>0x2</size>
         <input_file_ref idref="fl-48"/>
      </object_component>
      <object_component id="oc-99">
         <name>.int53</name>
         <load_address>0xfffa</load_address>
         <run_address>0xfffa</run_address>
         <size>0x2</size>
         <input_file_ref idref="fl-49"/>
      </object_component>
      <object_component id="oc-9a">
         <name>.int54</name>
         <load_address>0xfffc</load_address>
         <run_address>0xfffc</run_address>
         <size>0x2</size>
         <input_file_ref idref="fl-4a"/>
      </object_component>
      <object_component id="oc-3b5">
         <name>.reset</name>
         <load_address>0xfffe</load_address>
         <run_address>0xfffe</run_address>
         <size>0x2</size>
         <input_file_ref idref="fl-57"/>
      </object_component>
      <object_component id="oc-54d">
         <name>.debug_info</name>
         <load_address>0x0</load_address>
         <run_address>0x0</run_address>
         <size>0xe0d</size>
         <input_file_ref idref="fl-2"/>
      </object_component>
      <object_component id="oc-548">
         <name>.debug_info</name>
         <load_address>0xe0d</load_address>
         <run_address>0xe0d</run_address>
         <size>0x11e</size>
         <input_file_ref idref="fl-2"/>
      </object_component>
      <object_component id="oc-5ff">
         <name>.debug_info</name>
         <load_address>0xf2b</load_address>
         <run_address>0xf2b</run_address>
         <size>0x110</size>
         <input_file_ref idref="fl-2"/>
      </object_component>
      <object_component id="oc-6a3">
         <name>.debug_info</name>
         <load_address>0x103b</load_address>
         <run_address>0x103b</run_address>
         <size>0x11d</size>
         <input_file_ref idref="fl-2"/>
      </object_component>
      <object_component id="oc-722">
         <name>.debug_info</name>
         <load_address>0x1158</load_address>
         <run_address>0x1158</run_address>
         <size>0x122</size>
         <input_file_ref idref="fl-2"/>
      </object_component>
      <object_component id="oc-6b3">
         <name>.debug_info</name>
         <load_address>0x127a</load_address>
         <run_address>0x127a</run_address>
         <size>0x115</size>
         <input_file_ref idref="fl-2"/>
      </object_component>
      <object_component id="oc-604">
         <name>.debug_info</name>
         <load_address>0x138f</load_address>
         <run_address>0x138f</run_address>
         <size>0x204</size>
         <input_file_ref idref="fl-2"/>
      </object_component>
      <object_component id="oc-5ba">
         <name>.debug_info</name>
         <load_address>0x1593</load_address>
         <run_address>0x1593</run_address>
         <size>0x1c0</size>
         <input_file_ref idref="fl-2"/>
      </object_component>
      <object_component id="oc-6b8">
         <name>.debug_info</name>
         <load_address>0x1753</load_address>
         <run_address>0x1753</run_address>
         <size>0x1ec</size>
         <input_file_ref idref="fl-2"/>
      </object_component>
      <object_component id="oc-470">
         <name>.debug_info</name>
         <load_address>0x193f</load_address>
         <run_address>0x193f</run_address>
         <size>0x179</size>
         <input_file_ref idref="fl-2"/>
      </object_component>
      <object_component id="oc-4fa">
         <name>.debug_info</name>
         <load_address>0x1ab8</load_address>
         <run_address>0x1ab8</run_address>
         <size>0x1fc</size>
         <input_file_ref idref="fl-2"/>
      </object_component>
      <object_component id="oc-4eb">
         <name>.debug_info</name>
         <load_address>0x1cb4</load_address>
         <run_address>0x1cb4</run_address>
         <size>0x1ab</size>
         <input_file_ref idref="fl-2"/>
      </object_component>
      <object_component id="oc-4bc">
         <name>.debug_info</name>
         <load_address>0x1e5f</load_address>
         <run_address>0x1e5f</run_address>
         <size>0x45b</size>
         <input_file_ref idref="fl-2"/>
      </object_component>
      <object_component id="oc-49f">
         <name>.debug_info</name>
         <load_address>0x22ba</load_address>
         <run_address>0x22ba</run_address>
         <size>0x2be</size>
         <input_file_ref idref="fl-2"/>
      </object_component>
      <object_component id="oc-4c1">
         <name>.debug_info</name>
         <load_address>0x2578</load_address>
         <run_address>0x2578</run_address>
         <size>0x16d</size>
         <input_file_ref idref="fl-2"/>
      </object_component>
      <object_component id="oc-4c6">
         <name>.debug_info</name>
         <load_address>0x26e5</load_address>
         <run_address>0x26e5</run_address>
         <size>0x1b9</size>
         <input_file_ref idref="fl-2"/>
      </object_component>
      <object_component id="oc-4cb">
         <name>.debug_info</name>
         <load_address>0x289e</load_address>
         <run_address>0x289e</run_address>
         <size>0x16d</size>
         <input_file_ref idref="fl-2"/>
      </object_component>
      <object_component id="oc-4d0">
         <name>.debug_info</name>
         <load_address>0x2a0b</load_address>
         <run_address>0x2a0b</run_address>
         <size>0x844</size>
         <input_file_ref idref="fl-2"/>
      </object_component>
      <object_component id="oc-4b5">
         <name>.debug_info</name>
         <load_address>0x324f</load_address>
         <run_address>0x324f</run_address>
         <size>0x8b</size>
         <input_file_ref idref="fl-2"/>
      </object_component>
      <object_component id="oc-5a2">
         <name>.debug_info</name>
         <load_address>0x32da</load_address>
         <run_address>0x32da</run_address>
         <size>0x282</size>
         <input_file_ref idref="fl-2"/>
      </object_component>
      <object_component id="oc-4d5">
         <name>.debug_info</name>
         <load_address>0x355c</load_address>
         <run_address>0x355c</run_address>
         <size>0xbb</size>
         <input_file_ref idref="fl-2"/>
      </object_component>
      <object_component id="oc-4da">
         <name>.debug_info</name>
         <load_address>0x3617</load_address>
         <run_address>0x3617</run_address>
         <size>0x2a1</size>
         <input_file_ref idref="fl-2"/>
      </object_component>
      <object_component id="oc-4df">
         <name>.debug_info</name>
         <load_address>0x38b8</load_address>
         <run_address>0x38b8</run_address>
         <size>0x35</size>
         <input_file_ref idref="fl-2"/>
      </object_component>
      <object_component id="oc-5a7">
         <name>.debug_info</name>
         <load_address>0x38ed</load_address>
         <run_address>0x38ed</run_address>
         <size>0xd18</size>
         <input_file_ref idref="fl-3"/>
      </object_component>
      <object_component id="oc-5f4">
         <name>.debug_info</name>
         <load_address>0x4605</load_address>
         <run_address>0x4605</run_address>
         <size>0x131</size>
         <input_file_ref idref="fl-3"/>
      </object_component>
      <object_component id="oc-667">
         <name>.debug_info</name>
         <load_address>0x4736</load_address>
         <run_address>0x4736</run_address>
         <size>0x103</size>
         <input_file_ref idref="fl-3"/>
      </object_component>
      <object_component id="oc-66a">
         <name>.debug_info</name>
         <load_address>0x4839</load_address>
         <run_address>0x4839</run_address>
         <size>0x103</size>
         <input_file_ref idref="fl-3"/>
      </object_component>
      <object_component id="oc-66d">
         <name>.debug_info</name>
         <load_address>0x493c</load_address>
         <run_address>0x493c</run_address>
         <size>0x103</size>
         <input_file_ref idref="fl-3"/>
      </object_component>
      <object_component id="oc-670">
         <name>.debug_info</name>
         <load_address>0x4a3f</load_address>
         <run_address>0x4a3f</run_address>
         <size>0x105</size>
         <input_file_ref idref="fl-3"/>
      </object_component>
      <object_component id="oc-673">
         <name>.debug_info</name>
         <load_address>0x4b44</load_address>
         <run_address>0x4b44</run_address>
         <size>0x105</size>
         <input_file_ref idref="fl-3"/>
      </object_component>
      <object_component id="oc-676">
         <name>.debug_info</name>
         <load_address>0x4c49</load_address>
         <run_address>0x4c49</run_address>
         <size>0x105</size>
         <input_file_ref idref="fl-3"/>
      </object_component>
      <object_component id="oc-679">
         <name>.debug_info</name>
         <load_address>0x4d4e</load_address>
         <run_address>0x4d4e</run_address>
         <size>0x105</size>
         <input_file_ref idref="fl-3"/>
      </object_component>
      <object_component id="oc-542">
         <name>.debug_info</name>
         <load_address>0x4e53</load_address>
         <run_address>0x4e53</run_address>
         <size>0x17b</size>
         <input_file_ref idref="fl-3"/>
      </object_component>
      <object_component id="oc-5aa">
         <name>.debug_info</name>
         <load_address>0x4fce</load_address>
         <run_address>0x4fce</run_address>
         <size>0x2ee</size>
         <input_file_ref idref="fl-3"/>
      </object_component>
      <object_component id="oc-5c0">
         <name>.debug_info</name>
         <load_address>0x52bc</load_address>
         <run_address>0x52bc</run_address>
         <size>0x248</size>
         <input_file_ref idref="fl-3"/>
      </object_component>
      <object_component id="oc-5f9">
         <name>.debug_info</name>
         <load_address>0x5504</load_address>
         <run_address>0x5504</run_address>
         <size>0x443</size>
         <input_file_ref idref="fl-3"/>
      </object_component>
      <object_component id="oc-4e4">
         <name>.debug_info</name>
         <load_address>0x5947</load_address>
         <run_address>0x5947</run_address>
         <size>0x1a5</size>
         <input_file_ref idref="fl-3"/>
      </object_component>
      <object_component id="oc-4b3">
         <name>.debug_info</name>
         <load_address>0x5aec</load_address>
         <run_address>0x5aec</run_address>
         <size>0xcd1</size>
         <input_file_ref idref="fl-5"/>
      </object_component>
      <object_component id="oc-6bf">
         <name>.debug_info</name>
         <load_address>0x67bd</load_address>
         <run_address>0x67bd</run_address>
         <size>0x12e</size>
         <input_file_ref idref="fl-5"/>
      </object_component>
      <object_component id="oc-557">
         <name>.debug_info</name>
         <load_address>0x68eb</load_address>
         <run_address>0x68eb</run_address>
         <size>0x119</size>
         <input_file_ref idref="fl-5"/>
      </object_component>
      <object_component id="oc-6c9">
         <name>.debug_info</name>
         <load_address>0x6a04</load_address>
         <run_address>0x6a04</run_address>
         <size>0x120</size>
         <input_file_ref idref="fl-5"/>
      </object_component>
      <object_component id="oc-613">
         <name>.debug_info</name>
         <load_address>0x6b24</load_address>
         <run_address>0x6b24</run_address>
         <size>0x10b</size>
         <input_file_ref idref="fl-5"/>
      </object_component>
      <object_component id="oc-743">
         <name>.debug_info</name>
         <load_address>0x6c2f</load_address>
         <run_address>0x6c2f</run_address>
         <size>0x125</size>
         <input_file_ref idref="fl-5"/>
      </object_component>
      <object_component id="oc-6c4">
         <name>.debug_info</name>
         <load_address>0x6d54</load_address>
         <run_address>0x6d54</run_address>
         <size>0x110</size>
         <input_file_ref idref="fl-5"/>
      </object_component>
      <object_component id="oc-60c">
         <name>.debug_info</name>
         <load_address>0x6e64</load_address>
         <run_address>0x6e64</run_address>
         <size>0x146</size>
         <input_file_ref idref="fl-5"/>
      </object_component>
      <object_component id="oc-550">
         <name>.debug_info</name>
         <load_address>0x6faa</load_address>
         <run_address>0x6faa</run_address>
         <size>0x166</size>
         <input_file_ref idref="fl-5"/>
      </object_component>
      <object_component id="oc-565">
         <name>.debug_info</name>
         <load_address>0x7110</load_address>
         <run_address>0x7110</run_address>
         <size>0x20c</size>
         <input_file_ref idref="fl-5"/>
      </object_component>
      <object_component id="oc-56c">
         <name>.debug_info</name>
         <load_address>0x731c</load_address>
         <run_address>0x731c</run_address>
         <size>0x284</size>
         <input_file_ref idref="fl-5"/>
      </object_component>
      <object_component id="oc-573">
         <name>.debug_info</name>
         <load_address>0x75a0</load_address>
         <run_address>0x75a0</run_address>
         <size>0x20d</size>
         <input_file_ref idref="fl-5"/>
      </object_component>
      <object_component id="oc-6d7">
         <name>.debug_info</name>
         <load_address>0x77ad</load_address>
         <run_address>0x77ad</run_address>
         <size>0x262</size>
         <input_file_ref idref="fl-5"/>
      </object_component>
      <object_component id="oc-4ac">
         <name>.debug_info</name>
         <load_address>0x7a0f</load_address>
         <run_address>0x7a0f</run_address>
         <size>0x250</size>
         <input_file_ref idref="fl-5"/>
      </object_component>
      <object_component id="oc-6d0">
         <name>.debug_info</name>
         <load_address>0x7c5f</load_address>
         <run_address>0x7c5f</run_address>
         <size>0x233</size>
         <input_file_ref idref="fl-5"/>
      </object_component>
      <object_component id="oc-6de">
         <name>.debug_info</name>
         <load_address>0x7e92</load_address>
         <run_address>0x7e92</run_address>
         <size>0x210</size>
         <input_file_ref idref="fl-5"/>
      </object_component>
      <object_component id="oc-4a5">
         <name>.debug_info</name>
         <load_address>0x80a2</load_address>
         <run_address>0x80a2</run_address>
         <size>0x226</size>
         <input_file_ref idref="fl-5"/>
      </object_component>
      <object_component id="oc-6e8">
         <name>.debug_info</name>
         <load_address>0x82c8</load_address>
         <run_address>0x82c8</run_address>
         <size>0x22e</size>
         <input_file_ref idref="fl-5"/>
      </object_component>
      <object_component id="oc-476">
         <name>.debug_info</name>
         <load_address>0x84f6</load_address>
         <run_address>0x84f6</run_address>
         <size>0x2ab</size>
         <input_file_ref idref="fl-5"/>
      </object_component>
      <object_component id="oc-618">
         <name>.debug_info</name>
         <load_address>0x87a1</load_address>
         <run_address>0x87a1</run_address>
         <size>0x154</size>
         <input_file_ref idref="fl-5"/>
      </object_component>
      <object_component id="oc-61e">
         <name>.debug_info</name>
         <load_address>0x88f5</load_address>
         <run_address>0x88f5</run_address>
         <size>0x158</size>
         <input_file_ref idref="fl-5"/>
      </object_component>
      <object_component id="oc-624">
         <name>.debug_info</name>
         <load_address>0x8a4d</load_address>
         <run_address>0x8a4d</run_address>
         <size>0x24a</size>
         <input_file_ref idref="fl-5"/>
      </object_component>
      <object_component id="oc-62a">
         <name>.debug_info</name>
         <load_address>0x8c97</load_address>
         <run_address>0x8c97</run_address>
         <size>0x16c</size>
         <input_file_ref idref="fl-5"/>
      </object_component>
      <object_component id="oc-630">
         <name>.debug_info</name>
         <load_address>0x8e03</load_address>
         <run_address>0x8e03</run_address>
         <size>0x32b</size>
         <input_file_ref idref="fl-5"/>
      </object_component>
      <object_component id="oc-636">
         <name>.debug_info</name>
         <load_address>0x912e</load_address>
         <run_address>0x912e</run_address>
         <size>0x19f</size>
         <input_file_ref idref="fl-5"/>
      </object_component>
      <object_component id="oc-435">
         <name>.debug_info</name>
         <load_address>0x92cd</load_address>
         <run_address>0x92cd</run_address>
         <size>0x1ca</size>
         <input_file_ref idref="fl-5"/>
      </object_component>
      <object_component id="oc-63c">
         <name>.debug_info</name>
         <load_address>0x9497</load_address>
         <run_address>0x9497</run_address>
         <size>0x18e</size>
         <input_file_ref idref="fl-5"/>
      </object_component>
      <object_component id="oc-642">
         <name>.debug_info</name>
         <load_address>0x9625</load_address>
         <run_address>0x9625</run_address>
         <size>0x1b7</size>
         <input_file_ref idref="fl-5"/>
      </object_component>
      <object_component id="oc-43c">
         <name>.debug_info</name>
         <load_address>0x97dc</load_address>
         <run_address>0x97dc</run_address>
         <size>0xe44</size>
         <input_file_ref idref="fl-6"/>
      </object_component>
      <object_component id="oc-4f1">
         <name>.debug_info</name>
         <load_address>0xa620</load_address>
         <run_address>0xa620</run_address>
         <size>0xf2</size>
         <input_file_ref idref="fl-6"/>
      </object_component>
      <object_component id="oc-46d">
         <name>.debug_info</name>
         <load_address>0xa712</load_address>
         <run_address>0xa712</run_address>
         <size>0xfb</size>
         <input_file_ref idref="fl-6"/>
      </object_component>
      <object_component id="oc-432">
         <name>.debug_info</name>
         <load_address>0xa80d</load_address>
         <run_address>0xa80d</run_address>
         <size>0xf7</size>
         <input_file_ref idref="fl-6"/>
      </object_component>
      <object_component id="oc-47c">
         <name>.debug_info</name>
         <load_address>0xa904</load_address>
         <run_address>0xa904</run_address>
         <size>0x16b</size>
         <input_file_ref idref="fl-6"/>
      </object_component>
      <object_component id="oc-451">
         <name>.debug_info</name>
         <load_address>0xaa6f</load_address>
         <run_address>0xaa6f</run_address>
         <size>0x174</size>
         <input_file_ref idref="fl-6"/>
      </object_component>
      <object_component id="oc-3d6">
         <name>.debug_info</name>
         <load_address>0xabe3</load_address>
         <run_address>0xabe3</run_address>
         <size>0x159</size>
         <input_file_ref idref="fl-6"/>
      </object_component>
      <object_component id="oc-3dc">
         <name>.debug_info</name>
         <load_address>0xad3c</load_address>
         <run_address>0xad3c</run_address>
         <size>0x132</size>
         <input_file_ref idref="fl-6"/>
      </object_component>
      <object_component id="oc-41e">
         <name>.debug_info</name>
         <load_address>0xae6e</load_address>
         <run_address>0xae6e</run_address>
         <size>0x16d</size>
         <input_file_ref idref="fl-6"/>
      </object_component>
      <object_component id="oc-73e">
         <name>.debug_info</name>
         <load_address>0xafdb</load_address>
         <run_address>0xafdb</run_address>
         <size>0x7e6</size>
         <input_file_ref idref="fl-2d"/>
      </object_component>
      <object_component id="oc-71d">
         <name>.debug_info</name>
         <load_address>0xb7c1</load_address>
         <run_address>0xb7c1</run_address>
         <size>0x155</size>
         <input_file_ref idref="fl-2d"/>
      </object_component>
      <object_component id="oc-6ae">
         <name>.debug_info</name>
         <load_address>0xb916</load_address>
         <run_address>0xb916</run_address>
         <size>0x15b</size>
         <input_file_ref idref="fl-2d"/>
      </object_component>
      <object_component id="oc-768">
         <name>.debug_info</name>
         <load_address>0xba71</load_address>
         <run_address>0xba71</run_address>
         <size>0x147</size>
         <input_file_ref idref="fl-2d"/>
      </object_component>
      <object_component id="oc-72e">
         <name>.debug_info</name>
         <load_address>0xbbb8</load_address>
         <run_address>0xbbb8</run_address>
         <size>0x14d</size>
         <input_file_ref idref="fl-2d"/>
      </object_component>
      <object_component id="oc-7a1">
         <name>.debug_info</name>
         <load_address>0xbd05</load_address>
         <run_address>0xbd05</run_address>
         <size>0x14c</size>
         <input_file_ref idref="fl-2d"/>
      </object_component>
      <object_component id="oc-77a">
         <name>.debug_info</name>
         <load_address>0xbe51</load_address>
         <run_address>0xbe51</run_address>
         <size>0x152</size>
         <input_file_ref idref="fl-2d"/>
      </object_component>
      <object_component id="oc-76d">
         <name>.debug_info</name>
         <load_address>0xbfa3</load_address>
         <run_address>0xbfa3</run_address>
         <size>0x1a5</size>
         <input_file_ref idref="fl-2d"/>
      </object_component>
      <object_component id="oc-733">
         <name>.debug_info</name>
         <load_address>0xc148</load_address>
         <run_address>0xc148</run_address>
         <size>0x1ab</size>
         <input_file_ref idref="fl-2d"/>
      </object_component>
      <object_component id="oc-739">
         <name>.debug_info</name>
         <load_address>0xc2f3</load_address>
         <run_address>0xc2f3</run_address>
         <size>0x19a</size>
         <input_file_ref idref="fl-2d"/>
      </object_component>
      <object_component id="oc-773">
         <name>.debug_info</name>
         <load_address>0xc48d</load_address>
         <run_address>0xc48d</run_address>
         <size>0x194</size>
         <input_file_ref idref="fl-2d"/>
      </object_component>
      <object_component id="oc-785">
         <name>.debug_info</name>
         <load_address>0xc621</load_address>
         <run_address>0xc621</run_address>
         <size>0x59b</size>
         <input_file_ref idref="fl-2d"/>
      </object_component>
      <object_component id="oc-3bf">
         <name>.debug_info</name>
         <load_address>0xcbbc</load_address>
         <run_address>0xcbbc</run_address>
         <size>0x84</size>
         <input_file_ref idref="fl-2d"/>
      </object_component>
      <object_component id="oc-57c">
         <name>.debug_info</name>
         <load_address>0xcc40</load_address>
         <run_address>0xcc40</run_address>
         <size>0x2c</size>
         <input_file_ref idref="fl-2d"/>
      </object_component>
      <object_component id="oc-793">
         <name>.debug_info</name>
         <load_address>0xcc6c</load_address>
         <run_address>0xcc6c</run_address>
         <size>0x11f</size>
         <input_file_ref idref="fl-2d"/>
      </object_component>
      <object_component id="oc-7c0">
         <name>.debug_info</name>
         <load_address>0xcd8b</load_address>
         <run_address>0xcd8b</run_address>
         <size>0x57f</size>
         <input_file_ref idref="fl-2e"/>
      </object_component>
      <object_component id="oc-7a6">
         <name>.debug_info</name>
         <load_address>0xd30a</load_address>
         <run_address>0xd30a</run_address>
         <size>0x12c</size>
         <input_file_ref idref="fl-2e"/>
      </object_component>
      <object_component id="oc-7bc">
         <name>.debug_info</name>
         <load_address>0xd436</load_address>
         <run_address>0xd436</run_address>
         <size>0x131</size>
         <input_file_ref idref="fl-2e"/>
      </object_component>
      <object_component id="oc-77f">
         <name>.debug_info</name>
         <load_address>0xd567</load_address>
         <run_address>0xd567</run_address>
         <size>0x177</size>
         <input_file_ref idref="fl-2e"/>
      </object_component>
      <object_component id="oc-7c2">
         <name>.debug_info</name>
         <load_address>0xd6de</load_address>
         <run_address>0xd6de</run_address>
         <size>0x2c</size>
         <input_file_ref idref="fl-2e"/>
      </object_component>
      <object_component id="oc-7ad">
         <name>.debug_info</name>
         <load_address>0xd70a</load_address>
         <run_address>0xd70a</run_address>
         <size>0x22d</size>
         <input_file_ref idref="fl-2e"/>
      </object_component>
      <object_component id="oc-7c7">
         <name>.debug_info</name>
         <load_address>0xd937</load_address>
         <run_address>0xd937</run_address>
         <size>0x9c</size>
         <input_file_ref idref="fl-2e"/>
      </object_component>
      <object_component id="oc-7b9">
         <name>.debug_info</name>
         <load_address>0xd9d3</load_address>
         <run_address>0xd9d3</run_address>
         <size>0x213</size>
         <input_file_ref idref="fl-30"/>
      </object_component>
      <object_component id="oc-7b3">
         <name>.debug_info</name>
[...]
         <name>_ZN13IrLAP_primary22IrLAP_USERDATA_requestEPhj</name>
         <value>0x516e</value>
         <object_component_ref idref="oc-5bf"/>
      </symbol>
      <symbol id="sm-46a">
         <name>_ZN13IrLAP_primaryC1Ev</name>
         <value>0x551c</value>
         <object_component_ref idref="oc-541"/>
      </symbol>
      <symbol id="sm-46b">
         <name>_ZN13IrLAP_primary4initEP5IrPHY</name>
         <value>0x497e</value>
         <object_component_ref idref="oc-5a9"/>
      </symbol>
      <symbol id="sm-46c">
         <name>_ZTV13IrLAP_primary</name>
         <value>0x5b30</value>
         <object_component_ref idref="oc-5f3"/>
      </symbol>
      <symbol id="sm-550">
         <name>_ZN15IrPHY_InterfaceC2Ev</name>
         <value>0x57de</value>
         <object_component_ref idref="oc-54f"/>
      </symbol>
      <symbol id="sm-551">
         <name>_ZN10RingbufferIcE3putEc</name>
         <value>0x5288</value>
         <object_component_ref idref="oc-6d6"/>
      </symbol>
      <symbol id="sm-552">
         <name>_ZN5IrPHY10send_frameEPhj</name>
         <value>0x4f88</value>
         <object_component_ref idref="oc-623"/>
      </symbol>
      <symbol id="sm-553">
         <name>_ZN10RingbufferIcE3popEv</name>
         <value>0x5440</value>
         <object_component_ref idref="oc-4ab"/>
      </symbol>
      <symbol id="sm-554">
         <name>_ZNK10RingbufferIcE17storage_availableEv</name>
         <value>0x5580</value>
         <object_component_ref idref="oc-6cf"/>
      </symbol>
      <symbol id="sm-555">
         <name>_ZN10RingbufferIcED1Ev</name>
         <value>0x5824</value>
         <object_component_ref idref="oc-572"/>
      </symbol>
      <symbol id="sm-556">
         <name>_ZNK5IrPHY15is_transmittingEv</name>
         <value>0x5808</value>
         <object_component_ref idref="oc-629"/>
      </symbol>
      <symbol id="sm-557">
         <name>_ZNK10RingbufferIcE8is_emptyEv</name>
         <value>0x55b0</value>
         <object_component_ref idref="oc-4a4"/>
      </symbol>
      <symbol id="sm-558">
         <name>_ZN10RingbufferIcEC1EPcj</name>
         <value>0x5478</value>
         <object_component_ref idref="oc-56b"/>
      </symbol>
      <symbol id="sm-559">
         <name>_ZNK10RingbufferIcE7is_fullEv</name>
         <value>0x5732</value>
         <object_component_ref idref="oc-6dd"/>
      </symbol>
      <symbol id="sm-55a">
         <name>_ZN5IrPHY13get_new_frameEPhRj</name>
         <value>0x54b0</value>
         <object_component_ref idref="oc-641"/>
      </symbol>
      <symbol id="sm-55b">
         <name>_ZN10RingbufferIcEC1Ev</name>
         <value>0x567a</value>
         <object_component_ref idref="oc-564"/>
      </symbol>
      <symbol id="sm-55c">
         <name>_ZN5IrPHY14send_next_dataEv</name>
         <value>0x52ca</value>
         <object_component_ref idref="oc-434"/>
      </symbol>
      <symbol id="sm-55d">
         <name>_ZTV5IrPHY</name>
         <value>0x5a5e</value>
         <object_component_ref idref="oc-556"/>
      </symbol>
      <symbol id="sm-55e">
         <name>_ZTS5IrPHY</name>
         <value>0x5b52</value>
         <object_component_ref idref="oc-6c3"/>
      </symbol>
      <symbol id="sm-55f">
         <name>_ZN5IrPHY6deinitEv</name>
         <value>0x57ec</value>
         <object_component_ref idref="oc-61d"/>
      </symbol>
      <symbol id="sm-560">
         <name>_ZN5IrPHY8set_baudEh</name>
         <value>0x57fa</value>
         <object_component_ref idref="oc-63b"/>
      </symbol>
      <symbol id="sm-561">
         <name>_ZN5IrPHY19clear_intput_bufferEv</name>
         <value>0x578a</value>
         <object_component_ref idref="oc-635"/>
      </symbol>
      <symbol id="sm-562">
         <name>_ZN5IrPHYC2Ev</name>
         <value>0x4bda</value>
         <object_component_ref idref="oc-475"/>
      </symbol>
      <symbol id="sm-563">
         <name>_ZTV15IrPHY_Interface</name>
         <value>0x5a32</value>
         <object_component_ref idref="oc-6be"/>
      </symbol>
      <symbol id="sm-564">
         <name>_ZN15IrPHY_InterfaceC1Ev</name>
         <value>0x579e</value>
         <object_component_ref idref="oc-60b"/>
      </symbol>
      <symbol id="sm-565">
         <name>_ZN10RingbufferIcE12clear_bufferEv</name>
         <value>0x56be</value>
         <object_component_ref idref="oc-6e7"/>
      </symbol>
      <symbol id="sm-566">
         <name>_ZTI5IrPHY</name>
         <value>0x5b5a</value>
         <object_component_ref idref="oc-612"/>
      </symbol>
      <symbol id="sm-567">
         <name>_ZTS15IrPHY_Interface</name>
         <value>0x5ad2</value>
         <object_component_ref idref="oc-742"/>
      </symbol>
      <symbol id="sm-568">
         <name>_ZN5IrPHYC1Ev</name>
         <value>0x4bda</value>
         <object_component_ref idref="oc-475"/>
      </symbol>
      <symbol id="sm-569">
         <name>_ZN5IrPHY17put_received_dataEh</name>
         <value>0x4800</value>
         <object_component_ref idref="oc-62f"/>
      </symbol>
      <symbol id="sm-56a">
         <name>_ZN5IrPHY4initEv</name>
         <value>0x5388</value>
         <object_component_ref idref="oc-617"/>
      </symbol>
      <symbol id="sm-56b">
         <name>_ZTI15IrPHY_Interface</name>
         <value>0x5b76</value>
         <object_component_ref idref="oc-6c8"/>
      </symbol>
      <symbol id="sm-5b9">
         <name>adc_ntc_u</name>
         <value>0x1f26</value>
      </symbol>
      <symbol id="sm-5ba">
         <name>adc_ntc_sup</name>
         <value>0x1f24</value>
      </symbol>
      <symbol id="sm-5bb">
         <name>adc_batt_u</name>
         <value>0x1f22</value>
      </symbol>
      <symbol id="sm-5bc">
         <name>adc_vcc_u</name>
         <value>0x1f28</value>
      </symbol>
      <symbol id="sm-5bd">
         <name>irPHY</name>
         <value>0x1c00</value>
         <object_component_ref idref="oc-431"/>
      </symbol>
      <symbol id="sm-5be">
         <name>__TI_int46</name>
         <value>0xffec</value>
         <object_component_ref idref="oc-92"/>
      </symbol>
      <symbol id="sm-5bf">
         <name>__TI_int43</name>
         <value>0xffe6</value>
         <object_component_ref idref="oc-8f"/>
      </symbol>
      <symbol id="sm-5c0">
         <name>__sti___8_main_cpp_microTP</name>
         <value>0x569c</value>
         <object_component_ref idref="oc-41d"/>
      </symbol>
      <symbol id="sm-5c1">
         <name>_Z11USCI_A1_ISRv</name>
         <value>0x5ca8</value>
         <object_component_ref idref="oc-3d5"/>
      </symbol>
      <symbol id="sm-5c2">
         <name>main</name>
         <value>0x4ac4</value>
         <object_component_ref idref="oc-450"/>
      </symbol>
      <symbol id="sm-5c3">
         <name>_ZN5IrPHYD1Ev</name>
         <value>0x56de</value>
         <object_component_ref idref="oc-47b"/>
      </symbol>
      <symbol id="sm-5c4">
         <name>_Z9ADC12_ISRv</name>
         <value>0x5b94</value>
         <object_component_ref idref="oc-3db"/>
      </symbol>
      <symbol id="sm-5c5">
         <name>microTP</name>
         <value>0x1de4</value>
         <object_component_ref idref="oc-46c"/>
      </symbol>
      <symbol id="sm-61a">
         <name>_ZN10__cxxabiv117__class_type_infoD1Ev</name>
         <value>0x57c2</value>
         <object_component_ref idref="oc-76c"/>
      </symbol>
      <symbol id="sm-61b">
         <name>_ZTSN10__cxxabiv120__si_class_type_infoE</name>
         <value>0x5a8a</value>
         <object_component_ref idref="oc-779"/>
      </symbol>
      <symbol id="sm-61c">
         <name>_ZTSN10__cxxabiv117__class_type_infoE</name>
         <value>0x5ab0</value>
         <object_component_ref idref="oc-7a0"/>
      </symbol>
      <symbol id="sm-61d">
         <name>_ZN10__cxxabiv117__class_type_infoD2Ev</name>
         <value>0x57c2</value>
         <object_component_ref idref="oc-76c"/>
      </symbol>
      <symbol id="sm-61e">
         <name>_ZN10__cxxabiv120__si_class_type_infoD2Ev</name>
         <value>0x57d0</value>
         <object_component_ref idref="oc-732"/>
      </symbol>
      <symbol id="sm-61f">
         <name>_ZTVN10__cxxabiv117__class_type_infoE</name>
         <value>0x5af4</value>
         <object_component_ref idref="oc-71c"/>
      </symbol>
      <symbol id="sm-620">
         <name>_ZTIN10__cxxabiv117__class_type_infoE</name>
         <value>0x5b66</value>
         <object_component_ref idref="oc-767"/>
      </symbol>
      <symbol id="sm-621">
         <name>_ZN10__cxxabiv120__si_class_type_infoD1Ev</name>
         <value>0x57d0</value>
         <object_component_ref idref="oc-732"/>
      </symbol>
      <symbol id="sm-622">
         <name>_ZTIN10__cxxabiv120__si_class_type_infoE</name>
         <value>0x5b6c</value>
         <object_component_ref idref="oc-72d"/>
      </symbol>
      <symbol id="sm-623">
         <name>_ZN10__cxxabiv117__class_type_infoD0Ev</name>
         <value>0x5776</value>
         <object_component_ref idref="oc-772"/>
      </symbol>
      <symbol id="sm-624">
         <name>_ZTVN10__cxxabiv120__si_class_type_infoE</name>
         <value>0x5b04</value>
         <object_component_ref idref="oc-6ad"/>
      </symbol>
      <symbol id="sm-625">
         <name>_ZN10__cxxabiv120__si_class_type_infoD0Ev</name>
         <value>0x574a</value>
         <object_component_ref idref="oc-738"/>
      </symbol>
      <symbol id="sm-64b">
         <name>_ZTSSt9type_info</name>
         <value>0x5b22</value>
         <object_component_ref idref="oc-7bb"/>
      </symbol>
      <symbol id="sm-64c">
         <name>_ZNSt9type_infoD2Ev</name>
         <value>0x5864</value>
         <object_component_ref idref="oc-77e"/>
      </symbol>
      <symbol id="sm-64d">
         <name>_ZNSt9type_infoD1Ev</name>
         <value>0x5864</value>
         <object_component_ref idref="oc-77e"/>
      </symbol>
      <symbol id="sm-64e">
         <name>_ZTISt9type_info</name>
         <value>0x5b7a</value>
         <object_component_ref idref="oc-7a5"/>
      </symbol>
      <symbol id="sm-669">
         <name>_ZdlPv</name>
         <value>0x582e</value>
         <object_component_ref idref="oc-7b2"/>
      </symbol>
      <symbol id="sm-66a">
         <name>_ZdlPvj</name>
         <value>0x5858</value>
         <object_component_ref idref="oc-78a"/>
      </symbol>
      <symbol id="sm-68b">
         <name>__TI_decompress_lzss</name>
         <value>0x4dc8</value>
         <object_component_ref idref="oc-76"/>
      </symbol>
      <symbol id="sm-69c">
         <name>__TI_decompress_none</name>
         <value>0x5404</value>
         <object_component_ref idref="oc-7c"/>
      </symbol>
      <symbol id="sm-69f">
         <name>__TI_int30</name>
         <value>0xffcc</value>
         <object_component_ref idref="oc-82"/>
      </symbol>
      <symbol id="sm-6a7">
         <name>__TI_ISR_TRAP</name>
         <value>0x5cf2</value>
         <object_component_ref idref="oc-3d0"/>
      </symbol>
      <symbol id="sm-6aa">
         <name>__TI_int31</name>
         <value>0xffce</value>
         <object_component_ref idref="oc-83"/>
      </symbol>
      <symbol id="sm-6ad">
         <name>__TI_int32</name>
         <value>0xffd0</value>
         <object_component_ref idref="oc-84"/>
      </symbol>
      <symbol id="sm-6b0">
         <name>__TI_int33</name>
         <value>0xffd2</value>
         <object_component_ref idref="oc-85"/>
      </symbol>
      <symbol id="sm-6b3">
         <name>__TI_int34</name>
         <value>0xffd4</value>
         <object_component_ref idref="oc-86"/>
      </symbol>
      <symbol id="sm-6b6">
         <name>__TI_int35</name>
         <value>0xffd6</value>
         <object_component_ref idref="oc-87"/>
      </symbol>
      <symbol id="sm-6b9">
         <name>__TI_int36</name>
         <value>0xffd8</value>
         <object_component_ref idref="oc-88"/>
      </symbol>
      <symbol id="sm-6bc">
         <name>__TI_int37</name>
         <value>0xffda</value>
         <object_component_ref idref="oc-89"/>
      </symbol>
      <symbol id="sm-6bf">
         <name>__TI_int38</name>
         <value>0xffdc</value>
         <object_component_ref idref="oc-8a"/>
      </symbol>
      <symbol id="sm-6c2">
         <name>__TI_int39</name>
         <value>0xffde</value>
         <object_component_ref idref="oc-8b"/>
      </symbol>
      <symbol id="sm-6c5">
         <name>__TI_int40</name>
         <value>0xffe0</value>
         <object_component_ref idref="oc-8c"/>
      </symbol>
      <symbol id="sm-6c8">
         <name>__TI_int41</name>
         <value>0xffe2</value>
         <object_component_ref idref="oc-8d"/>
      </symbol>
      <symbol id="sm-6cb">
         <name>__TI_int42</name>
         <value>0xffe4</value>
         <object_component_ref idref="oc-8e"/>
      </symbol>
      <symbol id="sm-6ce">
         <name>__TI_int44</name>
         <value>0xffe8</value>
         <object_component_ref idref="oc-90"/>
      </symbol>
      <symbol id="sm-6d1">
         <name>__TI_int45</name>
         <value>0xffea</value>
         <object_component_ref idref="oc-91"/>
      </symbol>
      <symbol id="sm-6d4">
         <name>__TI_int47</name>
         <value>0xffee</value>
         <object_component_ref idref="oc-93"/>
      </symbol>
      <symbol id="sm-6d7">
         <name>__TI_int48</name>
         <value>0xfff0</value>
         <object_component_ref idref="oc-94"/>
      </symbol>
      <symbol id="sm-6da">
         <name>__TI_int49</name>
         <value>0xfff2</value>
         <object_component_ref idref="oc-95"/>
      </symbol>
      <symbol id="sm-6dd">
         <name>__TI_int50</name>
         <value>0xfff4</value>
         <object_component_ref idref="oc-96"/>
      </symbol>
      <symbol id="sm-6e0">
         <name>__TI_int51</name>
         <value>0xfff6</value>
         <object_component_ref idref="oc-97"/>
      </symbol>
      <symbol id="sm-6e3">
         <name>__TI_int52</name>
         <value>0xfff8</value>
         <object_component_ref idref="oc-98"/>
      </symbol>
      <symbol id="sm-6e6">
         <name>__TI_int53</name>
         <value>0xfffa</value>
         <object_component_ref idref="oc-99"/>
      </symbol>
      <symbol id="sm-6e9">
         <name>__TI_int54</name>
         <value>0xfffc</value>
         <object_component_ref idref="oc-9a"/>
      </symbol>
      <symbol id="sm-6f9">
         <name>__TI_zero_init_nomemset</name>
         <value>0x53c6</value>
         <object_component_ref idref="oc-3e1"/>
      </symbol>
      <symbol id="sm-733">
         <name>__dso_handle</name>
         <value>0x1f20</value>
      </symbol>
      <symbol id="sm-734">
         <name>_Z25__add_destruction_to_listPP20a_needed_destructionPFYvPvES2_S2_</name>
         <value>0x5244</value>
         <object_component_ref idref="oc-591"/>
      </symbol>
      <symbol id="sm-735">
         <name>__cxa_atexit</name>
         <value>0x5630</value>
         <object_component_ref idref="oc-485"/>
      </symbol>
      <symbol id="sm-736">
         <name>_Z23__finalize_destructionsPP20a_needed_destructionPv</name>
         <value>0x534a</value>
         <object_component_ref idref="oc-6fd"/>
      </symbol>
      <symbol id="sm-737">
         <name>__cxa_ia64_exit</name>
         <value>0x5838</value>
         <object_component_ref idref="oc-65a"/>
      </symbol>
      <symbol id="sm-746">
         <name>__TI_dtors_ptr</name>
         <value>0x1f2e</value>
         <object_component_ref idref="oc-5ca"/>
      </symbol>
      <symbol id="sm-747">
         <name>__TI_cleanup_ptr</name>
         <value>0x1f2a</value>
         <object_component_ref idref="oc-5cd"/>
      </symbol>
      <symbol id="sm-750">
         <name>__cxa_pure_virtual</name>
         <value>0x5842</value>
         <object_component_ref idref="oc-6a7"/>
      </symbol>
      <symbol id="sm-759">
         <name>__abort_execution</name>
         <value>0x585c</value>
         <object_component_ref idref="oc-726"/>
      </symbol>
      <symbol id="sm-764">
         <name>__memcpy_far</name>
         <value>0x530a</value>
         <object_component_ref idref="oc-3c4"/>
      </symbol>
      <symbol id="sm-773">
         <name>__mspabi_remu</name>
         <value>0x5760</value>
         <object_component_ref idref="oc-59b"/>
      </symbol>
      <symbol id="sm-774">
         <name>__mspabi_divu</name>
         <value>0x5760</value>
         <object_component_ref idref="oc-59b"/>
      </symbol>
      <symbol id="sm-784">
         <name>_c_int00_noargs_mpu</name>
         <value>0x5cd2</value>
         <object_component_ref idref="oc-40b"/>
      </symbol>
      <symbol id="sm-785">
         <name>_stack</name>
         <value>0x2360</value>
         <object_component_ref idref="oc-3b2"/>
      </symbol>
      <symbol id="sm-786">
         <name>_reset_vector</name>
         <value>0xfffe</value>
         <object_component_ref idref="oc-3b5"/>
      </symbol>
      <symbol id="sm-78f">
         <name>__mpu_init</name>
         <value>0x55dc</value>
         <object_component_ref idref="oc-462"/>
      </symbol>
      <symbol id="sm-7b5">
         <name>__TI_auto_init_nobinit_hold_wdt</name>
         <value>0x5034</value>
         <object_component_ref idref="oc-52a"/>
      </symbol>
      <symbol id="sm-7cb">
         <name>_nop</name>
         <value>0x5866</value>
         <object_component_ref idref="oc-649"/>
      </symbol>
      <symbol id="sm-7cc">
         <name>_lock</name>
         <value>0x1f32</value>
         <object_component_ref idref="oc-58b"/>
      </symbol>
      <symbol id="sm-7cd">
         <name>_unlock</name>
         <value>0x1f36</value>
         <object_component_ref idref="oc-597"/>
      </symbol>
      <symbol id="sm-7d6">
         <name>_system_post_cinit</name>
         <value>0x5868</value>
         <object_component_ref idref="oc-5d2"/>
      </symbol>
      <symbol id="sm-7df">
         <name>_system_pre_init</name>
         <value>0x5860</value>
         <object_component_ref idref="oc-44a"/>
      </symbol>
      <symbol id="sm-7fc">
         <name>C$$EXIT</name>
         <value>0x5852</value>
         <object_component_ref idref="oc-500"/>
      </symbol>
      <symbol id="sm-7fd">
         <name>abort</name>
         <value>0x5852</value>
         <object_component_ref idref="oc-500"/>
      </symbol>
      <symbol id="sm-7fe">
         <name>__TI_enable_exit_profile_output</name>
         <value>0x1f3c</value>
         <object_component_ref idref="oc-5c7"/>
      </symbol>
      <symbol id="sm-7ff">
         <name>exit</name>
         <value>0x51b6</value>
         <object_component_ref idref="oc-506"/>
      </symbol>
      <symbol id="sm-884">
         <name>_sys_memory</name>
         <value>0x4400</value>
         <object_component_ref idref="oc-3b6"/>
      </symbol>
      <symbol id="sm-885">
         <name>free</name>
         <value>0x4eb6</value>
         <object_component_ref idref="oc-760"/>
      </symbol>
      <symbol id="sm-886">
         <name>memalign</name>
         <value>0x4cd8</value>
         <object_component_ref idref="oc-6f6"/>
      </symbol>
      <symbol id="sm-887">
         <name>malloc</name>
         <value>0x584a</value>
         <object_component_ref idref="oc-654"/>
      </symbol>
      <symbol id="sm-888">
         <name>aligned_alloc</name>
         <value>0x4cd8</value>
         <object_component_ref idref="oc-6f6"/>
      </symbol>
      <symbol id="sm-896">
         <name>memcpy</name>
         <value>0x57b0</value>
         <object_component_ref idref="oc-55c"/>
      </symbol>
      <symbol id="sm-8a4">
         <name>strlen</name>
         <value>0x5816</value>
         <object_component_ref idref="oc-4f3"/>
      </symbol>
      <symbol id="sm-8a9">
         <name>_ZSt17__throw_bad_allocv</name>
         <value>0x5852</value>
      </symbol>
   </symbol_table>
   <title>Link successful</title>
</link_info>
