<?xml version="1.0" encoding="ISO-8859-1" ?>
<link_info>
   <banner>MSP430 Linker Unix v21.6.1.LTS</banner>
   <copyright>Copyright (c) 2003-2018 Texas Instruments Incorporated</copyright>
   <link_time>0x63bab743</link_time>
   <link_errors>0x1</link_errors>
   <output_file>board_test.out</output_file>
   <entry_point>
      <name>_c_int00_noargs_mpu</name>
      <address>0x5c9a</address>
   </entry_point>
   <input_file_list>
      <input_file id="fl-2">
         <path>./</path>
         <kind>object</kind>
         <file>MicroTP.obj</file>
         <name>MicroTP.obj</name>
      </input_file>
      <input_file id="fl-3">
         <path>./</path>
         <kind>object</kind>
         <file>irlap_primary.obj</file>
         <name>irlap_primary.obj</name>
      </input_file>
      <input_file id="fl-4">
         <path>./</path>
         <kind>object</kind>
         <file>irlap_secondary.obj</file>
         <name>irlap_secondary.obj</name>
      </input_file>
      <input_file id="fl-5">
         <path>./</path>
         <kind>object</kind>
         <file>irphy.obj</file>
         <name>irphy.obj</name>
      </input_file>
      <input_file id="fl-6">
         <path>./</path>
         <kind>object</kind>
         <file>main.obj</file>
         <name>main.obj</name>
      </input_file>
      <input_file id="fl-d">
         <kind>object</kind>
         <file>&lt;internal&gt;</file>
         <name>&lt;internal&gt;</name>
      </input_file>
      <input_file id="fl-2d">
         <path>/opt/ccs/ccs1210/ccs/tools/compiler/ti-cgt-msp430_21.6.1.LTS/lib/</path>
         <kind>archive</kind>
         <file>rts430x_lc_sd_eabi.lib</file>
         <name>typeinfo.c.obj</name>
      </input_file>
      <input_file id="fl-2e">
         <path>/opt/ccs/ccs1210/ccs/tools/compiler/ti-cgt-msp430_21.6.1.LTS/lib/</path>
         <kind>archive</kind>
         <file>rts430x_lc_sd_eabi.lib</file>
         <name>stdlib_typeinfo.cpp.obj</name>
      </input_file>
      <input_file id="fl-2f">
         <path>/opt/ccs/ccs1210/ccs/tools/compiler/ti-cgt-msp430_21.6.1.LTS/lib/</path>
         <kind>archive</kind>
         <file>rts430x_lc_sd_eabi.lib</file>
         <name>stdlib_exception.cpp.obj</name>
      </input_file>
      <input_file id="fl-30">
         <path>/opt/ccs/ccs1210/ccs/tools/compiler/ti-cgt-msp430_21.6.1.LTS/lib/</path>
         <kind>archive</kind>
         <file>rts430x_lc_sd_eabi.lib</file>
         <name>new.cpp.obj</name>
      </input_file>
      <input_file id="fl-31">
         <path>/opt/ccs/ccs1210/ccs/tools/compiler/ti-cgt-msp430_21.6.1.LTS/lib/</path>
         <kind>archive</kind>
         <file>rts430x_lc_sd_eabi.lib</file>
         <name>copy_decompress_lzss.c.obj</name>
      </input_file>
      <input_file id="fl-32">
         <path>/opt/ccs/ccs1210/ccs/tools/compiler/ti-cgt-msp430_21.6.1.LTS/lib/</path>
         <kind>archive</kind>
         <file>rts430x_lc_sd_eabi.lib</file>
         <name>copy_decompress_none.c.obj</name>
      </input_file>
      <input_file id="fl-33">
         <path>/opt/ccs/ccs1210/ccs/tools/compiler/ti-cgt-msp430_21.6.1.LTS/lib/</path>
         <kind>archive</kind>
         <file>rts430x_lc_sd_eabi.lib</file>
         <name>int30.asm.obj</name>
      </input_file>
      <input_file id="fl-34">
         <path>/opt/ccs/ccs1210/ccs/tools/compiler/ti-cgt-msp430_21.6.1.LTS/lib/</path>
         <kind>archive</kind>
         <file>rts430x_lc_sd_eabi.lib</file>
         <name>isr_trap.asm.obj</name>
      </input_file>
      <input_file id="fl-35">
         <path>/opt/ccs/ccs1210/ccs/tools/compiler/ti-cgt-msp430_21.6.1.LTS/lib/</path>
         <kind>archive</kind>
         <file>rts430x_lc_sd_eabi.lib</file>
         <name>int31.asm.obj</name>
      </input_file>
      <input_file id="fl-36">
         <path>/opt/ccs/ccs1210/ccs/tools/compiler/ti-cgt-msp430_21.6.1.LTS/lib/</path>
         <kind>archive</kind>
         <file>rts430x_lc_sd_eabi.lib</file>
         <name>int32.asm.obj</name>
      </input_file>
      <input_file id="fl-37">
         <path>/opt/ccs/ccs1210/ccs/tools/compiler/ti-cgt-msp430_21.6.1.LTS/lib/</path>
         <kind>archive</kind>
         <file>rts430x_lc_sd_eabi.lib</file>
         <name>int33.asm.obj</name>
      </input_file>
      <input_file id="fl-38">
         <path>/opt/ccs/ccs1210/ccs/tools/compiler/ti-cgt-msp430_21.6.1.LTS/lib/</path>
         <kind>archive</kind>
         <file>rts430x_lc_sd_eabi.lib</file>
         <name>int34.asm.obj</name>
      </input_file>
      <input_file id="fl-39">
         <path>/opt/ccs/ccs1210/ccs/tools/compiler/ti-cgt-msp430_21.6.1.LTS/lib/</path>
         <kind>archive</kind>
         <file>rts430x_lc_sd_eabi.lib</file>
         <name>int35.asm.obj</name>
      </input_file>
      <input_file id="fl-3a">
         <path>/opt/ccs/ccs1210/ccs/tools/compiler/ti-cgt-msp430_21.6.1.LTS/lib/</path>
         <kind>archive</kind>
         <file>rts430x_lc_sd_eabi.lib</file>
         <name>int36.asm.obj</name>
      </input_file>
      <input_file id="fl-3b">
         <path>/opt/ccs/ccs1210/ccs/tools/compiler/ti-cgt-msp430_21.6.1.LTS/lib/</path>
         <kind>archive</kind>
         <file>rts430x_lc_sd_eabi.lib</file>
         <name>int37.asm.obj</name>
      </input_file>
      <input_file id="fl-3c">
         <path>/opt/ccs/ccs1210/ccs/tools/compiler/ti-cgt-msp430_21.6.1.LTS/lib/</path>
         <kind>archive</kind>
         <file>rts430x_lc_sd_eabi.lib</file>
         <name>int38.asm.obj</name>
      </input_file>
      <input_file id="fl-3d">
         <path>/opt/ccs/ccs1210/ccs/tools/compiler/ti-cgt-msp430_21.6.1.LTS/lib/</path>
         <kind>archive</kind>
         <file>rts430x_lc_sd_eabi.lib</file>
         <name>int39.asm.obj</name>
      </input_file>
      <input_file id="fl-3e">
         <path>/opt/ccs/ccs1210/ccs/tools/compiler/ti-cgt-msp430_21.6.1.LTS/lib/</path>
         <kind>archive</kind>
         <file>rts430x_lc_sd_eabi.lib</file>
         <name>int40.asm.obj</name>
      </input_file>
      <input_file id="fl-3f">
         <path>/opt/ccs/ccs1210/ccs/tools/compiler/ti-cgt-msp430_21.6.1.LTS/lib/</path>
         <kind>archive</kind>
         <file>rts430x_lc_sd_eabi.lib</file>
         <name>int41.asm.obj</name>
      </input_file>
      <input_file id="fl-40">
         <path>/opt/ccs/ccs1210/ccs/tools/compiler/ti-cgt-msp430_21.6.1.LTS/lib/</path>
         <kind>archive</kind>
         <file>rts430x_lc_sd_eabi.lib</file>
         <name>int42.asm.obj</name>
      </input_file>
      <input_file id="fl-41">
         <path>/opt/ccs/ccs1210/ccs/tools/compiler/ti-cgt-msp430_21.6.1.LTS/lib/</path>
         <kind>archive</kind>
         <file>rts430x_lc_sd_eabi.lib</file>
         <name>int43.asm.obj</name>
      </input_file>
      <input_file id="fl-42">
         <path>/opt/ccs/ccs1210/ccs/tools/compiler/ti-cgt-msp430_21.6.1.LTS/lib/</path>
         <kind>archive</kind>
         <file>rts430x_lc_sd_eabi.lib</file>
         <name>int44.asm.obj</name>
      </input_file>
      <input_file id="fl-43">
         <path>/opt/ccs/ccs1210/ccs/tools/compiler/ti-cgt-msp430_21.6.1.LTS/lib/</path>
         <kind>archive</kind>
         <file>rts430x_lc_sd_eabi.lib</file>
         <name>int45.asm.obj</name>
      </input_file>
      <input_file id="fl-44">
         <path>/opt/ccs/ccs1210/ccs/tools/compiler/ti-cgt-msp430_21.6.1.LTS/lib/</path>
         <kind>archive</kind>
         <file>rts430x_lc_sd_eabi.lib</file>
         <name>int47.asm.obj</name>
      </input_file>
      <input_file id="fl-45">
         <path>/opt/ccs/ccs1210/ccs/tools/compiler/ti-cgt-msp430_21.6.1.LTS/lib/</path>
         <kind>archive</kind>
         <file>rts430x_lc_sd_eabi.lib</file>
         <name>int49.asm.obj</name>
      </input_file>
      <input_file id="fl-46">
         <path>/opt/ccs/ccs1210/ccs/tools/compiler/ti-cgt-msp430_21.6.1.LTS/lib/</path>
         <kind>archive</kind>
         <file>rts430x_lc_sd_eabi.lib</file>
         <name>int50.asm.obj</name>
      </input_file>
      <input_file id="fl-47">
         <path>/opt/ccs/ccs1210/ccs/tools/compiler/ti-cgt-msp430_21.6.1.LTS/lib/</path>
         <kind>archive</kind>
         <file>rts430x_lc_sd_eabi.lib</file>
         <name>int51.asm.obj</name>
      </input_file>
      <input_file id="fl-48">
         <path>/opt/ccs/ccs1210/ccs/tools/compiler/ti-cgt-msp430_21.6.1.LTS/lib/</path>
         <kind>archive</kind>
         <file>rts430x_lc_sd_eabi.lib</file>
         <name>int52.asm.obj</name>
      </input_file>
      <input_file id="fl-49">
         <path>/opt/ccs/ccs1210/ccs/tools/compiler/ti-cgt-msp430_21.6.1.LTS/lib/</path>
         <kind>archive</kind>
         <file>rts430x_lc_sd_eabi.lib</file>
         <name>int53.asm.obj</name>
      </input_file>
      <input_file id="fl-4a">
         <path>/opt/ccs/ccs1210/ccs/tools/compiler/ti-cgt-msp430_21.6.1.LTS/lib/</path>
         <kind>archive</kind>
         <file>rts430x_lc_sd_eabi.lib</file>
         <name>int54.asm.obj</name>
      </input_file>
      <input_file id="fl-4b">
         <path>/opt/ccs/ccs1210/ccs/tools/compiler/ti-cgt-msp430_21.6.1.LTS/lib/</path>
         <kind>archive</kind>
         <file>rts430x_lc_sd_eabi.lib</file>
         <name>copy_zero_init.c.obj</name>
      </input_file>
      <input_file id="fl-4c">
         <path>/opt/ccs/ccs1210/ccs/tools/compiler/ti-cgt-msp430_21.6.1.LTS/lib/</path>
         <kind>archive</kind>
         <file>rts430x_lc_sd_eabi.lib</file>
         <name>pure_virt.c.obj</name>
      </input_file>
      <input_file id="fl-4d">
         <path>/opt/ccs/ccs1210/ccs/tools/compiler/ti-cgt-msp430_21.6.1.LTS/lib/</path>
         <kind>archive</kind>
         <file>rts430x_lc_sd_eabi.lib</file>
         <name>error.c.obj</name>
      </input_file>
      <input_file id="fl-4e">
         <path>/opt/ccs/ccs1210/ccs/tools/compiler/ti-cgt-msp430_21.6.1.LTS/lib/</path>
         <kind>archive</kind>
         <file>rts430x_lc_sd_eabi.lib</file>
         <name>cpy_util.asm.obj</name>
      </input_file>
      <input_file id="fl-4f">
         <path>/opt/ccs/ccs1210/ccs/tools/compiler/ti-cgt-msp430_21.6.1.LTS/lib/</path>
         <kind>archive</kind>
         <file>rts430x_lc_sd_eabi.lib</file>
         <name>mult16_f5hw.asm.obj</name>
      </input_file>
      <input_file id="fl-50">
         <path>/opt/ccs/ccs1210/ccs/tools/compiler/ti-cgt-msp430_21.6.1.LTS/lib/</path>
         <kind>archive</kind>
         <file>rts430x_lc_sd_eabi.lib</file>
         <name>mult32_f5hw.asm.obj</name>
      </input_file>
      <input_file id="fl-51">
         <path>/opt/ccs/ccs1210/ccs/tools/compiler/ti-cgt-msp430_21.6.1.LTS/lib/</path>
         <kind>archive</kind>
         <file>rts430x_lc_sd_eabi.lib</file>
         <name>mult64_f5hw.asm.obj</name>
      </input_file>
      <input_file id="fl-52">
         <path>/opt/ccs/ccs1210/ccs/tools/compiler/ti-cgt-msp430_21.6.1.LTS/lib/</path>
         <kind>archive</kind>
         <file>rts430x_lc_sd_eabi.lib</file>
         <name>mult1632_f5hw.asm.obj</name>
      </input_file>
      <input_file id="fl-53">
         <path>/opt/ccs/ccs1210/ccs/tools/compiler/ti-cgt-msp430_21.6.1.LTS/lib/</path>
         <kind>archive</kind>
         <file>rts430x_lc_sd_eabi.lib</file>
         <name>mult3264_f5hw.asm.obj</name>
      </input_file>
      <input_file id="fl-54">
         <path>/opt/ccs/ccs1210/ccs/tools/compiler/ti-cgt-msp430_21.6.1.LTS/lib/</path>
         <kind>archive</kind>
         <file>rts430x_lc_sd_eabi.lib</file>
         <name>div16u.asm.obj</name>
      </input_file>
      <input_file id="fl-55">
         <path>/opt/ccs/ccs1210/ccs/tools/compiler/ti-cgt-msp430_21.6.1.LTS/lib/</path>
         <kind>archive</kind>
         <file>rts430x_lc_sd_eabi.lib</file>
         <name>boot.c.obj</name>
      </input_file>
      <input_file id="fl-56">
         <path>/opt/ccs/ccs1210/ccs/ccs_base/msp430/lib/FR59xx/</path>
         <kind>archive</kind>
         <file>MSPMPU_INIT_LIB_CCS_msp430_large_code_small_data.lib</file>
         <name>mpu_init.o</name>
      </input_file>
      <input_file id="fl-57">
         <path>/opt/ccs/ccs1210/ccs/tools/compiler/ti-cgt-msp430_21.6.1.LTS/lib/</path>
         <kind>archive</kind>
         <file>rts430x_lc_sd_eabi.lib</file>
         <name>args_main.c.obj</name>
      </input_file>
      <input_file id="fl-58">
         <path>/opt/ccs/ccs1210/ccs/tools/compiler/ti-cgt-msp430_21.6.1.LTS/lib/</path>
         <kind>archive</kind>
         <file>rts430x_lc_sd_eabi.lib</file>
         <name>autoinit.c.obj</name>
      </input_file>
      <input_file id="fl-59">
         <path>/opt/ccs/ccs1210/ccs/tools/compiler/ti-cgt-msp430_21.6.1.LTS/lib/</path>
         <kind>archive</kind>
         <file>rts430x_lc_sd_eabi.lib</file>
         <name>startup.c.obj</name>
      </input_file>
      <input_file id="fl-5a">
         <path>/opt/ccs/ccs1210/ccs/tools/compiler/ti-cgt-msp430_21.6.1.LTS/lib/</path>
         <kind>archive</kind>
         <file>rts430x_lc_sd_eabi.lib</file>
         <name>pre_init.c.obj</name>
      </input_file>
      <input_file id="fl-5b">
         <path>/opt/ccs/ccs1210/ccs/tools/compiler/ti-cgt-msp430_21.6.1.LTS/lib/</path>
         <kind>archive</kind>
         <file>rts430x_lc_sd_eabi.lib</file>
         <name>exit.c.obj</name>
      </input_file>
      <input_file id="fl-5c">
         <path>/opt/ccs/ccs1210/ccs/tools/compiler/ti-cgt-msp430_21.6.1.LTS/lib/</path>
         <kind>archive</kind>
         <file>rts430x_lc_sd_eabi.lib</file>
         <name>exit_gvars.c.obj</name>
      </input_file>
      <input_file id="fl-5d">
         <path>/opt/ccs/ccs1210/ccs/tools/compiler/ti-cgt-msp430_21.6.1.LTS/lib/</path>
         <kind>archive</kind>
         <file>rts430x_lc_sd_eabi.lib</file>
         <name>_lock.c.obj</name>
      </input_file>
      <input_file id="fl-5e">
         <path>/opt/ccs/ccs1210/ccs/tools/compiler/ti-cgt-msp430_21.6.1.LTS/lib/</path>
         <kind>archive</kind>
         <file>rts430x_lc_sd_eabi.lib</file>
         <name>cpy_tbl.c.obj</name>
      </input_file>
      <input_file id="fl-5f">
         <path>/opt/ccs/ccs1210/ccs/tools/compiler/ti-cgt-msp430_21.6.1.LTS/lib/</path>
         <kind>archive</kind>
         <file>rts430x_lc_sd_eabi.lib</file>
         <name>mult16.asm.obj</name>
      </input_file>
      <input_file id="fl-60">
         <path>/opt/ccs/ccs1210/ccs/tools/compiler/ti-cgt-msp430_21.6.1.LTS/lib/</path>
         <kind>archive</kind>
         <file>rts430x_lc_sd_eabi.lib</file>
         <name>memory.c.obj</name>
      </input_file>
      <input_file id="fl-61">
         <path>/opt/ccs/ccs1210/ccs/tools/compiler/ti-cgt-msp430_21.6.1.LTS/lib/</path>
         <kind>archive</kind>
         <file>rts430x_lc_sd_eabi.lib</file>
         <name>memcpy.c.obj</name>
      </input_file>
      <input_file id="fl-62">
         <path>/opt/ccs/ccs1210/ccs/tools/compiler/ti-cgt-msp430_21.6.1.LTS/lib/</path>
         <kind>archive</kind>
         <file>rts430x_lc_sd_eabi.lib</file>
         <name>memset.c.obj</name>
      </input_file>
      <input_file id="fl-63">
         <path>/opt/ccs/ccs1210/ccs/tools/compiler/ti-cgt-msp430_21.6.1.LTS/lib/</path>
         <kind>archive</kind>
         <file>rts430x_lc_sd_eabi.lib</file>
         <name>strlen.c.obj</name>
      </input_file>
   </input_file_list>
   <object_component_list>
      <object_component id="oc-3b6">
         <name>.sysmem</name>
         <uninitialized>true</uninitialized>
         <run_address>0x4400</run_address>
         <size>0x8</size>
         <input_file_ref idref="fl-60"/>
      </object_component>
      <object_component id="oc-815">
         <name>.sysmem</name>
         <uninitialized>true</uninitialized>
         <run_address>0x4400</run_address>
         <size>0x0</size>
      </object_component>
      <object_component id="oc-812">
         <name>.cinit..data.load</name>
         <load_address>0x5cc6</load_address>
         <run_address>0x5cc6</run_address>
         <size>0xc</size>
      </object_component>
      <object_component id="oc-80f">
         <name>__TI_handler_table</name>
         <load_address>0x5cd2</load_address>
         <run_address>0x5cd2</run_address>
         <size>0xc</size>
      </object_component>
      <object_component id="oc-811">
         <name>.cinit..bss.load</name>
         <load_address>0x5cde</load_address>
         <run_address>0x5cde</run_address>
         <size>0x6</size>
      </object_component>
      <object_component id="oc-810">
         <name>__TI_cinit_table</name>
         <load_address>0x5ce4</load_address>
         <run_address>0x5ce4</run_address>
         <size>0x10</size>
      </object_component>
      <object_component id="oc-7a0">
         <name>.binit</name>
         <load_address>0x4400</load_address>
         <run_address>0x4400</run_address>
         <size>0x0</size>
      </object_component>
      <object_component id="oc-3b1">
         <name>.init_array</name>
         <load_address>0x5cc2</load_address>
         <run_address>0x5cc2</run_address>
         <size>0x4</size>
         <input_file_ref idref="fl-6"/>
      </object_component>
      <object_component id="oc-813">
         <name>__TI_INITARRAY_Limit</name>
         <load_address>0x5cc6</load_address>
         <run_address>0x5cc6</run_address>
         <size>0x0</size>
      </object_component>
      <object_component id="oc-54d">
         <name>.const:.string:$P$T2$1</name>
         <load_address>0x56e0</load_address>
         <run_address>0x56e0</run_address>
         <size>0x100</size>
         <input_file_ref idref="fl-5"/>
      </object_component>
      <object_component id="oc-554">
         <name>.const:.string:$P$T3$2</name>
         <load_address>0x57e0</load_address>
         <run_address>0x57e0</run_address>
         <size>0xff</size>
         <input_file_ref idref="fl-5"/>
      </object_component>
      <object_component id="oc-555">
         <name>.const:.string:$P$T4$3</name>
         <load_address>0x58e0</load_address>
         <run_address>0x58e0</run_address>
         <size>0xff</size>
         <input_file_ref idref="fl-5"/>
      </object_component>
      <object_component id="oc-686">
         <name>.const:_ZTV15IrPHY_Interface</name>
         <load_address>0x59e0</load_address>
         <run_address>0x59e0</run_address>
         <size>0x2c</size>
         <input_file_ref idref="fl-5"/>
      </object_component>
      <object_component id="oc-548">
         <name>.const:_ZTV5IrPHY</name>
         <load_address>0x5a0c</load_address>
         <run_address>0x5a0c</run_address>
         <size>0x2c</size>
         <input_file_ref idref="fl-5"/>
      </object_component>
      <object_component id="oc-72c">
         <name>.const:.typeinfo:_ZTSN10__cxxabiv121__vmi_class_type_infoE</name>
         <load_address>0x5a38</load_address>
         <run_address>0x5a38</run_address>
         <size>0x26</size>
         <input_file_ref idref="fl-2d"/>
      </object_component>
      <object_component id="oc-757">
         <name>.const:.typeinfo:_ZTSN10__cxxabiv120__si_class_type_infoE</name>
         <load_address>0x5a5e</load_address>
         <run_address>0x5a5e</run_address>
         <size>0x25</size>
         <input_file_ref idref="fl-2d"/>
      </object_component>
      <object_component id="oc-76b">
         <name>.const:.typeinfo:_ZTSN10__cxxabiv117__class_type_infoE</name>
         <load_address>0x5a84</load_address>
         <run_address>0x5a84</run_address>
         <size>0x22</size>
         <input_file_ref idref="fl-2d"/>
      </object_component>
      <object_component id="oc-722">
         <name>.const:.typeinfo:_ZTS15IrPHY_Interface</name>
         <load_address>0x5aa6</load_address>
         <run_address>0x5aa6</run_address>
         <size>0x12</size>
         <input_file_ref idref="fl-5"/>
      </object_component>
      <object_component id="oc-71d">
         <name>.const:_ZTVN10__cxxabiv117__class_type_infoE</name>
         <load_address>0x5ab8</load_address>
         <run_address>0x5ab8</run_address>
         <size>0x10</size>
         <input_file_ref idref="fl-2d"/>
      </object_component>
      <object_component id="oc-68b">
         <name>.const:_ZTVN10__cxxabiv120__si_class_type_infoE</name>
         <load_address>0x5ac8</load_address>
         <run_address>0x5ac8</run_address>
         <size>0x10</size>
         <input_file_ref idref="fl-2d"/>
      </object_component>
      <object_component id="oc-65c">
         <name>.const:_ZTVN10__cxxabiv121__vmi_class_type_infoE</name>
         <load_address>0x5ad8</load_address>
         <run_address>0x5ad8</run_address>
         <size>0x10</size>
         <input_file_ref idref="fl-2d"/>
      </object_component>
      <object_component id="oc-5b7">
         <name>.const:.typeinfo:_ZTI7MicroTP</name>
         <load_address>0x5ae8</load_address>
         <run_address>0x5ae8</run_address>
         <size>0xe</size>
         <input_file_ref idref="fl-2"/>
      </object_component>
      <object_component id="oc-4cb">
         <name>.const:.string:str</name>
         <load_address>0x5af6</load_address>
         <run_address>0x5af6</run_address>
         <size>0xd</size>
         <input_file_ref idref="fl-6"/>
      </object_component>
      <object_component id="oc-785">
         <name>.const:.typeinfo:_ZTSSt9type_info</name>
         <load_address>0x5b04</load_address>
         <run_address>0x5b04</run_address>
         <size>0xd</size>
         <input_file_ref idref="fl-2e"/>
      </object_component>
      <object_component id="oc-51c">
         <name>.const:_ZTV7MicroTP</name>
         <load_address>0x5b12</load_address>
         <run_address>0x5b12</run_address>
         <size>0xc</size>
         <input_file_ref idref="fl-2"/>
      </object_component>
      <object_component id="oc-661">
         <name>.const:.typeinfo:_ZTS7MicroTP</name>
         <load_address>0x5b1e</load_address>
         <run_address>0x5b1e</run_address>
         <size>0x9</size>
         <input_file_ref idref="fl-2"/>
      </object_component>
      <object_component id="oc-690">
         <name>.const:.typeinfo:_ZTS5IrPHY</name>
         <load_address>0x5b28</load_address>
         <run_address>0x5b28</run_address>
         <size>0x7</size>
         <input_file_ref idref="fl-5"/>
      </object_component>
      <object_component id="oc-5d8">
         <name>.const:.typeinfo:_ZTI5IrPHY</name>
         <load_address>0x5b30</load_address>
         <run_address>0x5b30</run_address>
         <size>0x6</size>
         <input_file_ref idref="fl-5"/>
      </object_component>
      <object_component id="oc-731">
         <name>.const:.typeinfo:_ZTIN10__cxxabiv117__class_type_infoE</name>
         <load_address>0x5b36</load_address>
         <run_address>0x5b36</run_address>
         <size>0x6</size>
         <input_file_ref idref="fl-2d"/>
      </object_component>
      <object_component id="oc-70c">
         <name>.const:.typeinfo:_ZTIN10__cxxabiv120__si_class_type_infoE</name>
         <load_address>0x5b3c</load_address>
         <run_address>0x5b3c</run_address>
         <size>0x6</size>
         <input_file_ref idref="fl-2d"/>
      </object_component>
      <object_component id="oc-6ea">
         <name>.const:.typeinfo:_ZTIN10__cxxabiv121__vmi_class_type_infoE</name>
         <load_address>0x5b42</load_address>
         <run_address>0x5b42</run_address>
         <size>0x6</size>
         <input_file_ref idref="fl-2d"/>
      </object_component>
      <object_component id="oc-695">
         <name>.const:.typeinfo:_ZTI15IrPHY_Interface</name>
         <load_address>0x5b48</load_address>
         <run_address>0x5b48</run_address>
         <size>0x4</size>
         <input_file_ref idref="fl-5"/>
      </object_component>
      <object_component id="oc-770">
         <name>.const:.typeinfo:_ZTISt9type_info</name>
         <load_address>0x5b4c</load_address>
         <run_address>0x5b4c</run_address>
         <size>0x4</size>
         <input_file_ref idref="fl-2e"/>
      </object_component>
      <object_component id="oc-620">
         <name>.const:$P$T10$4</name>
         <load_address>0x5b50</load_address>
         <run_address>0x5b50</run_address>
         <size>0x3</size>
         <input_file_ref idref="fl-3"/>
      </object_component>
      <object_component id="oc-623">
         <name>.const:$P$T11$5</name>
         <load_address>0x5b53</load_address>
         <run_address>0x5b53</run_address>
         <size>0x3</size>
         <input_file_ref idref="fl-3"/>
      </object_component>
      <object_component id="oc-626">
         <name>.const:$P$T12$6</name>
         <load_address>0x5b56</load_address>
         <run_address>0x5b56</run_address>
         <size>0x3</size>
         <input_file_ref idref="fl-3"/>
      </object_component>
      <object_component id="oc-629">
         <name>.const:$P$T13$7</name>
         <load_address>0x5b59</load_address>
         <run_address>0x5b59</run_address>
         <size>0x3</size>
         <input_file_ref idref="fl-3"/>
      </object_component>
      <object_component id="oc-617">
         <name>.const:$P$T7$1</name>
         <load_address>0x5b5c</load_address>
         <run_address>0x5b5c</run_address>
         <size>0x3</size>
         <input_file_ref idref="fl-3"/>
      </object_component>
      <object_component id="oc-61a">
         <name>.const:$P$T8$2</name>
         <load_address>0x5b5f</load_address>
         <run_address>0x5b5f</run_address>
         <size>0x3</size>
         <input_file_ref idref="fl-3"/>
      </object_component>
      <object_component id="oc-61d">
         <name>.const:$P$T9$3</name>
         <load_address>0x5b62</load_address>
         <run_address>0x5b62</run_address>
         <size>0x3</size>
         <input_file_ref idref="fl-3"/>
      </object_component>
      <object_component id="oc-3d5">
         <name>.text:_isr:_Z9ADC12_ISRv</name>
         <load_address>0x5b66</load_address>
         <run_address>0x5b66</run_address>
         <size>0x114</size>
         <input_file_ref idref="fl-6"/>
      </object_component>
      <object_component id="oc-3db">
         <name>.text:_isr:_Z11USCI_A0_ISRv</name>
         <load_address>0x5c7a</load_address>
         <run_address>0x5c7a</run_address>
         <size>0x20</size>
         <input_file_ref idref="fl-6"/>
      </object_component>
      <object_component id="oc-40b">
         <name>.text:_isr:_c_int00_noargs_mpu</name>
         <load_address>0x5c9a</load_address>
         <run_address>0x5c9a</run_address>
         <size>0x20</size>
         <input_file_ref idref="fl-55"/>
      </object_component>
      <object_component id="oc-3d0">
         <name>.text:_isr:__TI_ISR_TRAP</name>
         <load_address>0x5cba</load_address>
         <run_address>0x5cba</run_address>
         <size>0x8</size>
         <input_file_ref idref="fl-34"/>
      </object_component>
      <object_component id="oc-5f5">
         <name>.text:_ZN5IrPHY17put_received_dataEh</name>
         <load_address>0x4800</load_address>
         <run_address>0x4800</run_address>
         <size>0x17e</size>
         <input_file_ref idref="fl-5"/>
      </object_component>
      <object_component id="oc-447">
         <name>.text:main</name>
         <load_address>0x497e</load_address>
         <run_address>0x497e</run_address>
         <size>0x148</size>
         <input_file_ref idref="fl-6"/>
      </object_component>
      <object_component id="oc-56e">
         <name>.text:_ZN13IrLAP_primary4initEP15IrPHY_Interface</name>
         <load_address>0x4ac6</load_address>
         <run_address>0x4ac6</run_address>
         <size>0x146</size>
         <input_file_ref idref="fl-3"/>
      </object_component>
      <object_component id="oc-4be">
         <name>.text:_ZN5IrPHYC1Ev</name>
         <load_address>0x4c0c</load_address>
         <run_address>0x4c0c</run_address>
         <size>0xfe</size>
         <input_file_ref idref="fl-5"/>
      </object_component>
      <object_component id="oc-5c6">
         <name>.text:aligned_alloc</name>
         <load_address>0x4d0a</load_address>
         <run_address>0x4d0a</run_address>
         <size>0xf0</size>
         <input_file_ref idref="fl-60"/>
      </object_component>
      <object_component id="oc-76">
         <name>.text:decompress:lzss:__TI_decompress_lzss</name>
         <load_address>0x4dfa</load_address>
         <run_address>0x4dfa</run_address>
         <size>0xee</size>
         <input_file_ref idref="fl-31"/>
      </object_component>
      <object_component id="oc-796">
         <name>.text:free</name>
         <load_address>0x4ee8</load_address>
         <run_address>0x4ee8</run_address>
         <size>0xd2</size>
         <input_file_ref idref="fl-60"/>
      </object_component>
      <object_component id="oc-5e9">
         <name>.text:_ZN5IrPHY10send_frameEPhj</name>
         <load_address>0x4fba</load_address>
         <run_address>0x4fba</run_address>
         <size>0xac</size>
         <input_file_ref idref="fl-5"/>
      </object_component>
      <object_component id="oc-4ff">
         <name>.text:__TI_auto_init_nobinit_hold_wdt:__TI_auto_init_nobinit_hold_wdt</name>
         <load_address>0x5066</load_address>
         <run_address>0x5066</run_address>
         <size>0x84</size>
         <input_file_ref idref="fl-58"/>
      </object_component>
      <object_component id="oc-67f">
         <name>.text:split</name>
         <load_address>0x50ea</load_address>
         <run_address>0x50ea</run_address>
         <size>0x68</size>
         <input_file_ref idref="fl-60"/>
      </object_component>
      <object_component id="oc-666">
         <name>.text:_ZN7MicroTP13packet_unwrapEPhj</name>
         <load_address>0x5152</load_address>
         <run_address>0x5152</run_address>
         <size>0x46</size>
         <input_file_ref idref="fl-2"/>
      </object_component>
      <object_component id="oc-6a3">
         <name>.text:_ZN10RingbufferIcE3putEc</name>
         <load_address>0x5198</load_address>
         <run_address>0x5198</run_address>
         <size>0x42</size>
         <input_file_ref idref="fl-5"/>
      </object_component>
      <object_component id="oc-3c4">
         <name>.text:__memcpy_far</name>
         <load_address>0x51da</load_address>
         <run_address>0x51da</run_address>
         <size>0x40</size>
         <input_file_ref idref="fl-4e"/>
      </object_component>
      <object_component id="oc-5dd">
         <name>.text:_ZN5IrPHY4initEv</name>
         <load_address>0x521a</load_address>
         <run_address>0x521a</run_address>
         <size>0x3e</size>
         <input_file_ref idref="fl-5"/>
      </object_component>
      <object_component id="oc-3e1">
         <name>.text:decompress:ZI:__TI_zero_init_nomemset:__TI_zero_init_nomemset</name>
         <load_address>0x5258</load_address>
         <run_address>0x5258</run_address>
         <size>0x3e</size>
         <input_file_ref idref="fl-4b"/>
      </object_component>
      <object_component id="oc-7c">
         <name>.text:decompress:none:__TI_decompress_none</name>
         <load_address>0x5296</load_address>
         <run_address>0x5296</run_address>
         <size>0x3c</size>
         <input_file_ref idref="fl-32"/>
      </object_component>
      <object_component id="oc-601">
         <name>.text:_ZN5IrPHY14send_next_dataEv</name>
         <load_address>0x52d2</load_address>
         <run_address>0x52d2</run_address>
         <size>0x3a</size>
         <input_file_ref idref="fl-5"/>
      </object_component>
      <object_component id="oc-6b3">
         <name>.text:_ZN10RingbufferIcE3popEv</name>
         <load_address>0x530c</load_address>
         <run_address>0x530c</run_address>
         <size>0x38</size>
         <input_file_ref idref="fl-5"/>
      </object_component>
      <object_component id="oc-55d">
         <name>.text:_ZN10RingbufferIcEC1EPcj</name>
         <load_address>0x5344</load_address>
         <run_address>0x5344</run_address>
         <size>0x38</size>
         <input_file_ref idref="fl-5"/>
      </object_component>
      <object_component id="oc-60d">
         <name>.text:_ZN5IrPHY13get_new_frameEPhRj</name>
         <load_address>0x537c</load_address>
         <run_address>0x537c</run_address>
         <size>0x36</size>
         <input_file_ref idref="fl-5"/>
      </object_component>
      <object_component id="oc-516">
         <name>.text:_ZN13IrLAP_primaryC1Ev</name>
         <load_address>0x53b2</load_address>
         <run_address>0x53b2</run_address>
         <size>0x32</size>
         <input_file_ref idref="fl-3"/>
      </object_component>
      <object_component id="oc-5bc">
         <name>.text:_ZN7MicroTP25IrLAP_USERDATA_indicationEPhj</name>
         <load_address>0x53e4</load_address>
         <run_address>0x53e4</run_address>
         <size>0x32</size>
         <input_file_ref idref="fl-2"/>
      </object_component>
      <object_component id="oc-69c">
         <name>.text:_ZNK10RingbufferIcE17storage_availableEv</name>
         <load_address>0x5416</load_address>
         <run_address>0x5416</run_address>
         <size>0x30</size>
         <input_file_ref idref="fl-5"/>
      </object_component>
      <object_component id="oc-6ba">
         <name>.text:_ZNK10RingbufferIcE8is_emptyEv</name>
         <load_address>0x5446</load_address>
         <run_address>0x5446</run_address>
         <size>0x2c</size>
         <input_file_ref idref="fl-5"/>
      </object_component>
      <object_component id="oc-459">
         <name>.text:__mpu_init</name>
         <load_address>0x5472</load_address>
         <run_address>0x5472</run_address>
         <size>0x2c</size>
         <input_file_ref idref="fl-56"/>
      </object_component>
      <object_component id="oc-679">
         <name>.text:free_list_insert</name>
         <load_address>0x549e</load_address>
         <run_address>0x549e</run_address>
         <size>0x28</size>
         <input_file_ref idref="fl-60"/>
      </object_component>
      <object_component id="oc-466">
         <name>.text:_ZN7MicroTPC1Ev</name>
         <load_address>0x54c6</load_address>
         <run_address>0x54c6</run_address>
         <size>0x24</size>
         <input_file_ref idref="fl-2"/>
      </object_component>
      <object_component id="oc-4b8">
         <name>.text:_Znwj</name>
         <load_address>0x54ea</load_address>
         <run_address>0x54ea</run_address>
         <size>0x24</size>
         <input_file_ref idref="fl-30"/>
      </object_component>
      <object_component id="oc-556">
         <name>.text:_ZN10RingbufferIcEC1Ev</name>
         <load_address>0x550e</load_address>
         <run_address>0x550e</run_address>
         <size>0x22</size>
         <input_file_ref idref="fl-5"/>
      </object_component>
      <object_component id="oc-6c2">
         <name>.text:_ZN10RingbufferIcE12clear_bufferEv</name>
         <load_address>0x5530</load_address>
         <run_address>0x5530</run_address>
         <size>0x20</size>
         <input_file_ref idref="fl-5"/>
      </object_component>
      <object_component id="oc-673">
         <name>.text:free_list_remove</name>
         <load_address>0x5550</load_address>
         <run_address>0x5550</run_address>
         <size>0x1c</size>
         <input_file_ref idref="fl-60"/>
      </object_component>
      <object_component id="oc-4c5">
         <name>.text:_ZN7MicroTP4initEP15IrPHY_Interface</name>
         <load_address>0x556c</load_address>
         <run_address>0x556c</run_address>
         <size>0x18</size>
         <input_file_ref idref="fl-2"/>
      </object_component>
      <object_component id="oc-6aa">
         <name>.text:_ZNK10RingbufferIcE7is_fullEv</name>
         <load_address>0x5584</load_address>
         <run_address>0x5584</run_address>
         <size>0x18</size>
         <input_file_ref idref="fl-5"/>
      </object_component>
      <object_component id="oc-717">
         <name>.text:_ZN10__cxxabiv120__si_class_type_infoD0Ev</name>
         <load_address>0x559c</load_address>
         <run_address>0x559c</run_address>
         <size>0x16</size>
         <input_file_ref idref="fl-2d"/>
      </object_component>
      <object_component id="oc-6f5">
         <name>.text:_ZN10__cxxabiv121__vmi_class_type_infoD0Ev</name>
         <load_address>0x55b2</load_address>
         <run_address>0x55b2</run_address>
         <size>0x16</size>
         <input_file_ref idref="fl-2d"/>
      </object_component>
      <object_component id="oc-727">
         <name>.text</name>
         <load_address>0x55c8</load_address>
         <run_address>0x55c8</run_address>
         <size>0x16</size>
         <input_file_ref idref="fl-54"/>
      </object_component>
      <object_component id="oc-764">
         <name>.text:_ZN10__cxxabiv117__class_type_infoD0Ev</name>
         <load_address>0x55de</load_address>
         <run_address>0x55de</run_address>
         <size>0x14</size>
         <input_file_ref idref="fl-2d"/>
      </object_component>
      <object_component id="oc-5fb">
         <name>.text:_ZN5IrPHY19clear_intput_bufferEv</name>
         <load_address>0x55f2</load_address>
         <run_address>0x55f2</run_address>
         <size>0x14</size>
         <input_file_ref idref="fl-5"/>
      </object_component>
      <object_component id="oc-5d1">
         <name>.text:_ZN15IrPHY_InterfaceC1Ev</name>
         <load_address>0x5606</load_address>
         <run_address>0x5606</run_address>
         <size>0x12</size>
         <input_file_ref idref="fl-5"/>
      </object_component>
      <object_component id="oc-54e">
         <name>.text:memcpy</name>
         <load_address>0x5618</load_address>
         <run_address>0x5618</run_address>
         <size>0x12</size>
         <input_file_ref idref="fl-61"/>
      </object_component>
      <object_component id="oc-75e">
         <name>.text:_ZN10__cxxabiv117__class_type_infoD1Ev</name>
         <load_address>0x562a</load_address>
         <run_address>0x562a</run_address>
         <size>0xe</size>
         <input_file_ref idref="fl-2d"/>
      </object_component>
      <object_component id="oc-711">
         <name>.text:_ZN10__cxxabiv120__si_class_type_infoD1Ev</name>
         <load_address>0x5638</load_address>
         <run_address>0x5638</run_address>
         <size>0xe</size>
         <input_file_ref idref="fl-2d"/>
      </object_component>
      <object_component id="oc-6ef">
         <name>.text:_ZN10__cxxabiv121__vmi_class_type_infoD1Ev</name>
         <load_address>0x5646</load_address>
         <run_address>0x5646</run_address>
         <size>0xe</size>
         <input_file_ref idref="fl-2d"/>
      </object_component>
      <object_component id="oc-541">
         <name>.text:_ZN15IrPHY_InterfaceC2Ev</name>
         <load_address>0x5654</load_address>
         <run_address>0x5654</run_address>
         <size>0xe</size>
         <input_file_ref idref="fl-5"/>
      </object_component>
      <object_component id="oc-5e3">
         <name>.text:_ZN5IrPHY6deinitEv</name>
         <load_address>0x5662</load_address>
         <run_address>0x5662</run_address>
         <size>0xe</size>
         <input_file_ref idref="fl-5"/>
      </object_component>
      <object_component id="oc-607">
         <name>.text:_ZN5IrPHY8set_baudEh</name>
         <load_address>0x5670</load_address>
         <run_address>0x5670</run_address>
         <size>0xe</size>
         <input_file_ref idref="fl-5"/>
      </object_component>
      <object_component id="oc-5ef">
         <name>.text:_ZNK5IrPHY15is_transmittingEv</name>
         <load_address>0x567e</load_address>
         <run_address>0x567e</run_address>
         <size>0xe</size>
         <input_file_ref idref="fl-5"/>
      </object_component>
      <object_component id="oc-4ce">
         <name>.text:strlen</name>
         <load_address>0x568c</load_address>
         <run_address>0x568c</run_address>
         <size>0xe</size>
         <input_file_ref idref="fl-63"/>
      </object_component>
      <object_component id="oc-564">
         <name>.text:_ZN10RingbufferIcED1Ev</name>
         <load_address>0x569a</load_address>
         <run_address>0x569a</run_address>
         <size>0xa</size>
         <input_file_ref idref="fl-5"/>
      </object_component>
      <object_component id="oc-77b">
         <name>.text:_ZdlPv</name>
         <load_address>0x56a4</load_address>
         <run_address>0x56a4</run_address>
         <size>0xa</size>
         <input_file_ref idref="fl-30"/>
      </object_component>
      <object_component id="oc-41d">
         <name>.text:__sti___8_main_cpp_microTP</name>
         <load_address>0x56ae</load_address>
         <run_address>0x56ae</run_address>
         <size>0xa</size>
         <input_file_ref idref="fl-6"/>
      </object_component>
      <object_component id="oc-706">
         <name>.text:__cxa_pure_virtual</name>
         <load_address>0x56b8</load_address>
         <run_address>0x56b8</run_address>
         <size>0x8</size>
         <input_file_ref idref="fl-4c"/>
      </object_component>
      <object_component id="oc-52b">
         <name>.text:malloc</name>
         <load_address>0x56c0</load_address>
         <run_address>0x56c0</run_address>
         <size>0x8</size>
         <input_file_ref idref="fl-60"/>
      </object_component>
      <object_component id="oc-4d5">
         <name>.text:abort</name>
         <load_address>0x56c8</load_address>
         <run_address>0x56c8</run_address>
         <size>0x6</size>
         <input_file_ref idref="fl-5b"/>
      </object_component>
      <object_component id="oc-742">
         <name>.text:_ZdlPvj</name>
         <load_address>0x56ce</load_address>
         <run_address>0x56ce</run_address>
         <size>0x4</size>
         <input_file_ref idref="fl-30"/>
      </object_component>
      <object_component id="oc-750">
         <name>.text:__abort_execution</name>
         <load_address>0x56d2</load_address>
         <run_address>0x56d2</run_address>
         <size>0x4</size>
         <input_file_ref idref="fl-4d"/>
      </object_component>
      <object_component id="oc-441">
         <name>.text:_system_pre_init</name>
         <load_address>0x56d6</load_address>
         <run_address>0x56d6</run_address>
         <size>0x4</size>
         <input_file_ref idref="fl-5a"/>
      </object_component>
      <object_component id="oc-736">
         <name>.text:_ZNSt9type_infoD1Ev</name>
         <load_address>0x56da</load_address>
         <run_address>0x56da</run_address>
         <size>0x2</size>
         <input_file_ref idref="fl-2e"/>
      </object_component>
      <object_component id="oc-631">
         <name>.text:_nop</name>
         <load_address>0x56dc</load_address>
         <run_address>0x56dc</run_address>
         <size>0x2</size>
         <input_file_ref idref="fl-5d"/>
      </object_component>
      <object_component id="oc-590">
         <name>.text:_system_post_cinit</name>
         <load_address>0x56de</load_address>
         <run_address>0x56de</run_address>
         <size>0x2</size>
         <input_file_ref idref="fl-59"/>
      </object_component>
      <object_component id="oc-463">
         <name>.bss:microTP</name>
         <uninitialized>true</uninitialized>
         <run_address>0x1c00</run_address>
         <size>0x13a</size>
         <input_file_ref idref="fl-6"/>
      </object_component>
      <object_component id="oc-531">
         <name>.bss</name>
         <uninitialized>true</uninitialized>
         <run_address>0x1d3a</run_address>
         <size>0x4</size>
         <input_file_ref idref="fl-30"/>
      </object_component>
      <object_component id="oc-670">
         <name>.bss</name>
         <uninitialized>true</uninitialized>
         <run_address>0x1d3e</run_address>
         <size>0x2</size>
         <input_file_ref idref="fl-60"/>
      </object_component>
      <object_component id="oc-437">
         <name>.common:adc_ntc_u</name>
         <uninitialized>true</uninitialized>
         <run_address>0x1d44</run_address>
         <size>0x2</size>
      </object_component>
      <object_component id="oc-436">
         <name>.common:adc_ntc_sup</name>
         <uninitialized>true</uninitialized>
         <run_address>0x1d42</run_address>
         <size>0x2</size>
      </object_component>
      <object_component id="oc-435">
         <name>.common:adc_batt_u</name>
         <uninitialized>true</uninitialized>
         <run_address>0x1d40</run_address>
         <size>0x2</size>
      </object_component>
      <object_component id="oc-431">
         <name>.common:adc_vcc_u</name>
         <uninitialized>true</uninitialized>
         <run_address>0x1d46</run_address>
         <size>0x2</size>
      </object_component>
      <object_component id="oc-4c4">
         <name>.common:irPHY</name>
         <uninitialized>true</uninitialized>
         <run_address>0x1d48</run_address>
         <size>0x2</size>
      </object_component>
      <object_component id="oc-582">
         <name>.data:_lock</name>
         <load_address>0x1d4a</load_address>
         <run_address>0x1d4a</run_address>
         <size>0x4</size>
         <input_file_ref idref="fl-5d"/>
      </object_component>
      <object_component id="oc-58b">
         <name>.data:_unlock</name>
         <load_address>0x1d4e</load_address>
         <run_address>0x1d4e</run_address>
         <size>0x4</size>
         <input_file_ref idref="fl-5d"/>
      </object_component>
      <object_component id="oc-66d">
         <name>.data</name>
         <load_address>0x1d52</load_address>
         <run_address>0x1d52</run_address>
         <size>0x2</size>
         <input_file_ref idref="fl-60"/>
      </object_component>
      <object_component id="oc-3b2">
         <name>.stack</name>
         <uninitialized>true</uninitialized>
         <run_address>0x2360</run_address>
         <size>0x2</size>
         <input_file_ref idref="fl-55"/>
      </object_component>
      <object_component id="oc-814">
         <name>.stack</name>
         <uninitialized>true</uninitialized>
         <run_address>0x2360</run_address>
         <size>0x0</size>
      </object_component>
      <object_component id="oc-82">
         <name>.int30</name>
         <load_address>0xffcc</load_address>
         <run_address>0xffcc</run_address>
         <size>0x2</size>
         <input_file_ref idref="fl-33"/>
      </object_component>
      <object_component id="oc-83">
         <name>.int31</name>
         <load_address>0xffce</load_address>
         <run_address>0xffce</run_address>
         <size>0x2</size>
         <input_file_ref idref="fl-35"/>
      </object_component>
      <object_component id="oc-84">
         <name>.int32</name>
         <load_address>0xffd0</load_address>
         <run_address>0xffd0</run_address>
         <size>0x2</size>
         <input_file_ref idref="fl-36"/>
      </object_component>
      <object_component id="oc-85">
         <name>.int33</name>
         <load_address>0xffd2</load_address>
         <run_address>0xffd2</run_address>
         <size>0x2</size>
         <input_file_ref idref="fl-37"/>
      </object_component>
      <object_component id="oc-86">
         <name>.int34</name>
         <load_address>0xffd4</load_address>
         <run_address>0xffd4</run_address>
         <size>0x2</size>
         <input_file_ref idref="fl-38"/>
      </object_component>
      <object_component id="oc-87">
         <name>.int35</name>
         <load_address>0xffd6</load_address>
         <run_address>0xffd6</run_address>
         <size>0x2</size>
         <input_file_ref idref="fl-39"/>
      </object_component>
      <object_component id="oc-88">
         <name>.int36</name>
         <load_address>0xffd8</load_address>
         <run_address>0xffd8</run_address>
         <size>0x2</size>
         <input_file_ref idref="fl-3a"/>
      </object_component>
      <object_component id="oc-89">
         <name>.int37</name>
         <load_address>0xffda</load_address>
         <run_address>0xffda</run_address>
         <size>0x2</size>
         <input_file_ref idref="fl-3b"/>
      </object_component>
      <object_component id="oc-8a">
         <name>.int38</name>
         <load_address>0xffdc</load_address>
         <run_address>0xffdc</run_address>
         <size>0x2</size>
         <input_file_ref idref="fl-3c"/>
      </object_component>
      <object_component id="oc-8b">
         <name>.int39</name>
         <load_address>0xffde</load_address>
         <run_address>0xffde</run_address>
         <size>0x2</size>
         <input_file_ref idref="fl-3d"/>
      </object_component>
      <object_component id="oc-8c">
         <name>.int40</name>
         <load_address>0xffe0</load_address>
         <run_address>0xffe0</run_address>
         <size>0x2</size>
         <input_file_ref idref="fl-3e"/>
      </object_component>
      <object_component id="oc-8d">
         <name>.int41</name>
         <load_address>0xffe2</load_address>
         <run_address>0xffe2</run_address>
         <size>0x2</size>
         <input_file_ref idref="fl-3f"/>
      </object_component>
      <object_component id="oc-8e">
         <name>.int42</name>
         <load_address>0xffe4</load_address>
         <run_address>0xffe4</run_address>
         <size>0x2</size>
         <input_file_ref idref="fl-40"/>
      </object_component>
      <object_component id="oc-8f">
         <name>.int43</name>
         <load_address>0xffe6</load_address>
         <run_address>0xffe6</run_address>
         <size>0x2</size>
         <input_file_ref idref="fl-41"/>
      </object_component>
      <object_component id="oc-90">
         <name>.int44</name>
         <load_address>0xffe8</load_address>
         <run_address>0xffe8</run_address>
         <size>0x2</size>
         <input_file_ref idref="fl-42"/>
      </object_component>
      <object_component id="oc-91">
         <name>.int45</name>
         <load_address>0xffea</load_address>
         <run_address>0xffea</run_address>
         <size>0x2</size>
         <input_file_ref idref="fl-43"/>
      </object_component>
      <object_component id="oc-92">
         <name>.int46</name>
         <load_address>0xffec</load_address>
         <run_address>0xffec</run_address>
         <size>0x2</size>
         <input_file_ref idref="fl-6"/>
      </object_component>
      <object_component id="oc-93">
         <name>.int47</name>
         <load_address>0xffee</load_address>
         <run_address>0xffee</run_address>
         <size>0x2</size>
         <input_file_ref idref="fl-44"/>
      </object_component>
      <object_component id="oc-94">
         <name>.int48</name>
         <load_address>0xfff0</load_address>
         <run_address>0xfff0</run_address>
         <size>0x2</size>
         <input_file_ref idref="fl-6"/>
      </object_component>
      <object_component id="oc-95">
         <name>.int49</name>
         <load_address>0xfff2</load_address>
         <run_address>0xfff2</run_address>
         <size>0x2</size>
         <input_file_ref idref="fl-45"/>
      </object_component>
      <object_component id="oc-96">
         <name>.int50</name>
         <load_address>0xfff4</load_address>
         <run_address>0xfff4</run_address>
         <size>0x2</size>
         <input_file_ref idref="fl-46"/>
      </object_component>
      <object_component id="oc-97">
         <name>.int51</name>
         <load_address>0xfff6</load_address>
         <run_address>0xfff6</run_address>
         <size>0x2</size>
         <input_file_ref idref="fl-47"/>
      </object_component>
      <object_component id="oc-98">
         <name>.int52</name>
         <load_address>0xfff8</load_address>
         <run_address>0xfff8</run_address>
         <size>0x2</size>
         <input_file_ref idref="fl-48"/>
      </object_component>
      <object_component id="oc-99">
         <name>.int53</name>
         <load_address>0xfffa</load_address>
         <run_address>0xfffa</run_address>
         <size>0x2</size>
         <input_file_ref idref="fl-49"/>
      </object_component>
      <object_component id="oc-9a">
         <name>.int54</name>
         <load_address>0xfffc</load_address>
         <run_address>0xfffc</run_address>
         <size>0x2</size>
         <input_file_ref idref="fl-4a"/>
      </object_component>
      <object_component id="oc-3b5">
         <name>.reset</name>
         <load_address>0xfffe</load_address>
         <run_address>0xfffe</run_address>
         <size>0x2</size>
         <input_file_ref idref="fl-55"/>
      </object_component>
      <object_component id="oc-522">
         <name>.debug_info</name>
         <load_address>0x0</load_address>
         <run_address>0x0</run_address>
         <size>0xddc</size>
         <input_file_ref idref="fl-2"/>
      </object_component>
      <object_component id="oc-51d">
         <name>.debug_info</name>
         <load_address>0xddc</load_address>
         <run_address>0xddc</run_address>
         <size>0x11e</size>
         <input_file_ref idref="fl-2"/>
      </object_component>
      <object_component id="oc-5b8">
         <name>.debug_info</name>
         <load_address>0xefa</load_address>
         <run_address>0xefa</run_address>
         <size>0x110</size>
         <input_file_ref idref="fl-2"/>
      </object_component>
      <object_component id="oc-662">
         <name>.debug_info</name>
         <load_address>0x100a</load_address>
         <run_address>0x100a</run_address>
         <size>0x115</size>
         <input_file_ref idref="fl-2"/>
      </object_component>
      <object_component id="oc-5bd">
         <name>.debug_info</name>
         <load_address>0x111f</load_address>
         <run_address>0x111f</run_address>
         <size>0x204</size>
         <input_file_ref idref="fl-2"/>
      </object_component>
      <object_component id="oc-667">
         <name>.debug_info</name>
         <load_address>0x1323</load_address>
         <run_address>0x1323</run_address>
         <size>0x1ec</size>
         <input_file_ref idref="fl-2"/>
      </object_component>
      <object_component id="oc-467">
         <name>.debug_info</name>
         <load_address>0x150f</load_address>
         <run_address>0x150f</run_address>
         <size>0x179</size>
         <input_file_ref idref="fl-2"/>
      </object_component>
      <object_component id="oc-4c6">
         <name>.debug_info</name>
         <load_address>0x1688</load_address>
         <run_address>0x1688</run_address>
         <size>0x1c1</size>
         <input_file_ref idref="fl-2"/>
      </object_component>
      <object_component id="oc-485">
         <name>.debug_info</name>
         <load_address>0x1849</load_address>
         <run_address>0x1849</run_address>
         <size>0x45b</size>
         <input_file_ref idref="fl-2"/>
      </object_component>
      <object_component id="oc-48a">
         <name>.debug_info</name>
         <load_address>0x1ca4</load_address>
         <run_address>0x1ca4</run_address>
         <size>0x2be</size>
         <input_file_ref idref="fl-2"/>
      </object_component>
      <object_component id="oc-48f">
         <name>.debug_info</name>
         <load_address>0x1f62</load_address>
         <run_address>0x1f62</run_address>
         <size>0x16d</size>
         <input_file_ref idref="fl-2"/>
      </object_component>
      <object_component id="oc-494">
         <name>.debug_info</name>
         <load_address>0x20cf</load_address>
         <run_address>0x20cf</run_address>
         <size>0x1b9</size>
         <input_file_ref idref="fl-2"/>
      </object_component>
      <object_component id="oc-499">
         <name>.debug_info</name>
         <load_address>0x2288</load_address>
         <run_address>0x2288</run_address>
         <size>0x16d</size>
         <input_file_ref idref="fl-2"/>
      </object_component>
      <object_component id="oc-49e">
         <name>.debug_info</name>
         <load_address>0x23f5</load_address>
         <run_address>0x23f5</run_address>
         <size>0x844</size>
         <input_file_ref idref="fl-2"/>
      </object_component>
      <object_component id="oc-480">
         <name>.debug_info</name>
         <load_address>0x2c39</load_address>
         <run_address>0x2c39</run_address>
         <size>0x8b</size>
         <input_file_ref idref="fl-2"/>
      </object_component>
      <object_component id="oc-524">
         <name>.debug_info</name>
         <load_address>0x2cc4</load_address>
         <run_address>0x2cc4</run_address>
         <size>0x282</size>
         <input_file_ref idref="fl-2"/>
      </object_component>
      <object_component id="oc-4a3">
         <name>.debug_info</name>
         <load_address>0x2f46</load_address>
         <run_address>0x2f46</run_address>
         <size>0xbb</size>
         <input_file_ref idref="fl-2"/>
      </object_component>
      <object_component id="oc-4a8">
         <name>.debug_info</name>
         <load_address>0x3001</load_address>
         <run_address>0x3001</run_address>
         <size>0x2a1</size>
         <input_file_ref idref="fl-2"/>
      </object_component>
      <object_component id="oc-4ad">
         <name>.debug_info</name>
         <load_address>0x32a2</load_address>
         <run_address>0x32a2</run_address>
         <size>0x35</size>
         <input_file_ref idref="fl-2"/>
      </object_component>
      <object_component id="oc-529">
         <name>.debug_info</name>
         <load_address>0x32d7</load_address>
         <run_address>0x32d7</run_address>
         <size>0x863</size>
         <input_file_ref idref="fl-3"/>
      </object_component>
      <object_component id="oc-618">
         <name>.debug_info</name>
         <load_address>0x3b3a</load_address>
         <run_address>0x3b3a</run_address>
         <size>0x103</size>
         <input_file_ref idref="fl-3"/>
      </object_component>
      <object_component id="oc-61b">
         <name>.debug_info</name>
         <load_address>0x3c3d</load_address>
         <run_address>0x3c3d</run_address>
         <size>0x103</size>
         <input_file_ref idref="fl-3"/>
      </object_component>
      <object_component id="oc-61e">
         <name>.debug_info</name>
         <load_address>0x3d40</load_address>
         <run_address>0x3d40</run_address>
         <size>0x103</size>
         <input_file_ref idref="fl-3"/>
      </object_component>
      <object_component id="oc-621">
         <name>.debug_info</name>
         <load_address>0x3e43</load_address>
         <run_address>0x3e43</run_address>
         <size>0x105</size>
         <input_file_ref idref="fl-3"/>
      </object_component>
      <object_component id="oc-624">
         <name>.debug_info</name>
         <load_address>0x3f48</load_address>
         <run_address>0x3f48</run_address>
         <size>0x105</size>
         <input_file_ref idref="fl-3"/>
      </object_component>
      <object_component id="oc-627">
         <name>.debug_info</name>
         <load_address>0x404d</load_address>
         <run_address>0x404d</run_address>
         <size>0x105</size>
         <input_file_ref idref="fl-3"/>
      </object_component>
      <object_component id="oc-62a">
         <name>.debug_info</name>
         <load_address>0x4152</load_address>
         <run_address>0x4152</run_address>
         <size>0x105</size>
         <input_file_ref idref="fl-3"/>
      </object_component>
      <object_component id="oc-517">
         <name>.debug_info</name>
         <load_address>0x4257</load_address>
         <run_address>0x4257</run_address>
         <size>0x17b</size>
         <input_file_ref idref="fl-3"/>
      </object_component>
      <object_component id="oc-56f">
         <name>.debug_info</name>
         <load_address>0x43d2</load_address>
         <run_address>0x43d2</run_address>
         <size>0x2f9</size>
         <input_file_ref idref="fl-3"/>
      </object_component>
      <object_component id="oc-5b2">
         <name>.debug_info</name>
         <load_address>0x46cb</load_address>
         <run_address>0x46cb</run_address>
         <size>0x443</size>
         <input_file_ref idref="fl-3"/>
      </object_component>
      <object_component id="oc-4b2">
         <name>.debug_info</name>
         <load_address>0x4b0e</load_address>
         <run_address>0x4b0e</run_address>
         <size>0x1a5</size>
         <input_file_ref idref="fl-3"/>
      </object_component>
      <object_component id="oc-56c">
         <name>.debug_info</name>
         <load_address>0x4cb3</load_address>
         <run_address>0x4cb3</run_address>
         <size>0xcd1</size>
         <input_file_ref idref="fl-5"/>
      </object_component>
      <object_component id="oc-687">
         <name>.debug_info</name>
         <load_address>0x5984</load_address>
         <run_address>0x5984</run_address>
         <size>0x12e</size>
         <input_file_ref idref="fl-5"/>
      </object_component>
      <object_component id="oc-549">
         <name>.debug_info</name>
         <load_address>0x5ab2</load_address>
         <run_address>0x5ab2</run_address>
         <size>0x119</size>
         <input_file_ref idref="fl-5"/>
      </object_component>
      <object_component id="oc-696">
         <name>.debug_info</name>
         <load_address>0x5bcb</load_address>
         <run_address>0x5bcb</run_address>
         <size>0x120</size>
         <input_file_ref idref="fl-5"/>
      </object_component>
      <object_component id="oc-5d9">
         <name>.debug_info</name>
         <load_address>0x5ceb</load_address>
         <run_address>0x5ceb</run_address>
         <size>0x10b</size>
         <input_file_ref idref="fl-5"/>
      </object_component>
      <object_component id="oc-723">
         <name>.debug_info</name>
         <load_address>0x5df6</load_address>
         <run_address>0x5df6</run_address>
         <size>0x125</size>
         <input_file_ref idref="fl-5"/>
      </object_component>
      <object_component id="oc-691">
         <name>.debug_info</name>
         <load_address>0x5f1b</load_address>
         <run_address>0x5f1b</run_address>
         <size>0x110</size>
         <input_file_ref idref="fl-5"/>
      </object_component>
      <object_component id="oc-5d2">
         <name>.debug_info</name>
         <load_address>0x602b</load_address>
         <run_address>0x602b</run_address>
         <size>0x146</size>
         <input_file_ref idref="fl-5"/>
      </object_component>
      <object_component id="oc-542">
         <name>.debug_info</name>
         <load_address>0x6171</load_address>
         <run_address>0x6171</run_address>
         <size>0x166</size>
         <input_file_ref idref="fl-5"/>
      </object_component>
      <object_component id="oc-557">
         <name>.debug_info</name>
         <load_address>0x62d7</load_address>
         <run_address>0x62d7</run_address>
         <size>0x20c</size>
         <input_file_ref idref="fl-5"/>
      </object_component>
      <object_component id="oc-55e">
         <name>.debug_info</name>
         <load_address>0x64e3</load_address>
         <run_address>0x64e3</run_address>
         <size>0x284</size>
         <input_file_ref idref="fl-5"/>
      </object_component>
      <object_component id="oc-565">
         <name>.debug_info</name>
         <load_address>0x6767</load_address>
         <run_address>0x6767</run_address>
         <size>0x20d</size>
         <input_file_ref idref="fl-5"/>
      </object_component>
      <object_component id="oc-6a4">
         <name>.debug_info</name>
         <load_address>0x6974</load_address>
         <run_address>0x6974</run_address>
         <size>0x262</size>
         <input_file_ref idref="fl-5"/>
      </object_component>
      <object_component id="oc-6b4">
         <name>.debug_info</name>
         <load_address>0x6bd6</load_address>
         <run_address>0x6bd6</run_address>
         <size>0x250</size>
         <input_file_ref idref="fl-5"/>
      </object_component>
      <object_component id="oc-69d">
         <name>.debug_info</name>
         <load_address>0x6e26</load_address>
         <run_address>0x6e26</run_address>
         <size>0x233</size>
         <input_file_ref idref="fl-5"/>
      </object_component>
      <object_component id="oc-6ab">
         <name>.debug_info</name>
         <load_address>0x7059</load_address>
         <run_address>0x7059</run_address>
         <size>0x210</size>
         <input_file_ref idref="fl-5"/>
      </object_component>
      <object_component id="oc-6bb">
         <name>.debug_info</name>
         <load_address>0x7269</load_address>
         <run_address>0x7269</run_address>
         <size>0x226</size>
         <input_file_ref idref="fl-5"/>
      </object_component>
      <object_component id="oc-6c3">
         <name>.debug_info</name>
         <load_address>0x748f</load_address>
         <run_address>0x748f</run_address>
         <size>0x22e</size>
         <input_file_ref idref="fl-5"/>
      </object_component>
      <object_component id="oc-4bf">
         <name>.debug_info</name>
         <load_address>0x76bd</load_address>
         <run_address>0x76bd</run_address>
         <size>0x2ab</size>
         <input_file_ref idref="fl-5"/>
      </object_component>
      <object_component id="oc-5de">
         <name>.debug_info</name>
         <load_address>0x7968</load_address>
         <run_address>0x7968</run_address>
         <size>0x154</size>
         <input_file_ref idref="fl-5"/>
      </object_component>
      <object_component id="oc-5e4">
         <name>.debug_info</name>
         <load_address>0x7abc</load_address>
         <run_address>0x7abc</run_address>
         <size>0x158</size>
         <input_file_ref idref="fl-5"/>
      </object_component>
      <object_component id="oc-5ea">
         <name>.debug_info</name>
         <load_address>0x7c14</load_address>
         <run_address>0x7c14</run_address>
         <size>0x24a</size>
         <input_file_ref idref="fl-5"/>
      </object_component>
      <object_component id="oc-5f0">
         <name>.debug_info</name>
         <load_address>0x7e5e</load_address>
         <run_address>0x7e5e</run_address>
         <size>0x16c</size>
         <input_file_ref idref="fl-5"/>
      </object_component>
      <object_component id="oc-5f6">
         <name>.debug_info</name>
         <load_address>0x7fca</load_address>
         <run_address>0x7fca</run_address>
         <size>0x32b</size>
         <input_file_ref idref="fl-5"/>
      </object_component>
      <object_component id="oc-5fc">
         <name>.debug_info</name>
         <load_address>0x82f5</load_address>
         <run_address>0x82f5</run_address>
         <size>0x19f</size>
         <input_file_ref idref="fl-5"/>
      </object_component>
      <object_component id="oc-602">
         <name>.debug_info</name>
         <load_address>0x8494</load_address>
         <run_address>0x8494</run_address>
         <size>0x1ca</size>
         <input_file_ref idref="fl-5"/>
      </object_component>
      <object_component id="oc-608">
         <name>.debug_info</name>
         <load_address>0x865e</load_address>
         <run_address>0x865e</run_address>
         <size>0x18e</size>
         <input_file_ref idref="fl-5"/>
      </object_component>
      <object_component id="oc-60e">
         <name>.debug_info</name>
         <load_address>0x87ec</load_address>
         <run_address>0x87ec</run_address>
         <size>0x1b7</size>
         <input_file_ref idref="fl-5"/>
      </object_component>
      <object_component id="oc-432">
         <name>.debug_info</name>
         <load_address>0x89a3</load_address>
         <run_address>0x89a3</run_address>
         <size>0xde4</size>
         <input_file_ref idref="fl-6"/>
      </object_component>
      <object_component id="oc-4cc">
         <name>.debug_info</name>
         <load_address>0x9787</load_address>
         <run_address>0x9787</run_address>
         <size>0xf2</size>
         <input_file_ref idref="fl-6"/>
      </object_component>
      <object_component id="oc-464">
         <name>.debug_info</name>
         <load_address>0x9879</load_address>
         <run_address>0x9879</run_address>
         <size>0xfb</size>
         <input_file_ref idref="fl-6"/>
      </object_component>
      <object_component id="oc-448">
         <name>.debug_info</name>
         <load_address>0x9974</load_address>
         <run_address>0x9974</run_address>
         <size>0x1ac</size>
         <input_file_ref idref="fl-6"/>
      </object_component>
      <object_component id="oc-3dc">
         <name>.debug_info</name>
         <load_address>0x9b20</load_address>
         <run_address>0x9b20</run_address>
         <size>0x137</size>
         <input_file_ref idref="fl-6"/>
      </object_component>
      <object_component id="oc-3d6">
         <name>.debug_info</name>
         <load_address>0x9c57</load_address>
         <run_address>0x9c57</run_address>
         <size>0x132</size>
         <input_file_ref idref="fl-6"/>
      </object_component>
      <object_component id="oc-41e">
         <name>.debug_info</name>
         <load_address>0x9d89</load_address>
         <run_address>0x9d89</run_address>
         <size>0x146</size>
         <input_file_ref idref="fl-6"/>
      </object_component>
      <object_component id="oc-6fb">
         <name>.debug_info</name>
         <load_address>0x9ecf</load_address>
         <run_address>0x9ecf</run_address>
         <size>0x7e6</size>
         <input_file_ref idref="fl-2d"/>
      </object_component>
      <object_component id="oc-71e">
         <name>.debug_info</name>
         <load_address>0xa6b5</load_address>
         <run_address>0xa6b5</run_address>
         <size>0x155</size>
         <input_file_ref idref="fl-2d"/>
      </object_component>
      <object_component id="oc-68c">
         <name>.debug_info</name>
         <load_address>0xa80a</load_address>
         <run_address>0xa80a</run_address>
         <size>0x15b</size>
         <input_file_ref idref="fl-2d"/>
      </object_component>
      <object_component id="oc-65d">
         <name>.debug_info</name>
         <load_address>0xa965</load_address>
         <run_address>0xa965</run_address>
         <size>0x15d</size>
         <input_file_ref idref="fl-2d"/>
      </object_component>
      <object_component id="oc-732">
         <name>.debug_info</name>
         <load_address>0xaac2</load_address>
         <run_address>0xaac2</run_address>
         <size>0x147</size>
         <input_file_ref idref="fl-2d"/>
      </object_component>
      <object_component id="oc-70d">
         <name>.debug_info</name>
         <load_address>0xac09</load_address>
         <run_address>0xac09</run_address>
         <size>0x14d</size>
         <input_file_ref idref="fl-2d"/>
      </object_component>
      <object_component id="oc-6eb">
         <name>.debug_info</name>
         <load_address>0xad56</load_address>
         <run_address>0xad56</run_address>
         <size>0x14f</size>
         <input_file_ref idref="fl-2d"/>
      </object_component>
      <object_component id="oc-76c">
         <name>.debug_info</name>
         <load_address>0xaea5</load_address>
         <run_address>0xaea5</run_address>
         <size>0x14c</size>
         <input_file_ref idref="fl-2d"/>
      </object_component>
      <object_component id="oc-758">
         <name>.debug_info</name>
         <load_address>0xaff1</load_address>
         <run_address>0xaff1</run_address>
         <size>0x152</size>
         <input_file_ref idref="fl-2d"/>
      </object_component>
      <object_component id="oc-72d">
         <name>.debug_info</name>
         <load_address>0xb143</load_address>
         <run_address>0xb143</run_address>
         <size>0x154</size>
         <input_file_ref idref="fl-2d"/>
      </object_component>
      <object_component id="oc-75f">
         <name>.debug_info</name>
         <load_address>0xb297</load_address>
         <run_address>0xb297</run_address>
         <size>0x1a5</size>
         <input_file_ref idref="fl-2d"/>
      </object_component>
      <object_component id="oc-6f0">
         <name>.debug_info</name>
         <load_address>0xb43c</load_address>
         <run_address>0xb43c</run_address>
         <size>0x1ad</size>
         <input_file_ref idref="fl-2d"/>
      </object_component>
      <object_component id="oc-6f6">
         <name>.debug_info</name>
         <load_address>0xb5e9</load_address>
         <run_address>0xb5e9</run_address>
         <size>0x19c</size>
         <input_file_ref idref="fl-2d"/>
      </object_component>
      <object_component id="oc-712">
         <name>.debug_info</name>
         <load_address>0xb785</load_address>
         <run_address>0xb785</run_address>
         <size>0x1ab</size>
         <input_file_ref idref="fl-2d"/>
      </object_component>
      <object_component id="oc-718">
         <name>.debug_info</name>
         <load_address>0xb930</load_address>
         <run_address>0xb930</run_address>
         <size>0x19a</size>
         <input_file_ref idref="fl-2d"/>
      </object_component>
      <object_component id="oc-765">
         <name>.debug_info</name>
         <load_address>0xbaca</load_address>
         <run_address>0xbaca</run_address>
         <size>0x194</size>
         <input_file_ref idref="fl-2d"/>
      </object_component>
      <object_component id="oc-73d">
         <name>.debug_info</name>
         <load_address>0xbc5e</load_address>
         <run_address>0xbc5e</run_address>
         <size>0x59b</size>
         <input_file_ref idref="fl-2d"/>
      </object_component>
      <object_component id="oc-3bf">
         <name>.debug_info</name>
         <load_address>0xc1f9</load_address>
         <run_address>0xc1f9</run_address>
         <size>0x84</size>
         <input_file_ref idref="fl-2d"/>
      </object_component>
      <object_component id="oc-537">
         <name>.debug_info</name>
         <load_address>0xc27d</load_address>
         <run_address>0xc27d</run_address>
         <size>0x2c</size>
         <input_file_ref idref="fl-2d"/>
      </object_component>
      <object_component id="oc-74b">
         <name>.debug_info</name>
         <load_address>0xc2a9</load_address>
         <run_address>0xc2a9</run_address>
         <size>0x11f</size>
         <input_file_ref idref="fl-2d"/>
      </object_component>
      <object_component id="oc-78a">
         <name>.debug_info</name>
         <load_address>0xc3c8</load_address>
         <run_address>0xc3c8</run_address>
         <size>0x57f</size>
         <input_file_ref idref="fl-2e"/>
      </object_component>
      <object_component id="oc-771">
         <name>.debug_info</name>
         <load_address>0xc947</load_address>
         <run_address>0xc947</run_address>
         <size>0x12c</size>
         <input_file_ref idref="fl-2e"/>
      </object_component>
      <object_component id="oc-786">
         <name>.debug_info</name>
         <load_address>0xca73</load_address>
         <run_address>0xca73</run_address>
         <size>0x131</size>
         <input_file_ref idref="fl-2e"/>
      </object_component>
      <object_component id="oc-737">
         <name>.debug_info</name>
         <load_address>0xcba4</load_address>
         <run_address>0xcba4</run_address>
         <size>0x177</size>
         <input_file_ref idref="fl-2e"/>
      </object_component>
      <object_component id="oc-78c">
         <name>.debug_info</name>
         <load_address>0xcd1b</load_address>
         <run_address>0xcd1b</run_address>
         <size>0x2c</size>
         <input_file_ref idref="fl-2e"/>
      </object_component>
      <object_component id="oc-776">
         <name>.debug_info</name>
         <load_address>0xcd47</load_address>
         <run_address>0xcd47</run_address>
         <size>0x22d</size>
         <input_file_ref idref="fl-2e"/>
      </object_component>
      <object_component id="oc-791">
         <name>.debug_info</name>
         <load_address>0xcf74</load_address>
         <run_address>0xcf74</run_address>
         <size>0x9c</size>
         <input_file_ref idref="fl-2e"/>
      </object_component>
      <object_component id="oc-535">
         <name>.debug_info</name>
         <load_address>0xd010</load_address>
         <run_address>0xd010</run_address>
         <size>0x213</size>
         <input_file_ref idref="fl-30"/>
      </object_component>
      <object_component id="oc-532">
         <name>.debug_info</name>
         <load_address>0xd223</load_address>
         <run_address>0xd223</run_address>
         <size>0x154</size>
         <input_file_ref idref="fl-30"/>
      </object_component>
      <object_component id="oc-4b9">
         <name>.debug_info</name>
         <load_address>0xd377</load_address>
         <run_address>0xd377</run_address>
         <size>0x19b</size>
         <input_file_ref idref="fl-30"/>
      </object_component>
      <object_component id="oc-77c">
         <name>.debug_info</name>
         <load_address>0xd512</load_address>
         <run_address>0xd512</run_address>
         <size>0x17b</size>
         <input_file_ref idref="fl-30"/>
      </object_component>
      <object_component id="oc-743">
         <name>.debug_info</name>
         <load_address>0xd68d</load_address>
         <run_address>0xd68d</run_address>
         <size>0x178</size>
         <input_file_ref idref="fl-30"/>
      </object_component>
      <object_component id="oc-53c">
         <name>.debug_info</name>
         <load_address>0xd805</load_address>
         <run_address>0xd805</run_address>
         <size>0x6c</size>
         <input_file_ref idref="fl-30"/>
      </object_component>
      <object_component id="oc-77">
         <name>.debug_info</name>
         <load_address>0xd871</load_address>
         <run_address>0xd871</run_address>
         <size>0x2b8</size>
         <input_file_ref idref="fl-31"/>
      </object_component>
      <object_component id="oc-479">
         <name>.debug_info</name>
         <load_address>0xdb29</load_address>
         <run_address>0xdb29</run_address>
         <size>0x46</size>
         <input_file_ref idref="fl-31"/>
      </object_component>
      <object_component id="oc-428">
         <name>.debug_info</name>
         <load_address>0xdb6f</load_address>
         <run_address>0xdb6f</run_address>
         <size>0x39</size>
         <input_file_ref idref="fl-31"/>
      </object_component>
      <object_component id="oc-3ba">
         <name>.debug_info</name>
         <load_address>0xdba8</load_address>
         <run_address>0xdba8</run_address>
         <size>0x60</size>
         <input_file_ref idref="fl-31"/>
      </object_component>
      <object_component id="oc-3cf">
         <name>.debug_info</name>
         <load_address>0xdc08</load_address>
         <run_address>0xdc08</run_address>
         <size>0x1da</size>
         <input_file_ref idref="fl-32"/>
      </object_component>
      <object_component id="oc-7d">
         <name>.debug_info</name>
         <load_address>0xdde2</load_address>
         <run_address>0xdde2</run_address>
         <size>0x1f2</size>
         <input_file_ref idref="fl-32"/>
      </object_component>
      <object_component id="oc-3ca">
         <name>.debug_info</name>
         <load_address>0xdfd4</load_address>
         <run_address>0xdfd4</run_address>
         <size>0x46</size>
         <input_file_ref idref="fl-32"/>
      </object_component>
      <object_component id="oc-3d1">
         <name>.debug_info</name>
         <load_address>0xe01a</load_address>
         <run_address>0xe01a</run_address>
         <size>0x10f</size>
         <input_file_ref idref="fl-34"/>
      </object_component>
      <object_component id="oc-3e2">
         <name>.debug_info</name>
         <load_address>0xe129</load_address>
         <run_address>0xe129</run_address>
         <size>0x1d3</size>
         <input_file_ref idref="fl-4b"/>
      </object_component>
      <object_component id="oc-43b">
         <name>.debug_info</name>
         <load_address>0xe2fc</load_address>
         <run_address>0xe2fc</run_address>
[...]
      </symbol>
      <symbol id="sm-3f3">
         <name>_ZTS7MicroTP</name>
         <value>0x5b1e</value>
         <object_component_ref idref="oc-661"/>
      </symbol>
      <symbol id="sm-3f4">
         <name>_ZN7MicroTPC2Ev</name>
         <value>0x54c6</value>
         <object_component_ref idref="oc-466"/>
      </symbol>
      <symbol id="sm-43c">
         <name>_ZN13IrLAP_primaryC2Ev</name>
         <value>0x53b2</value>
         <object_component_ref idref="oc-516"/>
      </symbol>
      <symbol id="sm-43d">
         <name>_ZN13IrLAP_primaryC1Ev</name>
         <value>0x53b2</value>
         <object_component_ref idref="oc-516"/>
      </symbol>
      <symbol id="sm-43e">
         <name>_ZN13IrLAP_primary4initEP15IrPHY_Interface</name>
         <value>0x4ac6</value>
         <object_component_ref idref="oc-56e"/>
      </symbol>
      <symbol id="sm-521">
         <name>_ZN15IrPHY_InterfaceC2Ev</name>
         <value>0x5654</value>
         <object_component_ref idref="oc-541"/>
      </symbol>
      <symbol id="sm-522">
         <name>_ZN10RingbufferIcE3putEc</name>
         <value>0x5198</value>
         <object_component_ref idref="oc-6a3"/>
      </symbol>
      <symbol id="sm-523">
         <name>_ZN5IrPHY10send_frameEPhj</name>
         <value>0x4fba</value>
         <object_component_ref idref="oc-5e9"/>
      </symbol>
      <symbol id="sm-524">
         <name>_ZN10RingbufferIcE3popEv</name>
         <value>0x530c</value>
         <object_component_ref idref="oc-6b3"/>
      </symbol>
      <symbol id="sm-525">
         <name>_ZNK10RingbufferIcE17storage_availableEv</name>
         <value>0x5416</value>
         <object_component_ref idref="oc-69c"/>
      </symbol>
      <symbol id="sm-526">
         <name>_ZN10RingbufferIcED1Ev</name>
         <value>0x569a</value>
         <object_component_ref idref="oc-564"/>
      </symbol>
      <symbol id="sm-527">
         <name>_ZNK5IrPHY15is_transmittingEv</name>
         <value>0x567e</value>
         <object_component_ref idref="oc-5ef"/>
      </symbol>
      <symbol id="sm-528">
         <name>_ZNK10RingbufferIcE8is_emptyEv</name>
         <value>0x5446</value>
         <object_component_ref idref="oc-6ba"/>
      </symbol>
      <symbol id="sm-529">
         <name>_ZN10RingbufferIcEC1EPcj</name>
         <value>0x5344</value>
         <object_component_ref idref="oc-55d"/>
      </symbol>
      <symbol id="sm-52a">
         <name>_ZNK10RingbufferIcE7is_fullEv</name>
         <value>0x5584</value>
         <object_component_ref idref="oc-6aa"/>
      </symbol>
      <symbol id="sm-52b">
         <name>_ZN5IrPHY13get_new_frameEPhRj</name>
         <value>0x537c</value>
         <object_component_ref idref="oc-60d"/>
      </symbol>
      <symbol id="sm-52c">
         <name>_ZN10RingbufferIcEC1Ev</name>
         <value>0x550e</value>
         <object_component_ref idref="oc-556"/>
      </symbol>
      <symbol id="sm-52d">
         <name>_ZN5IrPHY14send_next_dataEv</name>
         <value>0x52d2</value>
         <object_component_ref idref="oc-601"/>
      </symbol>
      <symbol id="sm-52e">
         <name>_ZTV5IrPHY</name>
         <value>0x5a0c</value>
         <object_component_ref idref="oc-548"/>
      </symbol>
      <symbol id="sm-52f">
         <name>_ZTS5IrPHY</name>
         <value>0x5b28</value>
         <object_component_ref idref="oc-690"/>
      </symbol>
      <symbol id="sm-530">
         <name>_ZN5IrPHY6deinitEv</name>
         <value>0x5662</value>
         <object_component_ref idref="oc-5e3"/>
      </symbol>
      <symbol id="sm-531">
         <name>_ZN5IrPHY8set_baudEh</name>
         <value>0x5670</value>
         <object_component_ref idref="oc-607"/>
      </symbol>
      <symbol id="sm-532">
         <name>_ZN5IrPHY19clear_intput_bufferEv</name>
         <value>0x55f2</value>
         <object_component_ref idref="oc-5fb"/>
      </symbol>
      <symbol id="sm-533">
         <name>_ZN5IrPHYC2Ev</name>
         <value>0x4c0c</value>
         <object_component_ref idref="oc-4be"/>
      </symbol>
      <symbol id="sm-534">
         <name>_ZTV15IrPHY_Interface</name>
         <value>0x59e0</value>
         <object_component_ref idref="oc-686"/>
      </symbol>
      <symbol id="sm-535">
         <name>_ZN15IrPHY_InterfaceC1Ev</name>
         <value>0x5606</value>
         <object_component_ref idref="oc-5d1"/>
      </symbol>
      <symbol id="sm-536">
         <name>_ZN10RingbufferIcE12clear_bufferEv</name>
         <value>0x5530</value>
         <object_component_ref idref="oc-6c2"/>
      </symbol>
      <symbol id="sm-537">
         <name>_ZTI5IrPHY</name>
         <value>0x5b30</value>
         <object_component_ref idref="oc-5d8"/>
      </symbol>
      <symbol id="sm-538">
         <name>_ZTS15IrPHY_Interface</name>
         <value>0x5aa6</value>
         <object_component_ref idref="oc-722"/>
      </symbol>
      <symbol id="sm-539">
         <name>_ZN5IrPHYC1Ev</name>
         <value>0x4c0c</value>
         <object_component_ref idref="oc-4be"/>
      </symbol>
      <symbol id="sm-53a">
         <name>_ZN5IrPHY17put_received_dataEh</name>
         <value>0x4800</value>
         <object_component_ref idref="oc-5f5"/>
      </symbol>
      <symbol id="sm-53b">
         <name>_ZN5IrPHY4initEv</name>
         <value>0x521a</value>
         <object_component_ref idref="oc-5dd"/>
      </symbol>
      <symbol id="sm-53c">
         <name>_ZTI15IrPHY_Interface</name>
         <value>0x5b48</value>
         <object_component_ref idref="oc-695"/>
      </symbol>
      <symbol id="sm-581">
         <name>adc_ntc_u</name>
         <value>0x1d44</value>
      </symbol>
      <symbol id="sm-582">
         <name>adc_ntc_sup</name>
         <value>0x1d42</value>
      </symbol>
      <symbol id="sm-583">
         <name>adc_batt_u</name>
         <value>0x1d40</value>
      </symbol>
      <symbol id="sm-584">
         <name>adc_vcc_u</name>
         <value>0x1d46</value>
      </symbol>
      <symbol id="sm-585">
         <name>irPHY</name>
         <value>0x1d48</value>
      </symbol>
      <symbol id="sm-586">
         <name>__TI_int48</name>
         <value>0xfff0</value>
         <object_component_ref idref="oc-94"/>
      </symbol>
      <symbol id="sm-587">
         <name>__TI_int46</name>
         <value>0xffec</value>
         <object_component_ref idref="oc-92"/>
      </symbol>
      <symbol id="sm-588">
         <name>__sti___8_main_cpp_microTP</name>
         <value>0x56ae</value>
         <object_component_ref idref="oc-41d"/>
      </symbol>
      <symbol id="sm-589">
         <name>_Z11USCI_A0_ISRv</name>
         <value>0x5c7a</value>
         <object_component_ref idref="oc-3db"/>
      </symbol>
      <symbol id="sm-58a">
         <name>main</name>
         <value>0x497e</value>
         <object_component_ref idref="oc-447"/>
      </symbol>
      <symbol id="sm-58b">
         <name>_Z9ADC12_ISRv</name>
         <value>0x5b66</value>
         <object_component_ref idref="oc-3d5"/>
      </symbol>
      <symbol id="sm-58c">
         <name>microTP</name>
         <value>0x1c00</value>
         <object_component_ref idref="oc-463"/>
      </symbol>
      <symbol id="sm-5fe">
         <name>_ZTVN10__cxxabiv121__vmi_class_type_infoE</name>
         <value>0x5ad8</value>
         <object_component_ref idref="oc-65c"/>
      </symbol>
      <symbol id="sm-5ff">
         <name>_ZTSN10__cxxabiv121__vmi_class_type_infoE</name>
         <value>0x5a38</value>
         <object_component_ref idref="oc-72c"/>
      </symbol>
      <symbol id="sm-600">
         <name>_ZTIN10__cxxabiv121__vmi_class_type_infoE</name>
         <value>0x5b42</value>
         <object_component_ref idref="oc-6ea"/>
      </symbol>
      <symbol id="sm-601">
         <name>_ZN10__cxxabiv117__class_type_infoD1Ev</name>
         <value>0x562a</value>
         <object_component_ref idref="oc-75e"/>
      </symbol>
      <symbol id="sm-602">
         <name>_ZN10__cxxabiv121__vmi_class_type_infoD1Ev</name>
         <value>0x5646</value>
         <object_component_ref idref="oc-6ef"/>
      </symbol>
      <symbol id="sm-603">
         <name>_ZTSN10__cxxabiv120__si_class_type_infoE</name>
         <value>0x5a5e</value>
         <object_component_ref idref="oc-757"/>
      </symbol>
      <symbol id="sm-604">
         <name>_ZN10__cxxabiv121__vmi_class_type_infoD2Ev</name>
         <value>0x5646</value>
         <object_component_ref idref="oc-6ef"/>
      </symbol>
      <symbol id="sm-605">
         <name>_ZTSN10__cxxabiv117__class_type_infoE</name>
         <value>0x5a84</value>
         <object_component_ref idref="oc-76b"/>
      </symbol>
      <symbol id="sm-606">
         <name>_ZN10__cxxabiv117__class_type_infoD2Ev</name>
         <value>0x562a</value>
         <object_component_ref idref="oc-75e"/>
      </symbol>
      <symbol id="sm-607">
         <name>_ZN10__cxxabiv120__si_class_type_infoD2Ev</name>
         <value>0x5638</value>
         <object_component_ref idref="oc-711"/>
      </symbol>
      <symbol id="sm-608">
         <name>_ZTVN10__cxxabiv117__class_type_infoE</name>
         <value>0x5ab8</value>
         <object_component_ref idref="oc-71d"/>
      </symbol>
      <symbol id="sm-609">
         <name>_ZTIN10__cxxabiv117__class_type_infoE</name>
         <value>0x5b36</value>
         <object_component_ref idref="oc-731"/>
      </symbol>
      <symbol id="sm-60a">
         <name>_ZN10__cxxabiv120__si_class_type_infoD1Ev</name>
         <value>0x5638</value>
         <object_component_ref idref="oc-711"/>
      </symbol>
      <symbol id="sm-60b">
         <name>_ZTIN10__cxxabiv120__si_class_type_infoE</name>
         <value>0x5b3c</value>
         <object_component_ref idref="oc-70c"/>
      </symbol>
      <symbol id="sm-60c">
         <name>_ZN10__cxxabiv117__class_type_infoD0Ev</name>
         <value>0x55de</value>
         <object_component_ref idref="oc-764"/>
      </symbol>
      <symbol id="sm-60d">
         <name>_ZN10__cxxabiv121__vmi_class_type_infoD0Ev</name>
         <value>0x55b2</value>
         <object_component_ref idref="oc-6f5"/>
      </symbol>
      <symbol id="sm-60e">
         <name>_ZTVN10__cxxabiv120__si_class_type_infoE</name>
         <value>0x5ac8</value>
         <object_component_ref idref="oc-68b"/>
      </symbol>
      <symbol id="sm-60f">
         <name>_ZN10__cxxabiv120__si_class_type_infoD0Ev</name>
         <value>0x559c</value>
         <object_component_ref idref="oc-717"/>
      </symbol>
      <symbol id="sm-635">
         <name>_ZTSSt9type_info</name>
         <value>0x5b04</value>
         <object_component_ref idref="oc-785"/>
      </symbol>
      <symbol id="sm-636">
         <name>_ZNSt9type_infoD2Ev</name>
         <value>0x56da</value>
         <object_component_ref idref="oc-736"/>
      </symbol>
      <symbol id="sm-637">
         <name>_ZNSt9type_infoD1Ev</name>
         <value>0x56da</value>
         <object_component_ref idref="oc-736"/>
      </symbol>
      <symbol id="sm-638">
         <name>_ZTISt9type_info</name>
         <value>0x5b4c</value>
         <object_component_ref idref="oc-770"/>
      </symbol>
      <symbol id="sm-663">
         <name>_Znwj</name>
         <value>0x54ea</value>
         <object_component_ref idref="oc-4b8"/>
      </symbol>
      <symbol id="sm-664">
         <name>_ZdlPv</name>
         <value>0x56a4</value>
         <object_component_ref idref="oc-77b"/>
      </symbol>
      <symbol id="sm-665">
         <name>_ZdlPvj</name>
         <value>0x56ce</value>
         <object_component_ref idref="oc-742"/>
      </symbol>
      <symbol id="sm-686">
         <name>__TI_decompress_lzss</name>
         <value>0x4dfa</value>
         <object_component_ref idref="oc-76"/>
      </symbol>
      <symbol id="sm-697">
         <name>__TI_decompress_none</name>
         <value>0x5296</value>
         <object_component_ref idref="oc-7c"/>
      </symbol>
      <symbol id="sm-69a">
         <name>__TI_int30</name>
         <value>0xffcc</value>
         <object_component_ref idref="oc-82"/>
      </symbol>
      <symbol id="sm-6a2">
         <name>__TI_ISR_TRAP</name>
         <value>0x5cba</value>
         <object_component_ref idref="oc-3d0"/>
      </symbol>
      <symbol id="sm-6a5">
         <name>__TI_int31</name>
         <value>0xffce</value>
         <object_component_ref idref="oc-83"/>
      </symbol>
      <symbol id="sm-6a8">
         <name>__TI_int32</name>
         <value>0xffd0</value>
         <object_component_ref idref="oc-84"/>
      </symbol>
      <symbol id="sm-6ab">
         <name>__TI_int33</name>
         <value>0xffd2</value>
         <object_component_ref idref="oc-85"/>
      </symbol>
      <symbol id="sm-6ae">
         <name>__TI_int34</name>
         <value>0xffd4</value>
         <object_component_ref idref="oc-86"/>
      </symbol>
      <symbol id="sm-6b1">
         <name>__TI_int35</name>
         <value>0xffd6</value>
         <object_component_ref idref="oc-87"/>
      </symbol>
      <symbol id="sm-6b4">
         <name>__TI_int36</name>
         <value>0xffd8</value>
         <object_component_ref idref="oc-88"/>
      </symbol>
      <symbol id="sm-6b7">
         <name>__TI_int37</name>
         <value>0xffda</value>
         <object_component_ref idref="oc-89"/>
      </symbol>
      <symbol id="sm-6ba">
         <name>__TI_int38</name>
         <value>0xffdc</value>
         <object_component_ref idref="oc-8a"/>
      </symbol>
      <symbol id="sm-6bd">
         <name>__TI_int39</name>
         <value>0xffde</value>
         <object_component_ref idref="oc-8b"/>
      </symbol>
      <symbol id="sm-6c0">
         <name>__TI_int40</name>
         <value>0xffe0</value>
         <object_component_ref idref="oc-8c"/>
      </symbol>
      <symbol id="sm-6c3">
         <name>__TI_int41</name>
         <value>0xffe2</value>
         <object_component_ref idref="oc-8d"/>
      </symbol>
      <symbol id="sm-6c6">
         <name>__TI_int42</name>
         <value>0xffe4</value>
         <object_component_ref idref="oc-8e"/>
      </symbol>
      <symbol id="sm-6c9">
         <name>__TI_int43</name>
         <value>0xffe6</value>
         <object_component_ref idref="oc-8f"/>
      </symbol>
      <symbol id="sm-6cc">
         <name>__TI_int44</name>
         <value>0xffe8</value>
         <object_component_ref idref="oc-90"/>
      </symbol>
      <symbol id="sm-6cf">
         <name>__TI_int45</name>
         <value>0xffea</value>
         <object_component_ref idref="oc-91"/>
      </symbol>
      <symbol id="sm-6d2">
         <name>__TI_int47</name>
         <value>0xffee</value>
         <object_component_ref idref="oc-93"/>
      </symbol>
      <symbol id="sm-6d5">
         <name>__TI_int49</name>
         <value>0xfff2</value>
         <object_component_ref idref="oc-95"/>
      </symbol>
      <symbol id="sm-6d8">
         <name>__TI_int50</name>
         <value>0xfff4</value>
         <object_component_ref idref="oc-96"/>
      </symbol>
      <symbol id="sm-6db">
         <name>__TI_int51</name>
         <value>0xfff6</value>
         <object_component_ref idref="oc-97"/>
      </symbol>
      <symbol id="sm-6de">
         <name>__TI_int52</name>
         <value>0xfff8</value>
         <object_component_ref idref="oc-98"/>
      </symbol>
      <symbol id="sm-6e1">
         <name>__TI_int53</name>
         <value>0xfffa</value>
         <object_component_ref idref="oc-99"/>
      </symbol>
      <symbol id="sm-6e4">
         <name>__TI_int54</name>
         <value>0xfffc</value>
         <object_component_ref idref="oc-9a"/>
      </symbol>
      <symbol id="sm-6f4">
         <name>__TI_zero_init_nomemset</name>
         <value>0x5258</value>
         <object_component_ref idref="oc-3e1"/>
      </symbol>
      <symbol id="sm-6fd">
         <name>__cxa_pure_virtual</name>
         <value>0x56b8</value>
         <object_component_ref idref="oc-706"/>
      </symbol>
      <symbol id="sm-706">
         <name>__abort_execution</name>
         <value>0x56d2</value>
         <object_component_ref idref="oc-750"/>
      </symbol>
      <symbol id="sm-711">
         <name>__memcpy_far</name>
         <value>0x51da</value>
         <object_component_ref idref="oc-3c4"/>
      </symbol>
      <symbol id="sm-720">
         <name>__mspabi_remu</name>
         <value>0x55c8</value>
         <object_component_ref idref="oc-727"/>
      </symbol>
      <symbol id="sm-721">
         <name>__mspabi_divu</name>
         <value>0x55c8</value>
         <object_component_ref idref="oc-727"/>
      </symbol>
      <symbol id="sm-731">
         <name>_c_int00_noargs_mpu</name>
         <value>0x5c9a</value>
         <object_component_ref idref="oc-40b"/>
      </symbol>
      <symbol id="sm-732">
         <name>_stack</name>
         <value>0x2360</value>
         <object_component_ref idref="oc-3b2"/>
      </symbol>
      <symbol id="sm-733">
         <name>_reset_vector</name>
         <value>0xfffe</value>
         <object_component_ref idref="oc-3b5"/>
      </symbol>
      <symbol id="sm-73c">
         <name>__mpu_init</name>
         <value>0x5472</value>
         <object_component_ref idref="oc-459"/>
      </symbol>
      <symbol id="sm-762">
         <name>__TI_auto_init_nobinit_hold_wdt</name>
         <value>0x5066</value>
         <object_component_ref idref="oc-4ff"/>
      </symbol>
      <symbol id="sm-76b">
         <name>_system_post_cinit</name>
         <value>0x56de</value>
         <object_component_ref idref="oc-590"/>
      </symbol>
      <symbol id="sm-774">
         <name>_system_pre_init</name>
         <value>0x56d6</value>
         <object_component_ref idref="oc-441"/>
      </symbol>
      <symbol id="sm-77e">
         <name>C$$EXIT</name>
         <value>0x56c8</value>
         <object_component_ref idref="oc-4d5"/>
      </symbol>
      <symbol id="sm-77f">
         <name>abort</name>
         <value>0x56c8</value>
         <object_component_ref idref="oc-4d5"/>
      </symbol>
      <symbol id="sm-796">
         <name>_nop</name>
         <value>0x56dc</value>
         <object_component_ref idref="oc-631"/>
      </symbol>
      <symbol id="sm-797">
         <name>_lock</name>
         <value>0x1d4a</value>
         <object_component_ref idref="oc-582"/>
      </symbol>
      <symbol id="sm-798">
         <name>_unlock</name>
         <value>0x1d4e</value>
         <object_component_ref idref="oc-58b"/>
      </symbol>
      <symbol id="sm-81d">
         <name>_sys_memory</name>
         <value>0x4400</value>
         <object_component_ref idref="oc-3b6"/>
      </symbol>
      <symbol id="sm-81e">
         <name>free</name>
         <value>0x4ee8</value>
         <object_component_ref idref="oc-796"/>
      </symbol>
      <symbol id="sm-81f">
         <name>memalign</name>
         <value>0x4d0a</value>
         <object_component_ref idref="oc-5c6"/>
      </symbol>
      <symbol id="sm-820">
         <name>malloc</name>
         <value>0x56c0</value>
         <object_component_ref idref="oc-52b"/>
      </symbol>
      <symbol id="sm-821">
         <name>aligned_alloc</name>
         <value>0x4d0a</value>
         <object_component_ref idref="oc-5c6"/>
      </symbol>
      <symbol id="sm-82f">
         <name>memcpy</name>
         <value>0x5618</value>
         <object_component_ref idref="oc-54e"/>
      </symbol>
      <symbol id="sm-83d">
         <name>strlen</name>
         <value>0x568c</value>
         <object_component_ref idref="oc-4ce"/>
      </symbol>
      <symbol id="sm-842">
         <name>_ZTI13IrLAP_primary</name>
         <value>0x0</value>
      </symbol>
      <symbol id="sm-843">
         <name>_ZTV13IrLAP_primary</name>
         <value>0x0</value>
      </symbol>
      <symbol id="sm-844">
         <name>_ZSt17__throw_bad_allocv</name>
         <value>0x56c8</value>
      </symbol>
   </symbol_table>
   <title>Link errors: red sections failed placement</title>
</link_info>
